
 Start         Length     Name                   Class
 0001:00000000 000681E8H .text                   CODE
 0002:00000000 00001224H .data                   DATA
 0002:00001224 00000BE5H .bss                    BSS


Detailed map of segments

 0001:00000000 0000523F C=CODE     S=.text    G=(none)   M=System   ACBP=A9
 0001:00005240 00000140 C=CODE     S=.text    G=(none)   M=SysInit  ACBP=A9
 0001:00005380 000000D4 C=CODE     S=.text    G=(none)   M=Types    ACBP=A9
 0001:00005454 00000CD0 C=CODE     S=.text    G=(none)   M=Windows  ACBP=A9
 0001:00006124 00000038 C=CODE     S=.text    G=(none)   M=Messages ACBP=A9
 0001:0000615C 00000320 C=CODE     S=.text    G=(none)   M=SysConst ACBP=A9
 0001:0000647C 00007488 C=CODE     S=.text    G=(none)   M=SysUtils ACBP=A9
 0001:0000D904 00000887 C=CODE     S=.text    G=(none)   M=VarUtils ACBP=A9
 0001:0000E18C 00002A42 C=CODE     S=.text    G=(none)   M=Variants ACBP=A9
 0001:00010BD0 00000120 C=CODE     S=.text    G=(none)   M=RTLConsts ACBP=A9
 0001:00010CF0 00000908 C=CODE     S=.text    G=(none)   M=TypInfo  ACBP=A9
 0001:000115F8 00000038 C=CODE     S=.text    G=(none)   M=ActiveX  ACBP=A9
 0001:00011630 0000B476 C=CODE     S=.text    G=(none)   M=Classes  ACBP=A9
 0001:0001CAA8 00000298 C=CODE     S=.text    G=(none)   M=Consts   ACBP=A9
 0001:0001CD40 000086C3 C=CODE     S=.text    G=(none)   M=Graphics ACBP=A9
 0001:00025404 00000090 C=CODE     S=.text    G=(none)   M=Math     ACBP=A9
 0001:00025494 00000378 C=CODE     S=.text    G=(none)   M=Contnrs  ACBP=A9
 0001:0002580C 00000110 C=CODE     S=.text    G=(none)   M=CommCtrl ACBP=A9
 0001:0002591C 0000087F C=CODE     S=.text    G=(none)   M=MultiMon ACBP=A9
 0001:0002619C 00000038 C=CODE     S=.text    G=(none)   M=Imm      ACBP=A9
 0001:000261D4 00001210 C=CODE     S=.text    G=(none)   M=HelpIntfs ACBP=A9
 0001:000273E4 00000038 C=CODE     S=.text    G=(none)   M=WinSpool ACBP=A9
 0001:0002741C 00000048 C=CODE     S=.text    G=(none)   M=Printers ACBP=A9
 0001:00027464 0000036B C=CODE     S=.text    G=(none)   M=FlatSB   ACBP=A9
 0001:000277D0 00000204 C=CODE     S=.text    G=(none)   M=SyncObjs ACBP=A9
 0001:000279D4 00000A63 C=CODE     S=.text    G=(none)   M=UxTheme  ACBP=A9
 0001:00028438 00000038 C=CODE     S=.text    G=(none)   M=RichEdit ACBP=A9
 0001:00028470 00000038 C=CODE     S=.text    G=(none)   M=ToolWin  ACBP=A9
 0001:000284A8 00000038 C=CODE     S=.text    G=(none)   M=ShellAPI ACBP=A9
 0001:000284E0 00000038 C=CODE     S=.text    G=(none)   M=RegStr   ACBP=A9
 0001:00028518 00000038 C=CODE     S=.text    G=(none)   M=WinInet  ACBP=A9
 0001:00028550 00000038 C=CODE     S=.text    G=(none)   M=UrlMon   ACBP=A9
 0001:00028588 00000038 C=CODE     S=.text    G=(none)   M=ShlObj   ACBP=A9
 0001:000285C0 00000038 C=CODE     S=.text    G=(none)   M=CommDlg  ACBP=A9
 0001:000285F8 00000038 C=CODE     S=.text    G=(none)   M=Dlgs     ACBP=A9
 0001:00028630 00000749 C=CODE     S=.text    G=(none)   M=Dialogs  ACBP=A9
 0001:00028D7C 00000702 C=CODE     S=.text    G=(none)   M=ExtCtrls ACBP=A9
 0001:00029480 00000038 C=CODE     S=.text    G=(none)   M=ComStrs  ACBP=A9
 0001:000294B8 00000098 C=CODE     S=.text    G=(none)   M=Clipbrd  ACBP=A9
 0001:00029550 00000038 C=CODE     S=.text    G=(none)   M=StrUtils ACBP=A9
 0001:00029588 00000101 C=CODE     S=.text    G=(none)   M=Buttons  ACBP=A9
 0001:0002968C 00000038 C=CODE     S=.text    G=(none)   M=ExtDlgs  ACBP=A9
 0001:000296C4 00000068 C=CODE     S=.text    G=(none)   M=IniFiles ACBP=A9
 0001:0002972C 00000068 C=CODE     S=.text    G=(none)   M=Registry ACBP=A9
 0001:00029794 00000070 C=CODE     S=.text    G=(none)   M=Mapi     ACBP=A9
 0001:00029804 0000005C C=CODE     S=.text    G=(none)   M=ExtActns ACBP=A9
 0001:00029860 00000038 C=CODE     S=.text    G=(none)   M=ListActns ACBP=A9
 0001:00029898 000001C0 C=CODE     S=.text    G=(none)   M=ComCtrls ACBP=A9
 0001:00029A58 00000BE8 C=CODE     S=.text    G=(none)   M=Themes   ACBP=A9
 0001:0002A640 00003414 C=CODE     S=.text    G=(none)   M=StdCtrls ACBP=A9
 0001:0002DA54 0000017C C=CODE     S=.text    G=(none)   M=StdActns ACBP=A9
 0001:0002DBD0 00000EAF C=CODE     S=.text    G=(none)   M=WinHelpViewer ACBP=A9
 0001:0002EA80 00014A8B C=CODE     S=.text    G=(none)   M=Controls ACBP=A9
 0001:0004350C 0000190A C=CODE     S=.text    G=(none)   M=ActnList ACBP=A9
 0001:00044E18 00001AF0 C=CODE     S=.text    G=(none)   M=ImgList  ACBP=A9
 0001:00046908 000079FD C=CODE     S=.text    G=(none)   M=Menus    ACBP=A9
 0001:0004E308 0000EA60 C=CODE     S=.text    G=(none)   M=Forms    ACBP=A9
 0001:0005CD68 00000068 C=CODE     S=.text    G=(none)   M=PPSDK    ACBP=A9
 0001:0005CDD0 00000040 C=CODE     S=.text    G=(none)   M=WinSock  ACBP=A9
 0001:0005CE10 0000A064 C=CODE     S=.text    G=(none)   M=superobject ACBP=A9
 0001:00066E74 0000110C C=CODE     S=.text    G=(none)   M=PPDemo_Unt ACBP=A9
 0001:00067F80 00000265 C=CODE     S=.text    G=(none)   M=D7_PP    ACBP=A9
 0002:00000000 000000A4 C=DATA     S=.data    G=DGROUP   M=System   ACBP=A9
 0002:000000A4 00000020 C=DATA     S=.data    G=DGROUP   M=SysInit  ACBP=A9
 0002:000000C4 00000254 C=DATA     S=.data    G=DGROUP   M=SysUtils ACBP=A9
 0002:00000318 00000008 C=DATA     S=.data    G=DGROUP   M=VarUtils ACBP=A9
 0002:00000320 0000008E C=DATA     S=.data    G=DGROUP   M=Variants ACBP=A9
 0002:000003B0 0000000C C=DATA     S=.data    G=DGROUP   M=TypInfo  ACBP=A9
 0002:000003BC 00000064 C=DATA     S=.data    G=DGROUP   M=Classes  ACBP=A9
 0002:00000420 00000304 C=DATA     S=.data    G=DGROUP   M=Graphics ACBP=A9
 0002:00000724 00000004 C=DATA     S=.data    G=DGROUP   M=Printers ACBP=A9
 0002:00000728 00000074 C=DATA     S=.data    G=DGROUP   M=Dialogs  ACBP=A9
 0002:0000079C 00000178 C=DATA     S=.data    G=DGROUP   M=ExtCtrls ACBP=A9
 0002:00000914 0000002C C=DATA     S=.data    G=DGROUP   M=Buttons  ACBP=A9
 0002:00000940 00000008 C=DATA     S=.data    G=DGROUP   M=IniFiles ACBP=A9
 0002:00000948 00000008 C=DATA     S=.data    G=DGROUP   M=Registry ACBP=A9
 0002:00000950 00000008 C=DATA     S=.data    G=DGROUP   M=Mapi     ACBP=A9
 0002:00000958 00000018 C=DATA     S=.data    G=DGROUP   M=ComCtrls ACBP=A9
 0002:00000970 00000068 C=DATA     S=.data    G=DGROUP   M=Themes   ACBP=A9
 0002:000009D8 00000070 C=DATA     S=.data    G=DGROUP   M=StdCtrls ACBP=A9
 0002:00000A48 0000013C C=DATA     S=.data    G=DGROUP   M=Controls ACBP=A9
 0002:00000B84 00000020 C=DATA     S=.data    G=DGROUP   M=ImgList  ACBP=A9
 0002:00000BA4 000000EC C=DATA     S=.data    G=DGROUP   M=Menus    ACBP=A9
 0002:00000C90 0000011C C=DATA     S=.data    G=DGROUP   M=Forms    ACBP=A9
 0002:00000DAC 00000078 C=DATA     S=.data    G=DGROUP   M=superobject ACBP=A9
 0002:00002000 00000660 C=BSS      S=.bss     G=DGROUP   M=System   ACBP=A9
 0002:00002660 00000010 C=BSS      S=.bss     G=DGROUP   M=SysInit  ACBP=A9
 0002:00002670 00000004 C=BSS      S=.bss     G=DGROUP   M=Types    ACBP=A9
 0002:00002674 00000004 C=BSS      S=.bss     G=DGROUP   M=Windows  ACBP=A9
 0002:00002678 00000004 C=BSS      S=.bss     G=DGROUP   M=Messages ACBP=A9
 0002:0000267C 00000004 C=BSS      S=.bss     G=DGROUP   M=SysConst ACBP=A9
 0002:00002680 00000120 C=BSS      S=.bss     G=DGROUP   M=SysUtils ACBP=A9
 0002:000027A0 0000005C C=BSS      S=.bss     G=DGROUP   M=VarUtils ACBP=A9
 0002:000027FC 00000040 C=BSS      S=.bss     G=DGROUP   M=Variants ACBP=A9
 0002:0000283C 00000004 C=BSS      S=.bss     G=DGROUP   M=RTLConsts ACBP=A9
 0002:00002840 00000004 C=BSS      S=.bss     G=DGROUP   M=TypInfo  ACBP=A9
 0002:00002844 00000004 C=BSS      S=.bss     G=DGROUP   M=ActiveX  ACBP=A9
 0002:00002848 00000040 C=BSS      S=.bss     G=DGROUP   M=Classes  ACBP=A9
 0002:00002888 00000004 C=BSS      S=.bss     G=DGROUP   M=Consts   ACBP=A9
 0002:0000288C 00000060 C=BSS      S=.bss     G=DGROUP   M=Graphics ACBP=A9
 0002:000028EC 00000004 C=BSS      S=.bss     G=DGROUP   M=Math     ACBP=A9
 0002:000028F0 00000004 C=BSS      S=.bss     G=DGROUP   M=Contnrs  ACBP=A9
 0002:000028F4 00000004 C=BSS      S=.bss     G=DGROUP   M=CommCtrl ACBP=A9
 0002:000028F8 00000031 C=BSS      S=.bss     G=DGROUP   M=MultiMon ACBP=A9
 0002:0000292C 00000004 C=BSS      S=.bss     G=DGROUP   M=Imm      ACBP=A9
 0002:00002930 00000008 C=BSS      S=.bss     G=DGROUP   M=HelpIntfs ACBP=A9
 0002:00002938 00000004 C=BSS      S=.bss     G=DGROUP   M=WinSpool ACBP=A9
 0002:0000293C 00000004 C=BSS      S=.bss     G=DGROUP   M=Printers ACBP=A9
 0002:00002940 00000034 C=BSS      S=.bss     G=DGROUP   M=FlatSB   ACBP=A9
 0002:00002974 00000004 C=BSS      S=.bss     G=DGROUP   M=SyncObjs ACBP=A9
 0002:00002978 000000CC C=BSS      S=.bss     G=DGROUP   M=UxTheme  ACBP=A9
 0002:00002A44 00000004 C=BSS      S=.bss     G=DGROUP   M=RichEdit ACBP=A9
 0002:00002A48 00000004 C=BSS      S=.bss     G=DGROUP   M=ToolWin  ACBP=A9
 0002:00002A4C 00000004 C=BSS      S=.bss     G=DGROUP   M=ShellAPI ACBP=A9
 0002:00002A50 00000004 C=BSS      S=.bss     G=DGROUP   M=RegStr   ACBP=A9
 0002:00002A54 00000004 C=BSS      S=.bss     G=DGROUP   M=WinInet  ACBP=A9
 0002:00002A58 00000004 C=BSS      S=.bss     G=DGROUP   M=UrlMon   ACBP=A9
 0002:00002A5C 00000004 C=BSS      S=.bss     G=DGROUP   M=ShlObj   ACBP=A9
 0002:00002A60 00000004 C=BSS      S=.bss     G=DGROUP   M=CommDlg  ACBP=A9
 0002:00002A64 00000004 C=BSS      S=.bss     G=DGROUP   M=Dlgs     ACBP=A9
 0002:00002A68 0000000C C=BSS      S=.bss     G=DGROUP   M=Dialogs  ACBP=A9
 0002:00002A74 00000004 C=BSS      S=.bss     G=DGROUP   M=ExtCtrls ACBP=A9
 0002:00002A78 00000004 C=BSS      S=.bss     G=DGROUP   M=ComStrs  ACBP=A9
 0002:00002A7C 0000000C C=BSS      S=.bss     G=DGROUP   M=Clipbrd  ACBP=A9
 0002:00002A88 00000004 C=BSS      S=.bss     G=DGROUP   M=StrUtils ACBP=A9
 0002:00002A8C 00000030 C=BSS      S=.bss     G=DGROUP   M=Buttons  ACBP=A9
 0002:00002ABC 00000004 C=BSS      S=.bss     G=DGROUP   M=ExtDlgs  ACBP=A9
 0002:00002AC0 00000004 C=BSS      S=.bss     G=DGROUP   M=IniFiles ACBP=A9
 0002:00002AC4 00000004 C=BSS      S=.bss     G=DGROUP   M=Registry ACBP=A9
 0002:00002AC8 00000004 C=BSS      S=.bss     G=DGROUP   M=Mapi     ACBP=A9
 0002:00002ACC 00000009 C=BSS      S=.bss     G=DGROUP   M=ExtActns ACBP=A9
 0002:00002AD8 00000004 C=BSS      S=.bss     G=DGROUP   M=ListActns ACBP=A9
 0002:00002ADC 00000010 C=BSS      S=.bss     G=DGROUP   M=ComCtrls ACBP=A9
 0002:00002AEC 00000008 C=BSS      S=.bss     G=DGROUP   M=Themes   ACBP=A9
 0002:00002AF4 00000004 C=BSS      S=.bss     G=DGROUP   M=StdCtrls ACBP=A9
 0002:00002AF8 00000004 C=BSS      S=.bss     G=DGROUP   M=StdActns ACBP=A9
 0002:00002AFC 00000014 C=BSS      S=.bss     G=DGROUP   M=WinHelpViewer ACBP=A9
 0002:00002B10 00000080 C=BSS      S=.bss     G=DGROUP   M=Controls ACBP=A9
 0002:00002B90 00000004 C=BSS      S=.bss     G=DGROUP   M=ActnList ACBP=A9
 0002:00002B94 0000000C C=BSS      S=.bss     G=DGROUP   M=ImgList  ACBP=A9
 0002:00002BA0 00000010 C=BSS      S=.bss     G=DGROUP   M=Menus    ACBP=A9
 0002:00002BB0 00000020 C=BSS      S=.bss     G=DGROUP   M=Forms    ACBP=A9
 0002:00002BD0 00000004 C=BSS      S=.bss     G=DGROUP   M=PPSDK    ACBP=A9
 0002:00002BD4 00000004 C=BSS      S=.bss     G=DGROUP   M=WinSock  ACBP=A9
 0002:00002BD8 00000004 C=BSS      S=.bss     G=DGROUP   M=superobject ACBP=A9
 0002:00002BDC 00000008 C=BSS      S=.bss     G=DGROUP   M=PPDemo_Unt ACBP=A9


  Address         Publics by Name

 0002:00002B04       .1
 0002:00002AC8       .1
 0002:00002678       .1
 0002:0000267C       .1
 0002:00002A88       .1
 0002:00002A78       .1
 0002:00002A64       .1
 0002:00002BD4       .1
 0002:00002A60       .1
 0002:00002BD0       .1
 0002:00002A5C       .1
 0002:0000283C       .1
 0002:00002A58       .1
 0002:00002670       .1
 0002:00002A54       .1
 0002:00002A50       .1
 0002:00002668       .1
 0002:00002A4C       .1
 0002:00002888       .1
 0002:00002A44       .1
 0002:00002A34       .1
 0002:00002960       .1
 0002:000028F4       .1
 0002:0000292C       .1
 0002:00002918       .1
 0002:00002A68       .11
 0002:00002A74       .12
 0002:00002890       .12
 0002:00002BE0       .2
 0002:000028EC       .2
 0002:00002A80       .2
 0002:00002930       .2
 0002:00002AEC       .2
 0002:000028F0       .21
 0002:00002B94       .3
 0002:00002674       .3
 0002:00002ABC       .3
 0002:0000293C       .3
 0002:00002938       .3
 0002:00002844       .3
 0002:00002790       .35
 0002:00002ADC       .36
 0002:00002A8C       .4
 0002:00002A48       .4
 0002:00002BB8       .41
 0002:00002AF4       .42
 0002:00002854       .45
 0002:000027F8       .5
 0002:000025B8       .5
 0002:00002AC4       .5
 0002:00002840       .6
 0002:00002974       .6
 0002:00002B18       .72
 0002:00002ACC       .72
 0002:00002AF8       .73
 0002:00002AC0       .8
 0002:00002B90       .8
 0002:00002AD8       .8
 0002:0000281C       .81
 0002:00002BD8       .81
 0002:00002BA8       .9
 0001:00001A88       @AbstractError
 0001:000026AC       @AfterConstruction
 0001:000024F8       @AsClass
 0001:00001BF0       @AStrCmp
 0001:000026BC       @BeforeDestruction
 0001:00002544       @CallDynaInst
 0001:00002654       @ClassCreate
 0001:000026A4       @ClassDestroy
 0001:00001AF8       @Close
 0001:00001864       @Copy
 0001:00003DF0       @CopyArray
 0001:00003CD4       @CopyRecord
 0001:00003EE4       @DispCallByIDError
 0001:0000EC2C       @DispInvokeError
 0001:00002B38       @DoneExcept
 0001:00004518       @DynArrayAsg
 0001:000044DC       @DynArrayClear
 0001:0000431C       @DynArrayHigh
 0001:00004314       @DynArrayLength
 0001:000044D0       @DynArraySetLength
 0001:00002C20       @ExceptionHandler
 0001:00001C60       @FillChar
 0001:00003CB0       @Finalize
 0001:00003BC4       @FinalizeArray
 0001:00003B78       @FinalizeRecord
 0001:00002284       @FpuInit
 0001:000021C0       @FpuMaskInit
 0001:000016EC       @FreeMem
 0001:000016CC       @GetMem
 0001:000052B8       @GetTls
 0001:00003068       @Halt
 0001:00002F90       @Halt0
 0001:000027D0       @HandleAnyException
 0001:00002A84       @HandleFinally
 0001:000028FC       @HandleOnException
 0001:00005304       @InitExe
 0001:00003AE4       @InitializeArray
 0001:00003AB4       @InitializeRecord
 0001:00002E54       @InitImports
 0001:00002E2C       @InitResStringImports
 0001:00002E08       @InitResStrings
 0001:00004BFC       @IntfAddRef
 0001:00004BCC       @IntfCast
 0001:00004B88       @IntfClear
 0001:00004BA0       @IntfCopy
 0001:000024D4       @IsClass
 0001:00002190       @isNECWindows
 0001:00003530       @LStrAddRef
 0001:000030A4       @LStrArrayClr
 0001:000030D4       @LStrAsg
 0001:00003348       @LStrCat
 0001:0000338C       @LStrCat3
 0001:00003400       @LStrCatN
 0001:00003080       @LStrClr
 0001:0000348C       @LStrCmp
 0001:000035A0       @LStrCopy
 0001:000035E0       @LStrDelete
 0001:000032F0       @LStrFromArray
 0001:00003268       @LStrFromChar
 0001:00003278       @LStrFromPChar
 0001:00003170       @LStrFromPCharLen
 0001:000032A8       @LStrFromPWChar
 0001:000031DC       @LStrFromPWCharLen
 0001:000032E4       @LStrFromString
 0001:00003308       @LStrFromWStr
 0001:00003628       @LStrInsert
 0001:00003118       @LStrLAsg
 0001:00003340       @LStrLen
 0001:00003684       @LStrPos
 0001:000036CC       @LStrSetLength
 0001:00003540       @LStrToPChar
 0001:0000331C       @LStrToString
 0001:00003144       @NewAnsiString
 0001:00003738       @NewWideString
 0001:00001EA4       @Pow10
 0001:00001B6C       @PStrCmp
 0001:00001B50       @PStrNCpy
 0001:00002AE4       @RaiseAgain
 0001:00002ABC       @RaiseExcept
 0001:0000170C       @ReallocMem
 0001:00001A7C       @ROUND
 0001:00003074       @RunError
 0001:00001D84       @SetEq
 0001:00001A54       @SetLength
 0001:00002DC8       @StartExe
 0001:000040C8       @Str0Int64
 0001:00004008       @StrInt64
 0001:000002AC       @strlen
 0001:00002B68       @TryFinallyExit
 0001:00003598       @UniqueStringA
 0001:00001D98       @ValExt
 0001:000040E4       @ValInt64
 0001:00001C80       @ValLong
 0001:00010324       @VarAddRef
 0001:0000EF18       @VarClear
 0001:0000EF2C       @VarClr
 0001:00003BAC       @VarClr
 0001:0000F240       @VarCopy
 0001:00003CBC       @VarCopy
 0001:0001025C       @VarFromBool
 0001:000102AC       @VarFromCurr
 0001:000101F4       @VarFromInt
 0001:00010230       @VarFromInt64
 0001:000102C0       @VarFromLStr
 0001:00010284       @VarFromReal
 0001:00010298       @VarFromTDateTime
 0001:000102EC       @VarFromWStr
 0001:0000EC80       @VarNull
 0001:0000F56C       @VarToLStr
 0001:0000FC94       @VarToWStr
 0001:00003A94       @WStrAddRef
 0001:00003778       @WStrArrayClr
 0001:0000379C       @WStrAsg
 0001:000038D8       @WStrCat
 0001:00003938       @WStrCatN
 0001:00003760       @WStrClr
 0001:00003980       @WStrCmp
 0001:00003A04       @WStrCopy
 0001:000038AC       @WStrFromLStr
 0001:000037C0       @WStrFromPCharLen
 0001:00003870       @WStrFromPWChar
 0001:0000384C       @WStrFromPWCharLen
 0001:000038CC       @WStrLen
 0001:00003A50       @WStrSetLength
 0001:000038BC       @WStrToPWChar
 0001:00001D60       @_CLenToPasStr
 0001:00001D54       @_CToPasStr
 0001:00001834       @_IOTest
 0001:00003F10       @_lldiv
 0001:00003F8C       @_llmod
 0001:00003EEC       @_llmul
 0001:000317B4       AbsMin
 0001:0000B800       AbstractErrorHandler
 0002:00002028       AbstractErrorProc
 0002:00000148       AccessMode
 0001:0000179C       AcquireExceptionObject
 0001:00013C64       ActivateClassGroup
 0001:00005900       ActivateKeyboardLayout
 0002:00002B4C       ActiveDrag
 0001:00011628       ActiveX
 0001:00044DE8       ActnList
 0001:000003D8       AddBlockAfter
 0002:000003BC       AddDataModule
 0001:000070F0       AddExitProc
 0001:00017AC4       AddFinished
 0001:0004881C       AddIn
 0001:00004A1C       AddModuleUnloadProc
 0001:00004A2C       AddModuleUnloadProc
 0001:00017B00       AddNotFinished
 0001:00018714       AddSubComponentsToLoaded
 0001:00020BC8       AdjustColor
 0001:00007448       AdjustLineBreaks
 0001:00050B40       Adjustment
 0001:00005908       AdjustWindowRectEx
 0002:00000A10       Alignments
 0002:00000C68       Alignments
 0002:00000C78       Alignments
 0001:0003878C       AlignWork
 0001:000595F0       AlignWork
 0001:0001C870       AllocateHWnd
 0001:00007084       AllocMem
 0002:000025B0       AllocMemCount
 0002:000025B4       AllocMemSize
 0001:000251EC       AllocPatternBitmap
 0001:00005260       AllocTlsBuffer
 0002:00000A54       AnchorAlign
 0002:00000A48       AnimateWindowProc
 0002:00000B50       AnimationStyle
 0001:000072E0       AnsiCompareStr
 0001:0000732C       AnsiCompareText
 0001:00007C2C       AnsiLastChar
 0001:00005910       AnsiLower
 0001:0000C308       AnsiPos
 0001:0004E108       AnsiSameCaption
 0001:00007378       AnsiSameText
 0001:0000739C       AnsiStrLIComp
 0001:0000C354       AnsiStrPos
 0001:0000C42C       AnsiStrRScan
 0001:0000C47C       AnsiStrScan
 0001:00004FFC       AnsiToUtf8
 0001:000093C0       AppendChars
 0001:000097E0       AppendFormat
 0001:00009444       AppendNumber
 0001:00009420       AppendString
 0002:00002BB0       Application
 0002:000003CC       ApplicationHandleException
 0002:000003D4       ApplicationShowException
 0002:00000DA4       AppVisible
 0001:0000B7C8       AssertErrorHandler
 0002:00002020       AssertErrorProc
 0001:00010FCC       AssignLongStr
 0001:00011434       AssignVariant
 0002:00002608       avail
 0001:00007DB0       BackfillGetDiskFreeSpaceEx
 0001:00035100       BackgroundClipped
 0001:0000DBDC       BackupVarBoolFromStr
 0001:0000DD58       BackupVarBStrFromBool
 0001:0000DC60       BackupVarBStrFromCy
 0001:0000DCDC       BackupVarBStrFromDate
 0001:0000DB68       BackupVarCyFromStr
 0001:0000DAF4       BackupVarDateFromStr
 0001:0000D998       BackupVarI4FromStr
 0001:0000D924       BackupVariantChangeTypeEx
 0001:0000DA0C       BackupVarR4FromStr
 0001:0000DA80       BackupVarR8FromStr
 0001:00014090       BeginGlobalLoading
 0001:00005918       BeginPaint
 0001:00020BF0       BetterSize
 0001:000497B4       BiDiDraw
 0001:00005750       BitBlt
 0002:00000914       BitBtnCaptions
 0002:00002A90       BitBtnGlyphs
 0002:000006D8       BitmapCanvasList
 0002:000028A8       BitmapImageLock
 0001:0000D970       BiUnimplemented
 0002:000003F4       BlockCode
 0002:000025E0       blockDescBlockList
 0002:000025E4       blockDescFreeList
 0002:000003B0       BooleanIdents
 0002:0000032C       BooleanToStringRule
 0001:00007A4C       BoolToStr
 0001:0000F2F4       BoolToWStrViaOS
 0002:000009D8       BorderStyles
 0001:00012CCC       Bounds
 0001:000053DC       Bounds
 0002:00000C10       Breaks
 0002:000028E0       BrushManager
 0001:0004C93C       BuildImage
 0002:00000770       ButtonCaptions
 0002:00000744       ButtonNames
 0002:00000C8C       Buttons
 0001:00029664       Buttons
 0002:00000A40       ButtonStyles
 0001:00020264       BytesPerScanline
 0001:00020690       ByteSwapColors
 0001:0000BFEC       ByteToCharIndex
 0001:0000BFB0       ByteToCharLen
 0001:0000BF4C       ByteType
 0001:0000BEA0       ByteTypeTest
 0002:00002B98       CachedComCtrlVer
 0001:0001C738       CalcJmpOffset
 0001:00042610       CalcSplitterPos
 0001:00005920       CallNextHookEx
 0001:0000CC08       CallTerminateProcs
 0001:00005928       CallWindowProc
 0001:00032A80       CancelDrag
 0002:000028E4       CanvasList
 0002:00002B60       CanvasList
 0002:00000730       Captions
 0002:00000B0C       CaptureControl
 0002:00000BB0       cBooleanToItemAutoFlag
 0002:00002A7E       CF_COMPONENT
 0002:00002A7C       CF_PICTURE
 0002:00002814       ChangeAnyProc
 0002:000009F0       CharCases
 0001:000031A0       CharFromWChar
 0001:0000C264       CharLength
 0001:0000022C       CharNext
 0001:00005930       CharNext
 0001:0001E630       CharsetToIdent
 0001:0000C128       CharToByteIndex
 0001:0000C1A0       CharToByteLen
 0001:00005938       CharToOemA
 0001:000212AC       CheckBool
 0001:00063158       CheckEnum
 0001:0000274C       CheckJmp
 0001:000632E4       CheckLength
 0001:00005940       CheckMenuItem
 0001:0006356C       CheckRange
 0002:00000C00       Checks
 0001:00018760       CheckSubComponents
 0001:0001ADE4       CheckSynchronize
 0001:00050410       CheckTaskWindow
 0001:00032704       CheckUndock
 0001:0000BD74       CheckWin32Version
 0002:00000330       CInvalidCustomVariantType
 0002:00000BB4       cItemAutoFlagToBoolean
 0002:00000BAC       cItemAutoFlagToMenu
 0001:0001CA14       Classes
 0001:00013A00       ClassNotFound
 0002:00002810       ClearAnyProc
 0001:0001DE10       ClearColor
 0001:00010660       ClearVariantTypeList
 0001:00005948       ClientToScreen
 0001:0003EFB4       ClientToWindow
 0002:000006D0       ClipboardFormats
 0001:000294F4       Clipbrd
 0001:00005538       CloseHandle
 0002:0000297C       CloseThemeData
 0002:0000203C       CmdLine
 0002:00002038       CmdShow
 0002:00000BA8       cMenuAutoFlagToItem
 0001:0000D984       CmpUnimplemented
 0002:00000450       Colors
 0001:0001E3C8       ColorToIdent
 0002:0000079C       ColorToPretyName
 0001:0001E398       ColorToRGB
 0002:00002AE8       ComCtlVersion
 0001:00029A4C       ComCtrls
 0002:00002BAC       CommandPool
 0001:00025914       CommCtrl
 0001:000285F0       CommDlg
 0001:000006B8       Commit
 0002:00002624       committedRoot
 0001:00047B80       CompareFront
 0001:00007248       CompareMem
 0001:00007218       CompareStr
 0001:00005540       CompareString
 0001:00007268       CompareText
 0001:00007950       CompareWith
 0001:00018870       ComponentCreated
 0001:000294B0       ComStrs
 0001:0001CD38       Consts
 0001:00025804       Contnrs
 0002:00002B1E       ControlAtom
 0002:00002B24       ControlAtomString
 0001:00056520       ControlHasHelp
 0001:0004347C       Controls
 0001:0000B148       ConvertAddr
 0001:00009544       ConvertEraString
 0001:00007034       ConvertError
 0001:00007054       ConvertErrorFmt
 0001:000096C8       ConvertYearString
 0001:00004324       CopyArray
 0001:00021FA4       CopyBitmap
 0001:0002268C       CopyBitmapAsMask
 0001:00022614       CopyPalette
 0002:00000974       Copyright
 0001:0004B6AC       CopyToBest
 0001:0000C070       CountChars
 0002:000028C0       CounterLock
 0002:00000334       CRangeToType
 0001:0000B700       CreateAssertException
 0001:0000B8FC       CreateAVObject
 0001:00005758       CreateBitmap
 0001:00005760       CreateBrushIndirect
 0001:00005768       CreateCompatibleBitmap
 0001:00005770       CreateCompatibleDC
 0001:00018904       CreateComponent
 0001:00005780       CreateDIBitmap
 0001:00005778       CreateDIBSection
 0001:00005548       CreateEvent
 0001:00005550       CreateFile
 0001:00005788       CreateFontIndirect
 0001:00005790       CreateHalftonePalette
 0001:00005950       CreateIcon
 0001:0000B5EC       CreateInOutError
 0001:00005958       CreateMenu
 0001:00005798       CreatePalette
 0001:000057A0       CreatePenIndirect
 0001:00005960       CreatePopupMenu
 0001:000057A8       CreateSolidBrush
 0001:000206E8       CreateSystemPalette
 0001:00005558       CreateThread
 0001:00005F78       CreateWindow
 0001:00005F14       CreateWindowEx
 0002:00000A4C       CreationControl
 0002:00000728       CreationControl
 0002:0000039C       CRelationshipToBoolean
 0002:00000318       CResult
 0002:00000140       cSimpleBoolStrs
 0002:00000348       CText
 0002:00000B48       Ctl3DStyles
 0002:0000261C       curAlloc
 0002:00002688       CurrencyDecimals
 0002:00002684       CurrencyFormat
 0002:00002680       CurrencyString
 0001:000093A0       CurrentYear
 0001:0005DB78       CurrToJson
 0001:00008DA0       CurrToStr
 0001:0000F284       CurrToWStrViaOS
 0002:00000D28       CursorMap
 0002:00000A5C       Cursors
 0001:00030DB8       CursorToIdent
 0002:00000D18       cUseAlpha
 0002:00000D20       cUseColorKey
 0001:00007698       CvtInt
 0001:00007704       CvtInt64
 0002:00000180       CWNear
 0001:000681A0       D7_PP
 0002:00002689       DateSeparator
 0001:0000A054       DateTimeToStr
 0001:00009FE8       DateTimeToString
 0001:00008E90       DateTimeToTimeStamp
 0001:0000F2BC       DateToWStrViaOS
 0001:00009328       DayOfWeek
 0002:0000017C       DCon10
 0002:0000044C       DDBsOnly
 0001:0001C92C       DeallocateHWnd
 0002:00000028       DebugHook
 0002:00002687       DecimalSeparator
 0001:000092F8       DecodeDate
 0001:0000917C       DecodeDateFully
 0001:00008F98       DecodeTime
 0001:0000074C       Decommit
 0001:00000D68       DecommitFree
 0002:000025F8       decommittedRoot
 0001:0005A4B0       Default
 0001:000537C8       Default
 0002:00000020       Default8087CW
 0002:00000A50       DefaultDockTreeClass
 0002:000025BC       DefaultUserCodePage
 0002:000006A0       DefBrushData
 0002:00000420       DefFontData
 0001:00005968       DefFrameProc
 0002:0000020C       DefLongDayNames
 0002:000001C0       DefLongMonthNames
 0001:00005970       DefMDIChildProc
 0002:00000680       DefPenData
 0002:000001F0       DefShortDayNames
 0002:00000190       DefShortMonthNames
 0001:00005978       DefWindowProc
 0001:00004570       DelayLoadResourceModule
 0001:00000408       DeleteBlock
 0001:00005560       DeleteCriticalSection
 0001:00000378       DeleteCriticalSection
 0001:000057B0       DeleteDC
 0001:00000BB0       DeleteFree
 0001:00005980       DeleteMenu
 0001:000057B8       DeleteObject
 0001:00021A44       DeselectBitmap
 0001:00005988       DestroyCursor
 0001:00005990       DestroyIcon
 0001:00029588       DestroyLocals
 0001:00005998       DestroyMenu
 0001:000059A0       DestroyWindow
 0001:0002E6AC       DialogEnumerationTester
 0001:00028D38       Dialogs
 0002:000006DC       DIBPalSizes
 0002:00000094       dig
 0001:000501FC       DisableTaskWindows
 0001:000059A8       DispatchMessage
 0001:00057B28       DispatchShortCut
 0002:00002000       DispCallByIDProc
 0001:00007018       DivMod
 0001:00028628       Dlgs
 0001:000385F0       DoAlign
 0001:00059474       DoAlign
 0001:0003DA78       DoCalcConstraints
 0002:00002B54       DockSiteList
 0001:0004C5B0       DoClick
 0001:0003A2F4       DoControlMsg
 0001:0005018C       DoDisableWindow
 0001:00031F28       DoDragOver
 0001:0005E14C       DoEscape
 0001:000070AC       DoExitProc
 0001:0004011C       DoFindControlZone
 0001:00050308       DoFindWindow
 0001:00040934       DoFindZone
 0001:000401C0       DoForEach
 0001:000421A8       DoGetNextLimit
 0001:0005E46C       DoMinimalEscape
 0001:00050150       DoneApplication
 0001:000431BC       DoneControls
 0001:0000BC70       DoneExceptions
 0001:000558CC       DoNestedActivation
 0001:0001AD94       DoneThreadSynchronization
 0001:00059270       DoPosition
 0001:000381A0       DoPosition
 0001:000414DC       DoPrune
 0001:00041B84       DoSaveZone
 0001:00041DC0       DoSetNewBounds
 0002:000003B8       DotSep
 0001:00046104       DoWrite
 0001:00015310       DoWrite
 0001:00021554       DoWrite
 0001:00039644       DoWriteDesignSize
 0001:00036708       DoWriteIsControl
 0002:00002B38       DragCapture
 0002:00002B2C       DragControl
 0001:00032784       DragDone
 0001:00031EBC       DragFindTarget
 0001:00031E78       DragFindWindow
 0002:00002B50       DragImageList
 0001:00032378       DragInit
 0001:00032520       DragInitControl
 0002:00002B34       DragInternalObject
 0001:00031D98       DragMessage
 0002:00002B30       DragObject
 0002:00002B5C       DragSave
 0002:00002B44       DragSaveCursor
 0002:00002B3C       DragStartPos
 0002:00002B48       DragThreshold
 0001:00032048       DragTo
 0001:0005A4EC       DrawAppIcon
 0001:00040FA8       DrawCloseButton
 0001:000059B0       DrawEdge
 0001:000059B8       DrawFrameControl
 0001:00041000       DrawGrabberLine
 0001:000059C0       DrawIcon
 0001:000059C8       DrawIconEx
 0002:00000B84       DrawingStyles
 0001:000059D0       DrawMenuBar
 0001:0004DE9C       DrawMenuItem
 0001:000059D8       DrawText
 0002:00002980       DrawThemeBackground
 0002:000029A4       DrawThemeEdge
 0002:000029A8       DrawThemeIcon
 0002:00002A2C       DrawThemeParentBackground
 0002:00002984       DrawThemeText
 0001:000200BC       DupBits
 0001:0000433C       DynArrayClear
 0001:00004344       DynArraySetLength
 0002:00000C70       EdgeStyle
 0002:00000B38       EdgeStyles
 0001:0000B5B0       EHeapException.FreeInstance
 0002:00000A0C       Empty
 0002:000027FC       EmptyParam
 0002:000000C4       EmptyStr
 0002:000000C8       EmptyWideStr
 0001:000059E0       EnableMenuItem
 0002:00000C08       Enables
 0001:000059E8       EnableScrollBar
 0001:000502B4       EnableTaskWindows
 0002:00002A14       EnableThemeDialogTexture
 0002:00002A30       EnableTheming
 0001:000059F0       EnableWindow
 0001:00009140       EncodeDate
 0001:00008F54       EncodeTime
 0001:00014140       EndGlobalLoading
 0001:000059F8       EndPaint
 0002:00000E1C       ENDSTR_A
 0002:00000E20       ENDSTR_B
 0001:00005568       EnterCriticalSection
 0001:00000368       EnterCriticalSection
 0001:00005570       EnumCalendarInfoA
 0002:00002914       EnumDisplayMonitors
 0001:0000AD08       EnumEraNames
 0001:0000AD54       EnumEraYearOffsets
 0001:00053ED8       EnumMonitorsProc
 0001:00005A00       EnumThreadWindows
 0001:00017EF0       EnumValue
 0001:00005A08       EnumWindows
 0001:00005A10       EqualRect
 0002:00002750       EraNames
 0001:0000A3A4       EraToYear
 0002:0000276C       EraYearOffsets
 0002:0000006C       errCaption
 0001:00017520       Error
 0001:00001828       Error
 0001:00047888       Error
 0001:000134D0       Error
 0002:00000004       ErrorAddr
 0001:000017DC       ErrorAt
 0001:0000B690       ErrorHandler
 0002:00000228       ErrorMap
 0002:00002008       ErrorProc
 0002:000023E4       ErrOutput
 0002:00000DB0       ESC_BS
 0002:00000DB8       ESC_CR
 0002:00000DC0       ESC_FF
 0002:00000DB4       ESC_LF
 0002:00000DC4       ESC_QUOT
 0002:00000DC8       ESC_SL
 0002:00000DCC       ESC_SR
 0002:00000DBC       ESC_TAB
 0002:00000DD0       ESC_ZERO
 0001:0000177C       ExceptAddr
 0002:0000200C       ExceptClsProc
 0001:0000BBC0       ExceptHandler
 0001:0000B3EC       Exception.Create
 0001:0000B434       Exception.CreateFmt
 0001:0000B4C4       Exception.CreateRes
 0001:0000B50C       Exception.CreateResFmt
 0002:0000201C       ExceptionClass
 0001:0000B158       ExceptionErrorMessage
 0002:00000260       ExceptMap
 0001:0000175C       ExceptObject
 0002:00002010       ExceptObjProc
 0002:00002004       ExceptProc
 0001:000057C0       ExcludeClipRect
 0002:00000000       ExitCode
 0001:00002ED4       ExitDll
 0002:00002044       ExitProc
 0001:00000234       ExitProcess
 0002:00002024       ExitProcessProc
 0002:0000013C       ExitProcList
 0001:00007D6C       ExpandFileName
 0001:00029854       ExtActns
 0001:00029450       ExtCtrls
 0001:000296BC       ExtDlgs
 0001:00007D28       ExtractFileName
 0001:00007CE8       ExtractFilePath
 0002:0000278C       FalseBoolStrs
 0002:00002A84       FClipboard
 0002:00000170       FCon1E18
 0001:00007C18       FileClose
 0001:00007B18       FileCreate
 0001:00007B4C       FileCreate
 0002:000006D4       FileFormats
 0002:00000008       FileMode
 0001:00007AA8       FileOpen
 0001:00007B6C       FileRead
 0002:000003E4       FilerSignature
 0001:00007BDC       FileSeek
 0001:00007BA4       FileWrite
 0001:00000C98       FillAfterGap
 0001:00000C44       FillBeforeGap
 0001:00000D30       FillerSizeAfterGap
 0001:00000CC0       FillerSizeBeforeGap
 0001:00005A18       FillRect
 0001:0004E210       Finalization
 0001:00066E3C       Finalization
 0001:0002778C       Finalization
 0001:00028470       Finalization
 0001:0001C964       Finalization
 0001:0001CD08       Finalization
 0001:0002741C       Finalization
 0001:00028438       Finalization
 0001:0005CCC8       Finalization
 0001:000283C4       Finalization
 0001:000115F8       Finalization
 0001:000115A0       Finalization
 0001:000257D4       Finalization
 0001:0000E148       Finalization
 0001:000284A8       Finalization
 0001:0005CD98       Finalization
 0001:0002545C       Finalization
 0001:0002E9AC       Finalization
 0001:00005348       Finalization
 0001:0005CDD8       Finalization
 0001:00006444       Finalization
 0001:00006124       Finalization
 0001:00044DB8       Finalization
 0001:000060EC       Finalization
 0001:0002DB98       Finalization
 0001:00005118       Finalization
 0001:0002DA1C       Finalization
 0001:0002A5F0       Finalization
 0001:000299D4       Finalization
 0001:000468D0       Finalization
 0001:00043414       Finalization
 0001:000284E0       Finalization
 0001:00025234       Finalization
 0001:00029860       Finalization
 0001:00028518       Finalization
 0001:00028550       Finalization
 0001:00028588       Finalization
 0001:00029804       Finalization
 0001:000297A8       Finalization
 0001:00029744       Finalization
 0001:000273E4       Finalization
 0001:0000D704       Finalization
 0001:0000541C       Finalization
 0001:00010CB8       Finalization
 0001:000258E4       Finalization
 0001:00026158       Finalization
 0001:00067F80       Finalization
 0001:00067F48       Finalization
 0001:000296DC       Finalization
 0001:0002619C       Finalization
 0001:0002968C       Finalization
 0001:0002962C       Finalization
 0001:00027398       Finalization
 0001:00010AAC       Finalization
 0001:00029550       Finalization
 0001:000294B8       Finalization
 0001:0002799C       Finalization
 0001:00029480       Finalization
 0001:00029408       Finalization
 0001:00028CDC       Finalization
 0001:000285F8       Finalization
 0001:000285C0       Finalization
 0001:00004334       FinalizeArray
 0001:00002D08       FinalizeUnits
 0001:0004C290       Find
 0001:000045E0       FindBS
 0001:00013AC8       FindClass
 0001:00004568       FindClassHInstance
 0001:00000244       FindClose
 0001:00000C14       FindCommitted
 0001:00030B60       FindControl
 0001:00040BAC       FindControlAtPos
 0001:000109BC       FindCustomVariantType
 0001:00010904       FindCustomVariantType
 0001:00062878       FindDataType
 0001:00032AE8       FindDragTarget
 0001:00018AB8       FindExistingComponent
 0001:0000024C       FindFirstFile
 0001:00013F5C       FindGlobalComponent
 0001:00050470       FindGlobalComponent
 0002:00002860       FindGlobalComponentProcs
 0001:00004540       FindHInstance
 0001:00013DAC       FindIdentToInt
 0001:00062B00       FindInheritedField
 0001:00062730       FindInheritedProperty
 0002:00002A70       FindMsg
 0001:000179BC       FindNestedComponent
 0001:00047838       FindPopupControl
 0001:0000DDF8       FindProc
 0001:00005578       FindResource
 0001:000045B8       FindResourceHInstance
 0001:0005C3E8       FindScanline
 0001:00050380       FindTopMostWindow
 0001:00019A54       FindUniqueName
 0001:00032A98       FindVCLWindow
 0001:00005A20       FindWindow
 0001:0002E710       FindWinHelp
 0001:00021F34       FixupBitFields
 0002:00000C80       Flags
 0002:0000279C       FLanguages
 0001:000277BC       FlatSB
 0002:00002940       FlatSB_EnableScrollBar
 0002:0000294C       FlatSB_GetScrollInfo
 0002:00002950       FlatSB_GetScrollPos
 0002:00002948       FlatSB_GetScrollRange
 0002:00002958       FlatSB_SetScrollInfo
 0002:00002954       FlatSB_SetScrollPos
 0001:00027464       FlatSB_SetScrollProp
 0002:0000295C       FlatSB_SetScrollRange
 0002:00002944       FlatSB_ShowScrollBar
 0001:00008A30       FloatToDecimal
 0001:0005DAD8       FloatToJson
 0001:00008D70       FloatToStr
 0001:0000875C       FloatToText
 0001:00001AEC       Flush
 0002:00000184       FMSecsPerDay
 0001:0000863C       FmtStr
 0002:00000C9C       FocusCount
 0002:00000C98       FocusMessages
 0002:000005F0       FontCharsets
 0002:000028D8       FontManager
 0001:0005043C       ForegroundTask
 0001:00008614       Format
 0002:0000018C       Format
 0001:000081E8       FormatBuf
 0001:000081D4       FormatClearStr
 0001:0000A070       FormatDateTime
 0001:00008134       FormatError
 0002:00000168       FormatErrorStrs
 0001:00005580       FormatMessage
 0001:0000819C       FormatVarToStr
 0001:0005CD24       Forms
 0001:00001E9C       FPower10
 0002:00000724       FPrinter
 0001:00005A28       FrameRect
 0001:0000D2A4       FreeAndNil
 0001:00000980       FreeCommitted
 0001:00000EA0       FreeCurAlloc
 0001:00032BF4       FreeDeviceContext
 0001:00032CB0       FreeDeviceContexts
 0001:0001C688       FreeIntConstList
 0001:00005588       FreeLibrary
 0001:00000254       FreeLibrary
 0001:00021998       FreeMemoryContexts
 0001:0001C83C       FreeObjectInstance
 0001:000055A8       FreeResource
 0001:00000600       FreeSpace
 0001:0000CC44       FreeTerminateProcs
 0001:000279D4       FreeThemeLibrary
 0002:00002AE4       FRichEditModule
 0001:00020098       GDICheck
 0001:0001FFEC       GDIError
 0001:00001A74       Get8087CW
 0001:000055B0       GetACP
 0001:00005A30       GetActiveWindow
 0001:000599F4       GetAnimation
 0001:000057C8       GetBitmapBits
 0001:00000380       GetBlockDesc
 0001:000057D0       GetBrushOrgEx
 0001:00005A38       GetCapture
 0001:00030EB0       GetCaptureControl
 0001:00013A70       GetClass
 0001:00005A40       GetClassInfo
 0001:00005A48       GetClassName
 0001:00005A50       GetClientRect
 0001:000057D8       GetClipBox
 0001:0000031C       GetCmdShow
 0001:00044FA8       GetColor
 0001:00029938       GetComCtlVersion
 0001:0000025C       GetCommandLine
 0001:000007CC       GetCommitted
 0001:0000085C       GetCommittedAt
 0001:00039D8C       GetControlAtPos
 0001:00009494       GetCount
 0001:000055B8       GetCPInfo
 0001:000057E0       GetCurrentPositionEx
 0001:000055C0       GetCurrentProcessId
 0002:00002A24       GetCurrentThemeName
 0001:0000030C       GetCurrentThreadId
 0001:000055C8       GetCurrentThreadId
 0001:00005E08       GetCurrentTime
 0001:00005A58       GetCursor
 0001:0005C3FC       GetCursorHeightMargin
 0001:00005A60       GetCursorPos
 0001:000094CC       GetDate
 0001:000055D0       GetDateFormat
 0001:0000A270       GetDateOrder
 0001:000647F8       GetDblCompResult
 0001:00005A68       GetDC
 0001:00005A70       GetDCEx
 0001:000057E8       GetDCOrgEx
 0001:00024DA4       GetDefFontCharSet
 0001:00005A78       GetDesktopWindow
 0001:00005800       GetDeviceCaps
 0001:00021278       GetDIB
 0001:000057F0       GetDIBColorTable
 0001:000057F8       GetDIBits
 0001:00021194       GetDIBSizes
 0001:00020228       GetDInColors
 0001:000055D8       GetDiskFreeSpaceA
 0002:00000138       GetDiskFreeSpaceEx
 0001:000422B8       GetDockAlign
 0001:00031BC4       GetDockSiteAtPos
 0001:00031F78       GetDropCtl
 0001:00002514       GetDynaMethod
 0001:00010D28       GetEnumNameValue
 0001:00010D74       GetEnumValue
 0001:0000ADE0       GetEraNamesAndYearOffsets
 0001:0000A340       GetEraYearOffset
 0001:0000B8D0       GetExceptionClass
 0001:0000BAE0       GetExceptionObject
 0001:000139F4       GetFieldClassTable
 0001:0000BDB0       GetFileVersion
 0001:00005738       GetFileVersionInfo
 0001:00005740       GetFileVersionInfoSize
 0001:00005A80       GetFocus
 0001:0001E680       GetFontData
 0001:00005A88       GetForegroundWindow
 0001:0000C79C       GetFormatSettings
 0001:000055E0       GetFullPathName
 0001:0001DA74       GetHashCode
 0001:00056570       GetHelpInfo
 0001:00026620       GetHelpSystem
 0001:0005978C       GetHint
 0001:000597DC       GetHintControl
 0001:0004E074       GetHotkey
 0001:00005A90       GetIconInfo
 0001:00062E98       getInheritedBool
 0001:00062F60       GetInheritedFieldList
 0001:000647C0       GetIntCompResult
 0001:00005AA8       GetKeyboardLayout
 0001:00005AB0       GetKeyboardLayoutList
 0001:00005AB8       GetKeyboardState
 0001:00002188       GetKeyboardType
 0001:00005A98       GetKeyNameText
 0001:00005AA0       GetKeyState
 0001:00005AC0       GetLastActivePopup
 0001:0003FD3C       GetLastChildZone
 0001:000055E8       GetLastError
 0001:0000AB54       GetLocaleChar
 0001:000055F8       GetLocaleInfo
 0001:00000264       GetLocaleInfo
 0001:0000AAF8       GetLocaleStr
 0001:000055F0       GetLocalTime
 0001:00030E5C       GetLongHint
 0001:00005AC8       GetMenu
 0001:000564CC       GetMenuHelpContext
 0001:00005AD0       GetMenuItemCount
 0001:00005AD8       GetMenuItemID
 0001:00005AE0       GetMenuItemInfo
 0001:0004A27C       GetMenuSize
 0001:00005AE8       GetMenuState
 0001:00005AF0       GetMenuString
 0001:0000026C       GetModuleFileName
 0001:00005600       GetModuleFileName
 0001:00000274       GetModuleHandle
 0001:00005608       GetModuleHandle
 0001:00005240       GetModuleHandle
 0002:00002908       GetMonitorInfo
 0002:0000290C       GetMonitorInfoA
 0002:00002910       GetMonitorInfoW
 0001:0000ABD4       GetMonthDayNames
 0001:00062968       GetNames
 0001:00005AF8       GetNextWindow
 0001:00005808       GetObject
 0001:00010E6C       GetOrdProp
 0001:00005810       GetPaletteEntries
 0001:00001908       GetParamStr
 0001:00005B00       GetParent
 0001:000506A0       GetParentForm
 0001:00005818       GetPixel
 0001:00005610       GetProcAddress
 0001:0000027C       GetProcAddress
 0001:00005B08       GetProp
 0001:00010DFC       GetPropInfo
 0001:00050C78       GetRealScrollPosition
 0001:00044F6C       GetRGBColor
 0001:00005B10       GetScrollInfo
 0001:00005B18       GetScrollPos
 0001:00005B20       GetScrollRange
 0001:00030E08       GetShortHint
 0001:00000524       GetSpace
 0001:00000588       GetSpaceAt
 0001:00047900       GetSpecialName
 0001:00000284       GetStartupInfo
 0001:00005618       GetStdHandle
 0001:00000204       GetStdHandle
 0001:00005820       GetStockObject
 0001:00005620       GetStringTypeEx
 0001:00005B28       GetSubMenu
 0001:00005B30       GetSysColor
 0001:00005B38       GetSysColorBrush
 0001:00005628       GetSystemInfo
 0001:00005B40       GetSystemMenu
 0002:000028F8       GetSystemMetrics
 0001:00005B48       GetSystemMetrics
 0001:00005828       GetSystemPaletteEntries
 0001:00005830       GetTextExtentPoint32
 0001:00005838       GetTextMetrics
 0002:00002A1C       GetThemeAppProperties
 0002:00002988       GetThemeBackgroundContentRect
 0002:0000298C       GetThemeBackgroundExtent
 0002:0000299C       GetThemeBackgroundRegion
 0002:000029C0       GetThemeBool
 0002:000029B4       GetThemeColor
 0002:00002A28       GetThemeDocumentationProperty
 0002:000029C8       GetThemeEnumValue
 0002:000029E8       GetThemeFilename
 0002:000029D0       GetThemeFont
 0002:000029C4       GetThemeInt
 0002:000029DC       GetThemeIntList
 0002:000029D8       GetThemeMargins
 0002:000029B8       GetThemeMetric
 0002:00002990       GetThemePartSize
 0002:000029CC       GetThemePosition
 0002:000029E0       GetThemePropertyOrigin
 0002:000029D4       GetThemeRect
 0002:000029BC       GetThemeString
 0002:000029F4       GetThemeSysBool
 0002:000029EC       GetThemeSysColor
 0002:000029F0       GetThemeSysColorBrush
 0002:000029FC       GetThemeSysFont
 0002:00002A04       GetThemeSysInt
 0002:000029F8       GetThemeSysSize
 0002:00002A00       GetThemeSysString
 0002:00002994       GetThemeTextExtent
 0002:00002998       GetThemeTextMetrics
 0001:00005630       GetThreadLocale
 0001:0000028C       GetThreadLocale
 0001:00005638       GetTickCount
 0001:00009504       GetTime
 0001:0000526C       GetTlsSize
 0001:0005A0DC       GetTopMostWindows
 0001:00031000       GetTopParent
 0001:00005B50       GetTopWindow
 0001:00010D1C       GetTypeData
 0001:00005640       GetVersion
 0001:00000314       GetVersion
 0001:00005648       GetVersionEx
 0001:00005B58       GetWindow
 0001:00005B60       GetWindowDC
 0001:00005B68       GetWindowLong
 0001:00005840       GetWindowOrgEx
 0001:00005B70       GetWindowPlacement
 0001:00005B78       GetWindowRect
 0001:00005B80       GetWindowText
 0002:00002A10       GetWindowTheme
 0001:00005B90       GetWindowThreadProcessId
 0001:00005B88       GetWindowThreadProcessId
 0001:00005650       GlobalAddAtom
 0001:00005658       GlobalAlloc
 0001:00005E34       GlobalAllocPtr
 0001:00005660       GlobalDeleteAtom
 0001:00005668       GlobalFindAtom
 0002:00002864       GlobalFixupList
 0001:00017B54       GlobalFixupReferences
 0001:00005670       GlobalFree
 0001:00005E60       GlobalFreePtr
 0001:00005680       GlobalHandle
 0001:00005678       GlobalLock
 0002:00002848       GlobalNameSpace
 0001:00005688       GlobalReAlloc
 0001:00005E44       GlobalReAllocPtr
 0001:00005690       GlobalUnlock
 0001:00025308       Graphics
 0001:00013C0C       GroupDescendentsWith
 0001:00056818       HandleEdge
 0001:00019264       HandleException
 0002:00000024       HeapAllocFlags
 0002:000025C4       heapErrorCode
 0002:000025C8       heapLock
 0001:000273D8       HelpIntfs
 0002:00002934       HelpManager
 0002:00002A6C       HelpMsg
 0002:00002B08       HelpViewer
 0002:00002B0C       HelpViewerIntf
 0001:0005F22C       hexdigit
 0002:00000134       HexDisplayPrefix
 0002:000009FC       HideSelections
 0001:00042340       HideZone
 0002:00002664       HInstance
 0002:00002BC4       HintDoneEvent
 0001:000598D8       HintGetMsgHook
 0002:00002BC8       HintHook
 0001:00059878       HintMouseThread
 0002:00002BCC       HintThread
 0002:00002BC0       HintThreadID
 0001:00059824       HintTimerProc
 0002:00000C90       HintWindowClass
 0002:000029A0       HitTestThemeBackground
 0001:0005991C       HookHintHooks
 0001:00005FD8       HwndMSWheel
 0002:00000C24       IBreaks
 0002:00000C30       IChecks
 0002:00000C38       IDefaults
 0001:0001E658       IdentToCharset
 0001:0001E3F0       IdentToColor
 0001:00030DE0       IdentToCursor
 0001:00013E3C       IdentToInt
 0002:00000C40       IEnables
 0001:0004B668       IfHotkeyAvailable
 0002:00002B9C       ImageListWriteExProc
 0001:00025824       ImageList_Add
 0001:00025844       ImageList_AddIcon
 0001:00025884       ImageList_BeginDrag
 0001:0002580C       ImageList_Create
 0001:00025814       ImageList_Destroy
 0001:00025894       ImageList_DragEnter
 0001:0002589C       ImageList_DragLeave
 0001:000258A4       ImageList_DragMove
 0001:000258B4       ImageList_DragShowNolock
 0001:0002586C       ImageList_Draw
 0001:00025874       ImageList_DrawEx
 0001:0002588C       ImageList_EndDrag
 0001:0002583C       ImageList_GetBkColor
 0001:000258BC       ImageList_GetDragImage
 0001:000258D4       ImageList_GetIconSize
 0001:0002581C       ImageList_GetImageCount
 0001:000258C4       ImageList_Read
 0001:0002587C       ImageList_Remove
 0001:0002582C       ImageList_ReplaceIcon
 0001:00025834       ImageList_SetBkColor
 0001:000258AC       ImageList_SetDragCursorImage
 0001:000258DC       ImageList_SetIconSize
 0001:000258CC       ImageList_Write
 0002:00000B94       Images
 0001:00046900       ImgList
 0001:000261CC       Imm
 0002:00000B78       IMM32DLL
 0001:00043190       Imm32IsIME
 0002:00000188       IMSecsPerDay
 0001:0000EF34       InBounds
 0001:0000EC94       InBounds
 0001:0000EF64       Increment
 0001:0000ECC4       Increment
 0001:00005B98       InflateRect
 0001:00062C7C       InheritedFieldExist
 0001:00029724       IniFiles
 0001:00000A0C       InitAllocator
 0001:0002591C       InitAnApi
 0002:00002920       InitApis
 0001:000141AC       InitComponent
 0002:00002634       InitContext
 0001:00043244       InitControls
 0001:00024DFC       InitDefFontData
 0001:0000CC78       InitDriveSpacePtr
 0001:0000BBE8       InitExceptions
 0001:000274D0       InitFlatSB
 0001:00028B8C       InitGlobals
 0001:00020FE8       InitializeBitmapInfoHeader
 0001:00005698       InitializeCriticalSection
 0001:00000360       InitializeCriticalSection
 0002:000025C0       initialized
 0001:000274A0       InitializeFlatSB
 0001:000052F8       InitializeModule
 0001:0000DE3C       InitializeVarUtils
 0001:00042DF0       InitIMM32
 0001:00014260       InitInheritedComponent
 0001:0000C54C       InitLeadBytes
 0001:000260E8       InitMultiMonStubs
 0001:0000BCF4       InitPlatformId
 0002:00002040       InitProc
 0001:0005CC08       InitProcs
 0001:00024D64       InitScreenLogPixels
 0001:0000C5F0       InitSysLocale
 0001:00027B94       InitThemeLibrary
 0001:0001AD5C       InitThreadSynchronization
 0001:00005274       InitThreadTLS
 0001:00002D68       InitUnits
 0001:00030A64       InitWndProc
 0002:00000B18       InnerStyles
 0002:0000204C       Input
 0001:000591DC       InsertBefore
 0001:000380D8       InsertBefore
 0001:00000E18       InsertFree
 0001:0004B73C       InsertHotkeyFarEastFormat
 0001:00005BA0       InsertMenu
 0001:00005BA8       InsertMenuItem
 0002:00002880       InstBlockList
 0002:00002884       InstFreeList
 0002:00002858       IntConstList
 0001:00000304       InterlockedDecrement
 0001:00005590       InterlockedDecrement
 0001:0000CCE8       InterlockedDecrement
 0001:0000CCF4       InterlockedExchange
 0001:00005598       InterlockedExchange
 0001:0000CCFC       InterlockedExchangeAdd
 0001:0000CCDC       InterlockedIncrement
 0001:000055A0       InterlockedIncrement
 0001:000002FC       InterlockedIncrement
 0001:0001D9F0       InternalDeletePalette
 0001:00001AA4       InternalFlush
 0001:00000C74       InternalFreeMem
 0001:000211B8       InternalGetDIB
 0001:0002111C       InternalGetDIBSizes
 0001:00013FEC       InternalReadComponentRes
 0002:00002AF0       InternalServices
 0001:0000354C       InternalUniqueString
 0001:00005848       IntersectClipRect
 0001:00005BB0       IntersectRect
 0001:000077F8       IntToHex
 0001:00013E9C       IntToIdent
 0001:000077D0       IntToStr
 0001:000076E4       IntToStr
 0001:00005BB8       InvalidateRect
 0001:0001FF80       InvalidBitmap
 0001:0001FF60       InvalidGraphic
 0001:0001FF8C       InvalidIcon
 0001:0001FF40       InvalidOperation
 0001:00012CF8       InvalidPoint
 0002:00002798       InvalidPointer
 0001:000023CC       InvokeImplGetter
 0001:000018A8       IOResult
 0002:00000C60       IOwnerDraw
 0002:00000C48       IRadios
 0002:00000C58       IRTL
 0001:00050628       IsAccel
 0001:0004CD3C       IsAccelChar
 0002:00002A0C       IsAppThemed
 0001:00031920       IsBeforeTargetWindow
 0001:00005BC0       IsChild
 0002:00002048       IsConsole
 0001:00031E00       IsDelphiHandle
 0001:00005BC8       IsDialogMessage
 0001:0005F284       IsEndDelimiter
 0002:00000C50       ISeparators
 0001:00005BD0       IsIconic
 0001:0004CDD0       IsInitialChar
 0001:00008FF8       IsLeapYear
 0002:00002034       IsLibrary
 0002:00002049       IsMultiThread
 0001:0003F564       IsOrientationSet
 0001:00005BD8       IsRectEmpty
 0001:00031B78       IsSiteChildOfClient
 0002:00002A08       IsThemeActive
 0002:000029B0       IsThemeBackgroundPartiallyTransparent
 0002:00002A18       IsThemeDialogTextureEnabled
 0002:000029AC       IsThemePartDefined
 0001:00013FB4       IsUniqueGlobalComponentName
 0002:0000284C       IsUniqueGlobalComponentNameProc
 0001:0000761C       IsValidIdent
 0001:0000C5CC       IsWesternGroup
 0001:00005BE0       IsWindow
 0001:00005BE8       IsWindowEnabled
 0001:00005BF0       IsWindowVisible
 0001:00005BF8       IsZoomed
 0001:00047D3C       Iterate
 0001:00047DA8       IterateMenus
 0002:0000002C       JITEnable
 0001:000505BC       KeyboardStateToShiftState
 0001:00050574       KeyDataToShiftState
 0001:00050518       KeysToShiftState
 0001:00005C00       KillTimer
 0001:00007C78       LastDelimiter
 0001:000050A4       LCIDToCodePage
 0001:0000C4D4       LCIDToCodePage
 0002:00000114       LeadBytes
 0001:00000370       LeaveCriticalSection
 0001:000056A0       LeaveCriticalSection
 0002:00000034       LibModuleList
 0001:00005850       LineTo
 0001:00029890       ListActns
 0001:00032B44       ListAdd
 0001:00032B7C       ListRemove
 0002:0000274E       ListSeparator
 0001:00005C08       LoadBitmap
 0001:00005C10       LoadCursor
 0001:00005C18       LoadIcon
 0001:00005C20       LoadKeyboardLayout
 0001:000056A8       LoadLibrary
 0001:00000294       LoadLibraryEx
 0001:000056B0       LoadResource
 0001:000047AC       LoadResourceModule
 0001:0000504C       LoadResString
 0001:00005C28       LoadString
 0001:0000029C       LoadString
 0001:00000340       LocalAlloc
 0001:00005248       LocalAlloc
 0001:00000348       LocalFree
 0001:0000AB90       LocalGetLocaleStr
 0002:00002A40       Lock
 0001:000056B8       LockResource
 0002:00002690       LongDateFormat
 0002:00002724       LongDayNames
 0002:000026D8       LongMonthNames
 0002:000026A4       LongTimeFormat
 0001:000071AC       LowerCase
 0001:00005730       lstrcpy
 0001:000002A4       lstrcpyn
 0002:00002820       LVarTypes
 0002:00002824       LVarTypeSync
 0002:0000202C       MainInstance
 0002:00002030       MainThreadID
 0001:000003D0       MakeEmpty
 0001:00002E78       MakeErrorMessage
 0002:00000B64       MakeLast
 0001:00005DE0       MakeLong
 0001:0001C75C       MakeObjectInstance
 0001:00005E74       MakeROP4
 0001:00005EE4       MakeWParam
 0001:0000B81C       MapException
 0001:000297F8       Mapi
 0002:00000950       MAPIDLL
 0002:00000954       MAPIModule
 0001:00002B80       MapToRunError
 0001:00005C30       MapVirtualKey
 0001:00005C38       MapWindowPoints
 0002:00000B9C       Mask
 0001:00005858       MaskBlt
 0001:0002548C       Math
 0001:00025430       Max
 0001:00065584       max
 0001:00053814       MaximizedChildren
 0002:0000003C       MemoryManager
 0002:00000BB8       MenuKeyCaps
 0001:0004E280       Menus
 0001:00000420       MergeBlockAfter
 0001:00000EEC       MergeCommit
 0001:00005C40       MessageBox
 0001:0000023C       MessageBox
 0001:00006154       Messages
 0001:00025404       Min
 0001:0005F258       min
 0001:00014B50       Min
 0001:00037884       MinVar
 0002:00002928       MMAvailable
 0002:00000B7C       ModeMap
 0001:00055CF0       ModifySystemMenu
 0002:000000AC       Module
 0002:00002661       ModuleIsCpp
 0002:00002660       ModuleIsLib
 0001:0001C704       ModuleUnload
 0002:00000038       ModuleUnloadList
 0002:00002904       MonitorFromPoint
 0002:00002900       MonitorFromRect
 0002:000028FC       MonitorFromWindow
 0002:000000E4       MonthDays
 0002:00002B10       Mouse
 0001:000018C8       Move
 0001:00005860       MoveToEx
 0001:00032BB8       MoveWindowOrg
 0001:000056C0       MulDiv
 0001:000002B4       MultiByteToWideChar
 0001:0005C5E8       MultiLineWidth
 0001:00026188       MultiMon
 0002:00002685       NegCurrFormat
 0001:00000F78       NewCommit
 0001:00000FA4       NewCommitAt
 0002:00002B14       NewStyleControls
 0001:0000C2B4       NextCharIndex
 0001:0003F530       NextVisibleZone
 0002:000003E8       NilMethod
 0002:00000030       NoErrMsg
 0001:00048EA4       NormalDraw
 0001:00002738       NotifyAnyExcept
 0001:0000270C       NotifyExcept
 0001:0000276C       NotifyExceptFinally
 0001:000140F8       NotifyGlobalLoading
 0001:00004AAC       NotifyModuleUnload
 0001:000026E8       NotifyNonDelphiException
 0001:00002724       NotifyOnExcept
 0001:000026CC       NotifyReRaise
 0001:00002794       NotifyTerminate
 0001:000027B0       NotifyUnhandled
 0001:00009358       Now
 0001:0004C57C       NthParentOf
 0001:00010AA4       Null
 0002:00000324       NullAsStringValue
 0002:00000320       NullStrictConvert
 0001:0005DE04       ObjectFindClose
 0001:0005DCAC       ObjectFindFirst
 0001:0005DD74       ObjectFindNext
 0001:00030B18       ObjectFromHWnd
 0001:0005DC84       ObjectGetType
 0001:0005DC50       ObjectIsType
 0002:00000A04       OEMConverts
 0001:00005C48       OemToAnsi
 0001:00005C50       OffsetRect
 0002:00002978       OpenThemeData
 0002:00000B5C       OrientArray
 0002:00000B28       OuterStyles
 0002:00002794       OutOfMemory
 0001:0001FF98       OutOfResources
 0002:00002218       Output
 0002:00000328       PackVarCreation
 0002:000006E4       Pal16
 0001:0001DE9C       PaletteChanged
 0001:000208BC       PaletteFromDIBColorTable
 0001:0002099C       PaletteToDIBColorTable
 0002:000006E0       PalSize
 0001:000019F4       ParamStr
 0001:0003FB0C       ParentNotLast
 0002:000009E0       Passwords
 0001:00005868       PatBlt
 0002:000028E8       PatternManager
 0001:00005C58       PeekMessage
 0002:000028DC       PenManager
 0002:000006B0       PenModes
 0002:00000690       PenStyles
 0001:00012C54       Point
 0001:000053B8       Point
 0001:00013188       PointerInModule
 0001:0003960C       PointsEqual
 0001:00005EBC       PointToSmallPoint
 0002:00002BA0       PopupList
 0001:00005C60       PostMessage
 0001:00005C68       PostQuitMessage
 0002:00002BDC       PPDemo_Frm
 0001:00067F78       PPDemo_Unt
 0001:0005CDC8       PPSDK
 0001:00027458       Printers
 0001:000637BC       process
 0001:000578C8       ProcessExecute
 0001:000508F0       ProcessHorz
 0001:000579F8       ProcessUpdate
 0001:00050974       ProcessVert
 0001:00017EBC       PropertyNotFound
 0001:00019364       PropPathError
 0002:00000CC0       Props
 0001:00017EAC       PropValueError
 0001:00005C70       PtInRect
 0002:000000A8       PtrToNil
 0001:00008718       PutExponent
 0001:0005CD88       PYunAPIDestroy
 0001:00067058       PYunAPIEventCallback
 0001:0005CD68       PYunAPIHookEvent
 0001:0005CD70       PYunAPIHookRequest
 0001:0005CD90       PYunAPIReply
 0001:00067144       PYunAPIRequestCallback
 0001:0005CD78       PYunAPISetOpt
 0001:0005CD80       PYunAPIStart
 0002:00002B58       QualifyingSites
 0001:0000B7B8       RaiseAssertException
 0001:0000020C       RaiseException
 0001:00016AE4       RaiseException
 0002:00002014       RaiseExceptionProc
 0001:0000CB38       RaiseLastOSError
 0001:00040CF8       ReadControlName
 0001:0001A704       ReadCustomVariant
 0001:00017E8C       ReadError
 0001:000056C8       ReadFile
 0001:00020C9C       ReadIcon
 0002:000009E8       ReadOnlys
 0001:00005870       RealizePalette
 0001:00018898       Recover
 0001:00005380       Rect
 0001:00012CA0       Rect
 0001:00005878       RectVisible
 0001:00005C78       RedrawWindow
 0002:00002818       RefAnyProc
 0002:00002A3C       ReferenceCount
 0001:000002BC       RegCloseKey
 0001:00005520       RegCloseKey
 0002:0000285C       RegGroups
 0001:00005C80       RegisterClass
 0001:00013AF4       RegisterClass
 0001:00005C88       RegisterClipboardFormat
 0001:00031D28       RegisterDockSite
 0001:00013EF8       RegisterFindGlobalComponentProc
 0001:00013D74       RegisterIntegerConsts
 0001:00004B08       RegisterModule
 0001:00026598       RegisterViewer
 0001:00005C90       RegisterWindowMessage
 0001:0002978C       Registry
 0001:00005528       RegOpenKeyEx
 0001:000002C4       RegOpenKeyEx
 0001:00005530       RegQueryValueEx
 0001:000002CC       RegQueryValueEx
 0001:00028510       RegStr
 0001:00005C98       ReleaseCapture
 0001:00005CA0       ReleaseDC
 0002:00000048       reMap
 0002:00002618       remBytes
 0001:00000490       RemoveBlock
 0002:000003C4       RemoveDataModule
 0001:00017D3C       RemoveFixupReferences
 0001:00017DF8       RemoveFixups
 0001:00018194       RemoveGlobalFixup
 0001:00005CA8       RemoveMenu
 0001:00004A4C       RemoveModuleUnloadProc
 0001:00004A24       RemoveModuleUnloadProc
 0001:00005CB0       RemoveProp
 0001:000056D0       ResetEvent
 0001:0001ADB0       ResetSyncEvent
 0001:0000142C       ResizeInPlace
 0001:00005880       RestoreDC
 0001:000500D0       RestoreFocusState
 0001:00015494       ReturnAddr
 0001:0004787C       ReturnAddr
 0001:0001445C       ReturnAddr
 0001:000205E4       RGBQuadToTriple
 0001:00020570       RGBTripleToQuad
 0001:00028468       RichEdit
 0002:00002B28       RM_GetObjectInstance
 0002:00002BBC       RM_TaskbarCreated
 0002:00002614       rover
 0002:00000958       RTFConversionFormat
 0001:00010CE8       RTLConsts
 0001:00000214       RtlUnwind
 0002:00002018       RTLUnwindProc
 0002:00000074       runErrMsg
 0001:000017D0       RunErrorAt
 0001:0000DDD8       SafeArrayCreate
 0001:0000DDE0       SafeArrayGetLBound
 0001:0000DDE8       SafeArrayGetUBound
 0001:0000DDF0       SafeArrayPtrOfIndex
 0001:0000D3AC       SafeLoadLibrary
 0001:000072BC       SameText
 0001:00005888       SaveDC
 0001:000500BC       SaveFocusState
 0001:0000A094       ScanBlanks
 0001:0000A220       ScanChar
 0001:0000A40C       ScanDate
 0001:0000A0D4       ScanNumber
 0001:0000A188       ScanString
 0001:0000A7A0       ScanTime
 0001:0000A2D8       ScanToNumber
 0002:00002BB4       Screen
 0002:00002894       ScreenLogPixels
 0001:00005CB8       ScreenToClient
 0002:00000A28       ScrollBar
 0001:00050AFC       ScrollBarVisible
 0001:00005CC0       ScrollWindow
 0001:00000FD8       SearchSmallBlocks
 0001:00005890       SelectObject
 0001:00005898       SelectPalette
 0001:0005CDD0       send
 0001:00030BD0       SendAppMessage
 0001:000503D4       SendFocusMessage
 0001:00005CC8       SendMessage
 0002:00000C1C       Separators
 0001:00001A64       Set8087CW
 0001:00005CD0       SetActiveWindow
 0001:00059A2C       SetAnimation
 0001:000058A0       SetBkColor
 0001:000058A8       SetBkMode
 0001:000058B0       SetBrushOrgEx
 0001:00005CD8       SetCapture
 0001:00030EEC       SetCaptureControl
 0001:00005CE0       SetClassLong
 0001:00010630       SetClearVarToEmptyParam
 0001:00018A18       SetCompName
 0001:00005CE8       SetCursor
 0001:000058B8       SetDIBColorTable
 0001:000056D8       SetEndOfFile
 0001:000056E0       SetErrorMode
 0001:000056E8       SetEvent
 0001:00002CC0       SetExceptionHandler
 0001:000056F0       SetFilePointer
 0001:000111E4       SetFloatProp
 0001:00005CF0       SetFocus
 0001:00005CF8       SetForegroundWindow
 0001:00043094       SetImeMode
 0001:00001854       SetInOutRes
 0001:000114C8       SetInt64Prop
 0001:00011504       SetInterfaceProp
 0001:0001967C       SetInterfaceReference
 0001:0001958C       SetIntIdent
 0002:00000C94       SetLayeredWindowAttributes
 0001:00010FE8       SetLongStrProp
 0001:00005D00       SetMenu
 0001:00005D08       SetMenuItemInfo
 0001:00011490       SetMethodProp
 0001:000195D8       SetObjectIdent
 0001:00010EE0       SetOrdProp
 0001:00005D10       SetParent
 0001:000058C0       SetPixel
 0001:00005D18       SetProp
 0001:00005D20       SetRect
 0001:000058C8       SetROP2
 0001:00005D28       SetScrollInfo
 0001:00005D30       SetScrollPos
 0001:00005D38       SetScrollRange
 0001:00010F3C       SetShortStrProp
 0001:00010F90       SetShortStrPropAsLongStr
 0001:000058D0       SetStretchBltMode
 0001:00011088       SetStrProp
 0001:000187E8       SetSubComponentState
 0001:000058D8       SetTextColor
 0002:00002A20       SetThemeAppProperties
 0001:000056F8       SetThreadLocale
 0001:00005D40       SetTimer
 0001:00010618       SetVarAsError
 0001:00011450       SetVariantProp
 0001:00019620       SetVariantReference
 0001:000058E0       SetViewportOrgEx
 0001:0005C010       SetVisible
 0001:000110E0       SetWideStrProp
 0001:00011028       SetWideStrPropAsLongStr
 0001:00005D48       SetWindowLong
 0001:000058E8       SetWindowOrgEx
 0001:00005D50       SetWindowPlacement
 0001:00005D58       SetWindowPos
 0001:00005D68       SetWindowsHookEx
 0001:00005D60       SetWindowText
 0002:000029E4       SetWindowTheme
 0002:00000154       ShareMode
 0001:000284D8       ShellAPI
 0002:00002AE0       ShellModule
 0001:000285B8       ShlObj
 0001:000478B0       ShortCut
 0002:00002BA4       ShortCutItems
 0001:00047960       ShortCutToText
 0002:0000268C       ShortDateFormat
 0002:00002708       ShortDayNames
 0002:000026A8       ShortMonthNames
 0002:000026A0       ShortTimeFormat
 0002:00000D00       ShowCommands
 0002:00000D0C       ShowCommands
 0002:00000CF4       ShowCommands
 0001:00005D70       ShowCursor
 0001:0000B310       ShowException
 0002:00000B10       ShowFlags
 0002:00000DA8       ShowFlags
 0001:000500E4       ShowMDIClientEdge
 0001:00005D78       ShowOwnedPopups
 0001:00005D80       ShowScrollBar
 0001:00005D88       ShowWindow
 0001:00059A5C       ShowWinNoAnimate
 0001:000423DC       ShowZone
 0002:00000B70       SizeCursors
 0001:00005700       SizeofResource
 0001:0001A194       SkipBinary
 0001:0001A1C8       SkipCollection
 0001:0001A168       SkipList
 0001:00005708       Sleep
 0001:0000CB30       Sleep
 0001:00012C78       SmallPoint
 0001:00005E98       SmallPointToPoint
 0002:00002620       smallTab
 0001:0005DC14       SO
 0002:000025E8       spaceRoot
 0001:00013BBC       StartClassGroup
 0001:0002DBC8       StdActns
 0001:0002DA4C       StdCtrls
 0001:0001C718       StdWndProc
 0002:0000289C       StockBrush
 0002:000028A0       StockFont
 0002:000028A4       StockIcon
 0002:00002898       StockPen
 0001:0000807C       StrAlloc
 0001:000080A8       StrBufSize
 0001:0000BF80       StrByteType
 0001:0000C214       StrCharLength
 0001:00007F48       StrComp
 0001:0005DA38       StrComp
 0001:00007E88       StrCopy
 0001:00008110       StrDispose
 0001:00045FB4       StreamsEqual
 0001:00007E48       StrEnd
 0001:000058F0       StretchBlt
 0001:00008560       StrFmt
 0001:00007F6C       StrIComp
 0001:000168E8       StringListCompareStrings
 0001:0004DFA0       StripHotkey
 0001:0005D9BC       StrLComp
 0001:00007EB0       StrLCopy
 0001:00007E30       StrLen
 0001:0005DA98       StrLen
 0001:000085BC       StrLFmt
 0001:00007FAC       StrLIComp
 0001:00007E5C       StrMove
 0001:000080D0       StrNew
 0001:0000C248       StrNextChar
 0001:00007EE4       StrPCopy
 0001:00007F18       StrPLCopy
 0001:00008028       StrPos
 0001:00007FF0       StrScan
 0001:00007820       StrToInt
 0001:00007860       StrToIntDef
 0001:00029580       StrUtils
 0002:00000CE8       Styles
 0001:00066E6C       superobject
 0002:00000DAC       super_hex_chars
 0001:0000D2C8       Supports
 0001:0000D304       Supports
 0002:00002850       SyncEvent
 0002:000003F0       SyncList
 0001:000279CC       SyncObjs
 0001:000002E4       SysAllocStringLen
 0001:00006474       SysConst
 0002:00000CB8       SysConsts
 0002:00000CB0       SysConsts
 0001:0000AA94       SysErrorMessage
 0001:00001288       SysFreeMem
 0001:000002F4       SysFreeString
 0001:000010F8       SysGetMem
 0001:00005378       SysInit
 0002:00002740       SysLocale
 0001:00001608       SysReallocMem
 0001:000002EC       SysReAllocStringLen
 0001:0000516C       System
 0002:0000288C       SystemPalette16
 0001:00020814       SystemPaletteOverride
 0001:00005D90       SystemParametersInfo
 0001:0000D884       SysUtils
 0001:0004420C       TActionLink.IsCaptionLinked
 0001:00044230       TActionLink.IsCheckedLinked
 0001:00044254       TActionLink.IsEnabledLinked
 0001:00044278       TActionLink.IsGroupIndexLinked
 0001:0004429C       TActionLink.IsHelpContextLinked
 0001:000442C0       TActionLink.IsHelpLinked
 0001:000442E4       TActionLink.IsHintLinked
 0001:00044308       TActionLink.IsImageIndexLinked
 0001:0004432C       TActionLink.IsShortCutLinked
 0001:00044350       TActionLink.IsVisibleLinked
 0001:00044374       TActionLink.SetAutoCheck
 0001:00044384       TActionLink.SetCaption
 0001:00044394       TActionLink.SetChecked
 0001:000443A4       TActionLink.SetEnabled
 0001:000443B4       TActionLink.SetGroupIndex
 0001:000443C4       TActionLink.SetHelpContext
 0001:000443D4       TActionLink.SetHelpKeyword
 0001:000443E4       TActionLink.SetHelpType
 0001:000443F4       TActionLink.SetHint
 0001:00044404       TActionLink.SetImageIndex
 0001:00044414       TActionLink.SetShortCut
 0001:00044428       TActionLink.SetVisible
 0001:0005C6C0       TApplication.ActivateHint
 0001:0005AEE4       TApplication.BringToFront
 0001:0005C3B0       TApplication.CancelHint
 0001:0005A3C0       TApplication.CheckIniChange
 0001:0005A038       TApplication.ControlDestroyed
 0001:00059AAC       TApplication.Create
 0001:0005B458       TApplication.CreateForm
 0001:00059E5C       TApplication.CreateHandle
 0001:00059CFC       TApplication.Destroy
 0001:0005CAE4       TApplication.DispatchAction
 0001:0005BC4C       TApplication.DoActionIdle
 0001:0005BCC8       TApplication.DoMouseIdle
 0001:0005A15C       TApplication.DoNormalizeTopMosts
 0001:0005CB90       TApplication.ExecuteAction
 0001:0005CA94       TApplication.GetCurrentHelpFile
 0001:0005BBB4       TApplication.GetExeName
 0001:0005AC7C       TApplication.GetIconHandle
 0001:0005AF40       TApplication.GetTitle
 0001:0005B604       TApplication.HandleException
 0001:0005B2E8       TApplication.HandleMessage
 0001:0005BB8C       TApplication.HelpCommand
 0001:0005BB14       TApplication.HelpContext
 0001:0005BA9C       TApplication.HelpKeyword
 0001:0005C358       TApplication.HideHint
 0001:0005C1DC       TApplication.HintMouseMessage
 0001:0005C314       TApplication.HintTimerExpired
 0001:0005B310       TApplication.HookMainWindow
 0001:0005CC84       TApplication.HookSynchronizeWakeup
 0001:0005BEE8       TApplication.IconChanged
 0001:0005BD74       TApplication.Idle
 0001:0005B438       TApplication.Initialize
 0001:0005B8E8       TApplication.InvokeHelp
 0001:0005AF9C       TApplication.IsDlgMsg
 0001:0005B15C       TApplication.IsHintMsg
 0001:0005B048       TApplication.IsKeyMsg
 0001:0005AFDC       TApplication.IsMDIMsg
 0001:0005B1A0       TApplication.IsShortCut
 0001:0005B6A4       TApplication.MessageBox
 0001:0005ACB4       TApplication.Minimize
 0001:0005A26C       TApplication.ModalFinished
 0001:0005A22C       TApplication.ModalStarted
 0001:0005A2C0       TApplication.NormalizeAllTopMosts
 0001:0005A2AC       TApplication.NormalizeTopMosts
 0001:0005BE98       TApplication.NotifyForms
 0001:0005B220       TApplication.ProcessMessage
 0001:0005ADA0       TApplication.Restore
 0001:0005A2D4       TApplication.RestoreTopMosts
 0001:0005B4EC       TApplication.Run
 0001:0005BF64       TApplication.SetHint
 0001:0005BBD0       TApplication.SetShowHint
 0001:0005A430       TApplication.SettingChange
 0001:0005B80C       TApplication.ShowException
 0001:0005C14C       TApplication.StartHintTimer
 0001:0005C1A4       TApplication.StopHintTimer
 0001:0005B5E8       TApplication.Terminate
 0001:0005B388       TApplication.UnhookMainWindow
 0001:0005CCA0       TApplication.UnhookSynchronizeWakeup
 0001:0005CBCC       TApplication.UpdateAction
 0001:0005C070       TApplication.UpdateVisible
 0001:0005A390       TApplication.UseRightToLeftAlignment
 0001:0005A360       TApplication.UseRightToLeftReading
 0001:0005C110       TApplication.ValidateHelpSystem
 0001:0005CC60       TApplication.WakeMainThread
 0001:0005A538       TApplication.WndProc
 0002:00000CA0       TaskActiveWindow
 0002:00000CA8       TaskFirstTopMost
 0002:00000CA4       TaskFirstWindow
 0002:00000CAC       TaskWindowList
 0001:000314DC       TBaseDragControlObject.Assign
 0001:00031498       TBaseDragControlObject.Create
 0001:00031518       TBaseDragControlObject.EndDrag
 0001:00031548       TBaseDragControlObject.Finished
 0001:0001BFB8       TBasicAction.Change
 0001:0001BD90       TBasicAction.Create
 0001:0001BDEC       TBasicAction.Destroy
 0001:0001BED8       TBasicAction.Execute
 0001:0001BE7C       TBasicAction.ExecuteTarget
 0001:0001BE64       TBasicAction.HandlesTarget
 0001:0001BE8C       TBasicAction.Notification
 0001:0001BFDC       TBasicAction.RegisterChanges
 0001:0001C060       TBasicAction.SetActionComponent
 0001:0001BF40       TBasicAction.SetOnExecute
 0001:0001C004       TBasicAction.UnRegisterChanges
 0001:0001BF0C       TBasicAction.Update
 0001:0001BEC8       TBasicAction.UpdateTarget
 0001:0001BC4C       TBasicActionLink.AssignClient
 0001:0001BCA4       TBasicActionLink.Change
 0001:0001BBFC       TBasicActionLink.Create
 0001:0001BC5C       TBasicActionLink.Destroy
 0001:0001BCCC       TBasicActionLink.Execute
 0001:0001BD50       TBasicActionLink.IsOnExecuteLinked
 0001:0001BD04       TBasicActionLink.SetAction
 0001:0001BD64       TBasicActionLink.SetOnExecute
 0001:0001BD70       TBasicActionLink.Update
 0001:00022984       TBitmap.Assign
 0001:00022B94       TBitmap.Changed
 0001:00022B58       TBitmap.Changing
 0001:00022A84       TBitmap.CopyImage
 0001:000228B8       TBitmap.Create
 0001:00022934       TBitmap.Destroy
 0001:000231F0       TBitmap.DIBNeeded
 0001:00022BB8       TBitmap.Dormant
 0001:00022C40       TBitmap.Draw
 0001:000232C4       TBitmap.FreeContext
 0001:00022EE4       TBitmap.FreeImage
 0001:00022FC4       TBitmap.GetCanvas
 0001:00022F84       TBitmap.GetEmpty
 0001:00023034       TBitmap.GetHandle
 0001:0002306C       TBitmap.GetHandleType
 0001:000230C4       TBitmap.GetHeight
 0001:000230E8       TBitmap.GetMaskHandle
 0001:0002310C       TBitmap.GetMonochrome
 0001:00023148       TBitmap.GetPalette
 0001:0002316C       TBitmap.GetTransparentColor
 0001:000231D4       TBitmap.GetWidth
 0001:000232E4       TBitmap.HandleNeeded
 0001:00023550       TBitmap.LoadFromClipboardFormat
 0001:000235E8       TBitmap.LoadFromStream
 0001:000233A8       TBitmap.MaskHandleNeeded
 0001:00023618       TBitmap.NewImage
 0001:00023440       TBitmap.PaletteNeeded
 0001:00023724       TBitmap.ReadData
 0001:00023754       TBitmap.ReadDIB
 0001:00023D20       TBitmap.ReadStream
 0001:00024668       TBitmap.SaveToClipboardFormat
 0001:00024648       TBitmap.SaveToStream
 0001:00023D98       TBitmap.SetHandle
 0001:00023E84       TBitmap.SetHandleType
 0001:00024050       TBitmap.SetHeight
 0001:000240C0       TBitmap.SetMonochrome
 0001:0002416C       TBitmap.SetPalette
 0001:00024278       TBitmap.SetWidth
 0001:000242E8       TBitmap.WriteData
 0001:00024308       TBitmap.WriteStream
 0001:00021AE0       TBitmapCanvas.Create
 0001:00021C1C       TBitmapCanvas.CreateHandle
 0001:00021B30       TBitmapCanvas.Destroy
 0001:00021B6C       TBitmapCanvas.FreeContext
 0001:00021D68       TBitmapImage.Destroy
 0001:00021DE8       TBitmapImage.FreeHandle
 0001:00014AF0       TBits.Destroy
 0001:00014B2C       TBits.Error
 0001:00014C78       TBits.OpenBit
 0001:00014C4C       TBits.SetBit
 0001:00014B78       TBits.SetSize
 0001:0001F190       TBrush.Assign
 0001:0001F110       TBrush.Create
 0001:0001F15C       TBrush.Destroy
 0001:0001F2F8       TBrush.GetColor
 0001:0001F238       TBrush.GetData
 0001:0001F34C       TBrush.GetHandle
 0001:0001F440       TBrush.GetStyle
 0001:0001F2C4       TBrush.SetBitmap
 0001:0001F314       TBrush.SetColor
 0001:0001F270       TBrush.SetData
 0001:0001F45C       TBrush.SetStyle
 0001:0002D658       TButton.Click
 0001:0002D884       TButton.CMDialogChar
 0001:0002D7F8       TButton.CMDialogKey
 0001:0002D918       TButton.CMFocusChanged
 0001:0002D7D0       TButton.CNCommand
 0001:0002D9C0       TButton.CNCtlColorBtn
 0001:0002D5DC       TButton.Create
 0001:0002D760       TButton.CreateParams
 0001:0002D7AC       TButton.CreateWnd
 0001:0002D6A4       TButton.SetButtonStyle
 0001:0002D70C       TButton.SetDefault
 0001:0002D690       TButton.UseRightToLeftAlignment
 0001:0002D988       TButton.WMEraseBkgnd
 0001:0002D264       TButtonActionLink.AssignClient
 0001:0002D294       TButtonActionLink.IsCheckedLinked
 0001:0002D2E4       TButtonActionLink.SetChecked
 0001:0002D3B8       TButtonControl.ActionChange
 0001:0002D4E0       TButtonControl.CNCtlColorStatic
 0001:0002D350       TButtonControl.Create
 0001:0002D574       TButtonControl.CreateParams
 0001:0002D414       TButtonControl.GetActionLinkClass
 0001:0002D42C       TButtonControl.GetChecked
 0001:0002D440       TButtonControl.SetChecked
 0001:0002D5A8       TButtonControl.SetWordWrap
 0001:0002D53C       TButtonControl.WMEraseBkGnd
 0001:0002D450       TButtonControl.WndProc
 0001:0001FF0C       TCanvas.BrushChanged
 0001:0001FD5C       TCanvas.Changed
 0001:0001FD38       TCanvas.Changing
 0001:0001F620       TCanvas.CopyRect
 0001:0001F498       TCanvas.Create
 0001:0001FE04       TCanvas.CreateBrush
 0001:0001FD80       TCanvas.CreateFont
 0001:0001FC1C       TCanvas.CreateHandle
 0001:0001FDC0       TCanvas.CreatePen
 0001:0001FBA4       TCanvas.DeselectHandles
 0001:0001F5A8       TCanvas.Destroy
 0001:0001F6D0       TCanvas.Draw
 0001:0001F794       TCanvas.FillRect
 0001:0001FEA4       TCanvas.FontChanged
 0001:0001FB70       TCanvas.GetHandle
 0001:0001FA80       TCanvas.GetPenPos
 0001:0001FADC       TCanvas.GetPixel
 0001:0001F7E4       TCanvas.LineTo
[...]
  4925 0001:00063AA0  4926 0001:00063AB6  4927 0001:00063AC4  4929 0001:00063B07
  4930 0001:00063B10  4931 0001:00063B3E  4933 0001:00063B42  4934 0001:00063B4A
  4923 0001:00063B55  4937 0001:00063B6C  4941 0001:00063B7C  4945 0001:00063B9A
  4946 0001:00063B9E  4947 0001:00063BAB  4950 0001:00063BC3  4953 0001:00063BD3
  4954 0001:00063BE8  4955 0001:00063BF2  4958 0001:00063C0A  4959 0001:00063C28
  4958 0001:00063C8F  4960 0001:00063C94  4963 0001:00063CB0  4964 0001:00063CCF
  4965 0001:00063CDD  4967 0001:00063CFF  4968 0001:00063D23  4970 0001:00063D2F
  4971 0001:00063D4C  4973 0001:00063D5B  4974 0001:00063D5F  4975 0001:00063D68
  4978 0001:00063DAE  4965 0001:00063DB1  4980 0001:00063DC7  4985 0001:00063DD7
  4987 0001:00063DEC  4988 0001:00063E0B  4989 0001:00063E19  4990 0001:00063E29
  4991 0001:00063E45  4992 0001:00063E53  4993 0001:00063E5B  4994 0001:00063E66
  4996 0001:00063E70  4998 0001:00063E97  4999 0001:00063EB6  5000 0001:00063EC4
  5002 0001:00063EE6  5003 0001:00063EFC  5005 0001:00063F06  5006 0001:00063F2D
  5007 0001:00063F3D  5008 0001:00063F5A  5010 0001:00063F69  5011 0001:00063F6D
  5012 0001:00063F76  5015 0001:00063FC2  5000 0001:00063FC5  5017 0001:00063FDB
  5020 0001:00063FEB  5021 0001:00063FF3  4994 0001:00063FFE  5024 0001:00064015
  5027 0001:00064032  5035 0001:00064042  5036 0001:00064046  5037 0001:0006404F
  5039 0001:00064062  5043 0001:00064098  5044 0001:0006409C  5045 0001:000640A9
  5048 0001:000640C1  5052 0001:000640CF  5055 0001:000640FA  5056 0001:00064103
  5057 0001:00064116  5060 0001:0006411F  5066 0001:00064131  5067 0001:0006416A
  5070 0001:00064195  5071 0001:0006419E  5072 0001:000641B1  5075 0001:000641BA
  5082 0001:000641CB  5083 0001:0006420A  5086 0001:00064232  5087 0001:0006423B
  5088 0001:0006424E  5092 0001:00064254  5093 0001:0006425D  5094 0001:00064270
  5096 0001:00064274  5098 0001:0006438D  5102 0001:000643F4  5103 0001:00064420
  5104 0001:00064424  5105 0001:00064443  5106 0001:00064462  5107 0001:00064470
  5108 0001:00064481  5109 0001:00064492  5110 0001:000644A3  5111 0001:000644B4
  5112 0001:000644C5  5113 0001:000644D6  5114 0001:000644E7  5115 0001:000644F8
  5116 0001:00064509  5118 0001:0006451A  5119 0001:0006452C  5120 0001:0006454A
  5121 0001:0006456E  5123 0001:00064590  5124 0001:00064596  5125 0001:000645A0
  5126 0001:000645A7  5119 0001:000645AA  5129 0001:000645AF  5130 0001:000645BD
  5132 0001:000645C9  5133 0001:000645CF  5134 0001:000645D9  5137 0001:000645E0
  5140 0001:00064606  5141 0001:0006460E  5143 0001:0006465C  5146 0001:000646F8
  5147 0001:000646FC  5148 0001:0006470E  5151 0001:00064714  5152 0001:00064718
  5153 0001:00064727  5154 0001:0006472D  5155 0001:0006473A  5158 0001:00064740
  5159 0001:0006475F  5160 0001:000647B5  5164 0001:000647C0  5165 0001:000647C4
  5166 0001:000647DA  5167 0001:000647EC  5168 0001:000647F3  5171 0001:000647F8
  5172 0001:000647FC  5173 0001:00064810  5174 0001:00064824  5175 0001:0006482B
  5177 0001:00064834  5178 0001:00064857  5180 0001:00064892  5181 0001:000648CD
  5182 0001:000648F5  5183 0001:00064927  5184 0001:00064965  5185 0001:00064996
  5187 0001:000649D8  5190 0001:000649E1  5191 0001:00064A1C  5192 0001:00064A49
  5193 0001:00064A70  5194 0001:00064AA5  5195 0001:00064AD5  5197 0001:00064B17
  5200 0001:00064B20  5201 0001:00064B5B  5202 0001:00064B96  5203 0001:00064BCB
  5204 0001:00064BFA  5205 0001:00064C38  5207 0001:00064C7A  5210 0001:00064C83
  5211 0001:00064CBE  5212 0001:00064CEF  5213 0001:00064D18  5214 0001:00064D4D
  5215 0001:00064D7D  5217 0001:00064DBC  5220 0001:00064DC2  5225 0001:00064DD3
  5227 0001:00064E12  5230 0001:00064E18  5232 0001:00064E4E  5236 0001:00064E58
  5237 0001:00064E61  5238 0001:00064E6A  5239 0001:00064E75  5240 0001:00064E7D
  5245 0001:00064E84  5246 0001:00064EA0  5247 0001:00064EAC  5248 0001:00064ED0
  5255 0001:00064ED8  5256 0001:00064EF7  5257 0001:00064F28  5258 0001:00064F3A
  5259 0001:00064F4A  5260 0001:00064F6F  5265 0001:00064F78  5266 0001:00064F9B
  5267 0001:00064FFE  5272 0001:00065008  5273 0001:00065017  5274 0001:0006504A
  5279 0001:00065054  5280 0001:00065077  5281 0001:000650EF  5285 0001:00065100
  5286 0001:00065109  5287 0001:00065115  5290 0001:0006511C  5291 0001:00065128
  5292 0001:00065131  5295 0001:00065138  5296 0001:00065144  5297 0001:0006514D
  5302 0001:00065154  5303 0001:00065160  5304 0001:00065169  5305 0001:0006517A
  5308 0001:00065180  5309 0001:00065190  5311 0001:000651A1  5312 0001:000651B5
  5313 0001:000651C6  5314 0001:000651CC  5316 0001:000651D7  5318 0001:00065203
  5321 0001:00065214  5343 0001:0006521C  5344 0001:00065228  5345 0001:0006523E
  5347 0001:0006524D  5348 0001:00065253  5349 0001:0006526A  5350 0001:0006527B
  5344 0001:0006527E  5351 0001:00065283  5352 0001:0006528B  5357 0001:00065290
  5358 0001:0006529D  5360 0001:000652AA  5361 0001:000652AF  5364 0001:000652B6
  5363 0001:000652B9  5365 0001:000652D3  5367 0001:000652DE  5369 0001:000652E6
  5368 0001:000652E9  5371 0001:00065303  5373 0001:00065306  5374 0001:0006530E
  5376 0001:00065337  5377 0001:00065341  5379 0001:00065348  5380 0001:00065357
  5381 0001:00065376  5382 0001:0006537F  5383 0001:00065385  5384 0001:0006539B
  5383 0001:000653B5  5386 0001:000653BA  5389 0001:000653C0  5390 0001:000653D8
  5391 0001:000653E2  5392 0001:000653EC  5393 0001:000653F4  5394 0001:00065408
  5395 0001:00065439  5398 0001:00065440  5399 0001:00065451  5400 0001:0006545B
  5401 0001:00065466  5402 0001:00065482  5407 0001:00065488  5408 0001:00065494
  5410 0001:0006549F  5411 0001:000654AC  5412 0001:000654B9  5413 0001:000654C0
  5414 0001:000654D1  5415 0001:000654F3  5416 0001:000654FC  5419 0001:00065500
  5420 0001:0006550F  5421 0001:0006551A  5422 0001:00065524  5423 0001:00065538
  5466 0001:0006553C  5467 0001:0006554B  5468 0001:00065556  5469 0001:0006556A
  5470 0001:0006557F  5543 0001:00065584  5543 0001:000655A9  5544 0001:000655B0
  5545 0001:000655BF  5546 0001:000655C5  5548 0001:000655CF  5550 0001:000655E0
  5551 0001:00065601  5554 0001:00065614  5555 0001:00065624  5556 0001:0006563C
  5557 0001:00065654  5559 0001:00065672  5561 0001:0006568E  5562 0001:00065697
  5564 0001:000656AC  5567 0001:000656B0  5568 0001:000656BD  5569 0001:000656D7
  5572 0001:000656DC  5573 0001:000656F4  5574 0001:000656FE  5575 0001:00065708
  5576 0001:00065710  5577 0001:0006573E  5580 0001:00065744  5581 0001:00065755
  5582 0001:00065763  5583 0001:0006576C  5584 0001:00065785  5587 0001:0006578C
  5588 0001:00065798  5589 0001:000657AC  5592 0001:000657B0  5593 0001:000657B7
  5594 0001:000657C2  5595 0001:000657CA  5598 0001:000657D0  5601 0001:000657D9
  5602 0001:000657DF  5599 0001:000657F1  5604 0001:0006582B  5609 0001:00065830
  5610 0001:0006583D  5611 0001:00065857  5614 0001:0006585C  5615 0001:00065877
  5616 0001:00065881  5617 0001:000658A5  5620 0001:000658AC  5621 0001:000658B3
  5622 0001:000658C2  5631 0001:000658C8  5632 0001:000658DB  5633 0001:000658E1
  5635 0001:000658FA  5636 0001:00065903  5637 0001:00065910  5638 0001:00065919
  5639 0001:00065927  5640 0001:0006593A  5639 0001:0006594F  5641 0001:00065954
  5643 0001:00065975  5644 0001:00065980  5647 0001:00065993  5652 0001:00065998
  5653 0001:000659A8  5654 0001:000659C1  5659 0001:000659C8  5660 0001:000659D7
  5661 0001:000659E0  5662 0001:000659EC  5665 0001:000659F0  5666 0001:000659FC
  5667 0001:00065A0A  5668 0001:00065A16  5671 0001:00065A1C  5672 0001:00065A34
  5673 0001:00065A3E  5674 0001:00065A61  5677 0001:00065A68  5678 0001:00065A6F
  5679 0001:00065A77  5688 0001:00065A7C  5689 0001:00065A8E  5693 0001:00065A94
  5696 0001:00065AB2  5697 0001:00065ABB  5698 0001:00065AC8  5699 0001:00065AD1
  5700 0001:00065ADF  5701 0001:00065AF2  5700 0001:00065B07  5705 0001:00065B0C
  5708 0001:00065B32  5709 0001:00065B3D  5712 0001:00065B4D  5713 0001:00065B59
  5716 0001:00065B60  5717 0001:00065B6D  5718 0001:00065B87  5721 0001:00065B8C
  5722 0001:00065BA7  5723 0001:00065BB1  5724 0001:00065BBA  5725 0001:00065BDD
  5728 0001:00065BE4  5729 0001:00065BEB  5730 0001:00065BF3  5735 0001:00065BF8
  5736 0001:00065C10  5737 0001:00065C22  5738 0001:00065C2F  5739 0001:00065C3A
  5740 0001:00065C5D  5743 0001:00065C64  5744 0001:00065C75  5745 0001:00065C7D
  5746 0001:00065C88  5747 0001:00065CA4  5752 0001:00065CA8  5753 0001:00065CB1
  5754 0001:00065CBF  5753 0001:00065CCD  5755 0001:00065CD3  5756 0001:00065CDB
  5757 0001:00065CE2  5760 0001:00065CE8  5761 0001:00065CF4  5762 0001:00065D02
  5763 0001:00065D10  5764 0001:00065D22  5765 0001:00065D34  5766 0001:00065D46
  5767 0001:00065D58  5768 0001:00065D6A  5773 0001:00065D70  5774 0001:00065D88
  5775 0001:00065D90  5776 0001:00065DB3  5779 0001:00065DB8  5780 0001:00065DC9
  5781 0001:00065DD3  5782 0001:00065DEF  5793 0001:00065DF4  5794 0001:00065E00
  5796 0001:00065E0D  5797 0001:00065E16  5799 0001:00065E23  5800 0001:00065E29
  5801 0001:00065E32  5802 0001:00065E3E  5803 0001:00065E4A  5804 0001:00065E53
  5805 0001:00065E5C  5806 0001:00065E65  5808 0001:00065E6B  5810 0001:00065E71
  5811 0001:00065E7B  5814 0001:00065E85  5815 0001:00065E8F  5817 0001:00065E97
  5820 0001:00065EA4  5821 0001:00065EAC  5825 0001:00065EB9  5826 0001:00065EC5
  5827 0001:00065ECE  5829 0001:00065ED7  5830 0001:00065EE1  5833 0001:00065EED
  5834 0001:00065EF5  5836 0001:00065EFD  5842 0001:00065F08  5843 0001:00065F11
  5845 0001:00065F1E  5846 0001:00065F24  5847 0001:00065F2D  5848 0001:00065F39
  5849 0001:00065F45  5850 0001:00065F4E  5852 0001:00065F57  5853 0001:00065F60
  5855 0001:00065F66  5857 0001:00065F6C  5858 0001:00065F76  5861 0001:00065F80
  5862 0001:00065F8A  5864 0001:00065F92  5867 0001:00065F9C  5868 0001:00065FA4
  5872 0001:00065FAE  5873 0001:00065FBA  5874 0001:00065FC3  5876 0001:00065FCC
  5877 0001:00065FD6  5880 0001:00065FE2  5881 0001:00065FEA  5883 0001:00065FF2
  5886 0001:00065FF8  5887 0001:00066001  5897 0001:00066008  5898 0001:00066015
  5899 0001:0006601B  5900 0001:00066023  5901 0001:0006602B  5902 0001:00066033
  5904 0001:0006603B  5905 0001:00066044  5908 0001:00066052  5909 0001:00066057
  5910 0001:0006605C  5911 0001:00066061  5912 0001:00066066  5913 0001:0006606F
  5915 0001:00066074  5917 0001:0006607D  5918 0001:00066083  5919 0001:00066089
  5921 0001:0006608F  5923 0001:0006609D  5924 0001:000660B4  5925 0001:000660CB
  5927 0001:000660D2  5928 0001:000660E3  5930 0001:000660E9  5932 0001:000660EF
  5933 0001:000660F8  5934 0001:00066104  5935 0001:0006610D  5936 0001:00066119
  5937 0001:0006611F  5939 0001:00066124  5940 0001:0006612A  5942 0001:00066130
  5943 0001:00066139  5946 0001:00066147  5947 0001:00066150  5949 0001:0006615C
  5950 0001:0006615F  5952 0001:00066169  5953 0001:0006616F  5954 0001:0006617A
  5956 0001:00066183  5958 0001:00066189  5959 0001:0006618F  5962 0001:0006619A
  5963 0001:000661A8  5964 0001:000661B1  5965 0001:000661B8  5966 0001:000661BB
  5967 0001:000661C4  5968 0001:000661CA  5969 0001:000661CF  5970 0001:000661D2
  5971 0001:000661D8  5972 0001:000661E3  5973 0001:000661EC  5975 0001:000661F8
  5976 0001:00066201  5980 0001:00066206  5981 0001:0006620C  5983 0001:00066214
  5984 0001:00066222  5985 0001:0006622B  5986 0001:00066232  5987 0001:00066235
  5989 0001:0006623B  5990 0001:00066245  5993 0001:00066250  5994 0001:0006625A
  5981 0001:00066263  5998 0001:0006626B  6000 0001:00066271  6001 0001:0006627F
  6002 0001:00066285  6005 0001:00066290  6006 0001:00066297  6007 0001:000662A5
  6008 0001:000662AE  6009 0001:000662B5  6010 0001:000662BB  6011 0001:000662C6
  6015 0001:000662CF  6016 0001:000662D8  6023 0001:000662E4  6024 0001:00066307
  6026 0001:00066317  6027 0001:0006631C  6029 0001:00066325  6030 0001:0006632B
  6031 0001:00066334  6032 0001:0006633A  6033 0001:00066343  6035 0001:00066348
  6037 0001:00066352  6038 0001:00066366  6039 0001:0006637A  6041 0001:0006637F
  6042 0001:00066385  6043 0001:000663A8  6045 0001:000663AE  6047 0001:000663B4
  6048 0001:000663BA  6050 0001:000663BC  6053 0001:000663C6  6054 0001:000663CC
  6055 0001:000663D9  6056 0001:000663DF  6057 0001:000663E5  6058 0001:000663F0
  6035 0001:000663F9  6060 0001:00066403  6061 0001:00066429  6070 0001:00066430
  6071 0001:00066440  6072 0001:00066450  6073 0001:00066455  6075 0001:0006645D
  6076 0001:00066462  6077 0001:0006646B  6080 0001:00066470  6082 0001:0006647A
  6083 0001:0006648E  6084 0001:000664A2  6086 0001:000664A7  6087 0001:000664AD
  6088 0001:000664BE  6090 0001:000664C4  6091 0001:000664CA  6093 0001:000664D0
  6094 0001:000664D9  6097 0001:000664E7  6098 0001:000664F0  6100 0001:000664FC
  6101 0001:000664FF  6078 0001:00066505  6103 0001:0006650A  6104 0001:00066510
  6105 0001:00066516  6107 0001:0006651C  6109 0001:00066525  6110 0001:0006652E
  6111 0001:0006653A  6114 0001:00066543  6115 0001:0006654C  6116 0001:00066558
  6118 0001:0006655F  6120 0001:00066562  6122 0001:00066568  6124 0001:0006656B
  6125 0001:00066571  6126 0001:00066577  6128 0001:0006657D  6129 0001:00066586
  6132 0001:00066594  6133 0001:0006659D  6135 0001:000665A9  6136 0001:000665AC
  6138 0001:000665B2  6139 0001:000665BA  6140 0001:000665C4  6142 0001:000665CA
  6143 0001:000665D0  6144 0001:000665DB  6147 0001:000665E4  6148 0001:000665EA
  6149 0001:000665F5  6150 0001:000665FB  6151 0001:00066606  6153 0001:0006660F
  6154 0001:00066617  6155 0001:0006661F  6157 0001:00066625  6159 0001:0006662D
  6160 0001:00066639  6161 0001:00066645  6162 0001:00066651  6163 0001:00066657
  6166 0001:00066662  6167 0001:00066669  6168 0001:00066677  6169 0001:00066682
  6173 0001:0006668B  6175 0001:00066695  6176 0001:0006669E  6177 0001:000666A3
  6178 0001:000666A8  6180 0001:000666B0  6182 0001:000666BE  6183 0001:000666C7
  6186 0001:000666D2  6187 0001:000666DB  6189 0001:000666E4  6190 0001:000666E7
  6191 0001:000666ED  6178 0001:000666F3  6194 0001:000666FB  6195 0001:00066702
  6198 0001:00066708  6200 0001:0006670E  6201 0001:00066717  6202 0001:0006671D
  6203 0001:00066722  6204 0001:00066725  6206 0001:00066731  6207 0001:0006673F
  6209 0001:0006674A  6210 0001:00066753  6212 0001:00066760  6214 0001:00066766
  6215 0001:0006676C  6216 0001:00066772  6217 0001:00066775  6218 0001:00066783
  6219 0001:0006678C  6220 0001:00066793  6222 0001:00066799  6223 0001:000667A2
  6226 0001:000667B0  6227 0001:000667B9  6196 0001:000667C2  6230 0001:000667C7
  6232 0001:000667D0  6234 0001:000667D6  6235 0001:000667E1  6236 0001:000667ED
  6238 0001:000667F3  6245 0001:000667FC  6246 0001:0006681E  6247 0001:00066827
  6248 0001:00066836  6250 0001:0006683C  6252 0001:00066845  6253 0001:0006684E
  6254 0001:00066857  6255 0001:00066864  6256 0001:0006686A  6260 0001:00066885
  6261 0001:0006688E  6262 0001:0006689A  6264 0001:000668A3  6248 0001:000668A9
  6266 0001:000668AF  6267 0001:000668C5  6266 0001:000668E1  6268 0001:000668E6
  6269 0001:00066916  6274 0001:0006691C  6275 0001:00066929  6276 0001:00066932
  6278 0001:00066938  6280 0001:00066941  6281 0001:0006694A  6285 0001:00066959
  6286 0001:00066962  6287 0001:0006696E  6289 0001:00066977  6276 0001:0006697D
  6291 0001:00066983  6292 0001:0006698B  6293 0001:00066993  6296 0001:00066998
  6297 0001:000669A7  6298 0001:000669C7  6301 0001:000669CC  6302 0001:000669DB
  6303 0001:000669FE  6313 0001:00066A04  6314 0001:00066A1F  6315 0001:00066A29
  6316 0001:00066A4D  6375 0001:00066A54  6376 0001:00066A5D  6377 0001:00066A69
  6378 0001:00066A73  6379 0001:00066A7F  6381 0001:00066A85  6382 0001:00066A8E
  6383 0001:00066A9E  6384 0001:00066AA4  6379 0001:00066AAD  6386 0001:00066AB3
  6413 0001:00066ABC  6414 0001:00066AC5  6416 0001:00066ACE  6417 0001:00066AD3
  6419 0001:00066AD5  6420 0001:00066ADE  6421 0001:00066AEC  6422 0001:00066AFF
  6427 0001:00066B04  6428 0001:00066B0D  6430 0001:00066B1A  6431 0001:00066B23
  6432 0001:00066B34  6434 0001:00066B47  6436 0001:00066B4D  6438 0001:00066B56
  6439 0001:00066B60  6441 0001:00066B62  6442 0001:00066B68  6445 0001:00066B7E
  6446 0001:00066B90  6447 0001:00066BA0  6450 0001:00066BA6  6451 0001:00066BAF
  6453 0001:00066BB5  6454 0001:00066BC7  6455 0001:00066BD7  6448 0001:00066BDD
  6459 0001:00066BDF  6498 0001:00066BE4  6499 0001:00066BF3  6500 0001:00066BFB
  6503 0001:00066C00  6504 0001:00066C09  6505 0001:00066C1E  6510 0001:00066C24
  6511 0001:00066C3F  6512 0001:00066C4D  6513 0001:00066C56  6514 0001:00066C84
  6517 0001:00066C8C  6518 0001:00066C98  6519 0001:00066CA6  6525 0001:00066CAC
  6526 0001:00066CB8  6527 0001:00066CBD  6528 0001:00066CD3  6527 0001:00066CF5
  6529 0001:00066CFA  6530 0001:00066D03  6533 0001:00066D08  6534 0001:00066D14
  6535 0001:00066D22  6582 0001:00066D28  6583 0001:00066D4B  6585 0001:00066D54
  6586 0001:00066D72  6588 0001:00066D7C  6589 0001:00066DA7  6607 0001:00066DAC
  6608 0001:00066DBC  6609 0001:00066DD0  6610 0001:00066DD6  6611 0001:00066DE3
  6612 0001:00066DEB  6617 0001:00066DF4  6618 0001:00066E03  6619 0001:00066E23
  6620 0001:00066E2C  6621 0001:00066E38  7501 0001:00066E6C  7501 0001:00066E73

Line numbers for PPDemo_Unt(PPDemo_Unt.pas) segment .text

    37 0001:00067058    38 0001:0006705B    39 0001:0006706E    40 0001:0006708B
    41 0001:000670A8    42 0001:000670C5    44 0001:000670E0    54 0001:00067144
    55 0001:00067162    56 0001:0006716D    57 0001:00067183    58 0001:000671AC
    60 0001:000671BF    61 0001:00067200    62 0001:00067229    63 0001:00067252
    69 0001:0006727B    71 0001:00067293    73 0001:000672A2    74 0001:000672E3
    78 0001:0006737C    84 0001:00067474    96 0001:000674B3   108 0001:000674B8
   116 0001:000674FC   117 0001:00067509   118 0001:00067516   119 0001:00067523
   120 0001:00067530   121 0001:0006753D   122 0001:00067545   123 0001:00067550
   124 0001:00067558   125 0001:00067571   126 0001:0006759A   127 0001:000675B3
   128 0001:000675BA   129 0001:000675C1   130 0001:000675C6   131 0001:000675CB
   132 0001:000675D2   134 0001:000675D7   135 0001:000675E4   136 0001:000675FF
   137 0001:00067611   138 0001:00067623   139 0001:0006763E   140 0001:00067659
   141 0001:00067674   142 0001:0006768F   143 0001:000676AA   144 0001:000676C5
   145 0001:000676E0   146 0001:00067701   147 0001:00067714   148 0001:00067727
   149 0001:0006773A   150 0001:0006774D   151 0001:00067760   152 0001:00067773
   154 0001:00067792   155 0001:000677A7   156 0001:000677AD   158 0001:000677FC
   160 0001:000678B0   171 0001:00067B80   173 0001:00067BA8   177 0001:00067BC2
   179 0001:00067BCD   183 0001:00067BD8   184 0001:00067BEA   185 0001:00067BF0
   187 0001:00067C0B   190 0001:00067C24   191 0001:00067C2B   192 0001:00067C3C
   193 0001:00067C42   195 0001:00067C5D   204 0001:00067C76   205 0001:00067C9C
   206 0001:00067CA2   208 0001:00067CD5   211 0001:00067CEE   212 0001:00067CF6
   213 0001:00067CFD   214 0001:00067D05   215 0001:00067D0D   216 0001:00067D15
   217 0001:00067D31   218 0001:00067D37   220 0001:00067D52   221 0001:00067D95
   224 0001:00067F14   225 0001:00067F20   226 0001:00067F25   229 0001:00067F2C
   230 0001:00067F38   231 0001:00067F43   233 0001:00067F78   233 0001:00067F7F

Line numbers for D7_PP(Z:\Developer\4pyun\4pyun-api\4pyun-api-c\4pyun-api-delphi\D7_PP.dpr) segment .text

    10 0001:000681A0    11 0001:000681B0    12 0001:000681BC    13 0001:000681D4
    14 0001:000681E0

Bound resource files

c:\program files (x86)\borland\delphi7\Lib\Buttons.res
c:\program files (x86)\borland\delphi7\Lib\ExtDlgs.res
c:\program files (x86)\borland\delphi7\Lib\Controls.res
PPDemo_Unt.dfm
D7_PP.res
D7_PP.drf


Program entry point at 0001:000681A0
