
 Start         Length     Name                   Class
 0001:00000000 00068358H .text                   CODE
 0002:00000000 00001228H .data                   DATA
 0002:00001228 00000BE5H .bss                    BSS


Detailed map of segments

 0001:00000000 0000523F C=CODE     S=.text    G=(none)   M=System   ACBP=A9
 0001:00005240 00000140 C=CODE     S=.text    G=(none)   M=SysInit  ACBP=A9
 0001:00005380 000000D4 C=CODE     S=.text    G=(none)   M=Types    ACBP=A9
 0001:00005454 00000CD0 C=CODE     S=.text    G=(none)   M=Windows  ACBP=A9
 0001:00006124 00000038 C=CODE     S=.text    G=(none)   M=Messages ACBP=A9
 0001:0000615C 00000328 C=CODE     S=.text    G=(none)   M=SysConst ACBP=A9
 0001:00006484 00007508 C=CODE     S=.text    G=(none)   M=SysUtils ACBP=A9
 0001:0000D98C 00000887 C=CODE     S=.text    G=(none)   M=VarUtils ACBP=A9
 0001:0000E214 00002A42 C=CODE     S=.text    G=(none)   M=Variants ACBP=A9
 0001:00010C58 00000120 C=CODE     S=.text    G=(none)   M=RTLConsts ACBP=A9
 0001:00010D78 00000908 C=CODE     S=.text    G=(none)   M=TypInfo  ACBP=A9
 0001:00011680 00000038 C=CODE     S=.text    G=(none)   M=ActiveX  ACBP=A9
 0001:000116B8 0000B476 C=CODE     S=.text    G=(none)   M=Classes  ACBP=A9
 0001:0001CB30 00000298 C=CODE     S=.text    G=(none)   M=Consts   ACBP=A9
 0001:0001CDC8 000086C3 C=CODE     S=.text    G=(none)   M=Graphics ACBP=A9
 0001:0002548C 00000090 C=CODE     S=.text    G=(none)   M=Math     ACBP=A9
 0001:0002551C 00000378 C=CODE     S=.text    G=(none)   M=Contnrs  ACBP=A9
 0001:00025894 00000110 C=CODE     S=.text    G=(none)   M=CommCtrl ACBP=A9
 0001:000259A4 0000087F C=CODE     S=.text    G=(none)   M=MultiMon ACBP=A9
 0001:00026224 00000038 C=CODE     S=.text    G=(none)   M=Imm      ACBP=A9
 0001:0002625C 00001210 C=CODE     S=.text    G=(none)   M=HelpIntfs ACBP=A9
 0001:0002746C 00000038 C=CODE     S=.text    G=(none)   M=WinSpool ACBP=A9
 0001:000274A4 00000048 C=CODE     S=.text    G=(none)   M=Printers ACBP=A9
 0001:000274EC 0000036B C=CODE     S=.text    G=(none)   M=FlatSB   ACBP=A9
 0001:00027858 00000204 C=CODE     S=.text    G=(none)   M=SyncObjs ACBP=A9
 0001:00027A5C 00000A63 C=CODE     S=.text    G=(none)   M=UxTheme  ACBP=A9
 0001:000284C0 00000038 C=CODE     S=.text    G=(none)   M=RichEdit ACBP=A9
 0001:000284F8 00000038 C=CODE     S=.text    G=(none)   M=ToolWin  ACBP=A9
 0001:00028530 00000038 C=CODE     S=.text    G=(none)   M=ShellAPI ACBP=A9
 0001:00028568 00000038 C=CODE     S=.text    G=(none)   M=RegStr   ACBP=A9
 0001:000285A0 00000038 C=CODE     S=.text    G=(none)   M=WinInet  ACBP=A9
 0001:000285D8 00000038 C=CODE     S=.text    G=(none)   M=UrlMon   ACBP=A9
 0001:00028610 00000038 C=CODE     S=.text    G=(none)   M=ShlObj   ACBP=A9
 0001:00028648 00000038 C=CODE     S=.text    G=(none)   M=CommDlg  ACBP=A9
 0001:00028680 00000038 C=CODE     S=.text    G=(none)   M=Dlgs     ACBP=A9
 0001:000286B8 00000749 C=CODE     S=.text    G=(none)   M=Dialogs  ACBP=A9
 0001:00028E04 00000702 C=CODE     S=.text    G=(none)   M=ExtCtrls ACBP=A9
 0001:00029508 00000038 C=CODE     S=.text    G=(none)   M=ComStrs  ACBP=A9
 0001:00029540 00000098 C=CODE     S=.text    G=(none)   M=Clipbrd  ACBP=A9
 0001:000295D8 00000038 C=CODE     S=.text    G=(none)   M=StrUtils ACBP=A9
 0001:00029610 00000101 C=CODE     S=.text    G=(none)   M=Buttons  ACBP=A9
 0001:00029714 00000038 C=CODE     S=.text    G=(none)   M=ExtDlgs  ACBP=A9
 0001:0002974C 00000068 C=CODE     S=.text    G=(none)   M=IniFiles ACBP=A9
 0001:000297B4 00000068 C=CODE     S=.text    G=(none)   M=Registry ACBP=A9
 0001:0002981C 00000070 C=CODE     S=.text    G=(none)   M=Mapi     ACBP=A9
 0001:0002988C 0000005C C=CODE     S=.text    G=(none)   M=ExtActns ACBP=A9
 0001:000298E8 00000038 C=CODE     S=.text    G=(none)   M=ListActns ACBP=A9
 0001:00029920 000001C0 C=CODE     S=.text    G=(none)   M=ComCtrls ACBP=A9
 0001:00029AE0 00000BE8 C=CODE     S=.text    G=(none)   M=Themes   ACBP=A9
 0001:0002A6C8 00003414 C=CODE     S=.text    G=(none)   M=StdCtrls ACBP=A9
 0001:0002DADC 0000017C C=CODE     S=.text    G=(none)   M=StdActns ACBP=A9
 0001:0002DC58 00000EAF C=CODE     S=.text    G=(none)   M=WinHelpViewer ACBP=A9
 0001:0002EB08 00014A8B C=CODE     S=.text    G=(none)   M=Controls ACBP=A9
 0001:00043594 0000190A C=CODE     S=.text    G=(none)   M=ActnList ACBP=A9
 0001:00044EA0 00001AF0 C=CODE     S=.text    G=(none)   M=ImgList  ACBP=A9
 0001:00046990 000079FD C=CODE     S=.text    G=(none)   M=Menus    ACBP=A9
 0001:0004E390 0000EA60 C=CODE     S=.text    G=(none)   M=Forms    ACBP=A9
 0001:0005CDF0 00000078 C=CODE     S=.text    G=(none)   M=PPSDK    ACBP=A9
 0001:0005CE68 00000040 C=CODE     S=.text    G=(none)   M=WinSock  ACBP=A9
 0001:0005CEA8 0000A064 C=CODE     S=.text    G=(none)   M=superobject ACBP=A9
 0001:00066F0C 000011E4 C=CODE     S=.text    G=(none)   M=PPDemo_Unt ACBP=A9
 0001:000680F0 00000265 C=CODE     S=.text    G=(none)   M=D7_PP    ACBP=A9
 0002:00000000 000000A4 C=DATA     S=.data    G=DGROUP   M=System   ACBP=A9
 0002:000000A4 00000020 C=DATA     S=.data    G=DGROUP   M=SysInit  ACBP=A9
 0002:000000C4 00000254 C=DATA     S=.data    G=DGROUP   M=SysUtils ACBP=A9
 0002:00000318 00000008 C=DATA     S=.data    G=DGROUP   M=VarUtils ACBP=A9
 0002:00000320 0000008E C=DATA     S=.data    G=DGROUP   M=Variants ACBP=A9
 0002:000003B0 0000000C C=DATA     S=.data    G=DGROUP   M=TypInfo  ACBP=A9
 0002:000003BC 00000064 C=DATA     S=.data    G=DGROUP   M=Classes  ACBP=A9
 0002:00000420 00000304 C=DATA     S=.data    G=DGROUP   M=Graphics ACBP=A9
 0002:00000724 00000004 C=DATA     S=.data    G=DGROUP   M=Printers ACBP=A9
 0002:00000728 00000074 C=DATA     S=.data    G=DGROUP   M=Dialogs  ACBP=A9
 0002:0000079C 00000178 C=DATA     S=.data    G=DGROUP   M=ExtCtrls ACBP=A9
 0002:00000914 0000002C C=DATA     S=.data    G=DGROUP   M=Buttons  ACBP=A9
 0002:00000940 00000008 C=DATA     S=.data    G=DGROUP   M=IniFiles ACBP=A9
 0002:00000948 00000008 C=DATA     S=.data    G=DGROUP   M=Registry ACBP=A9
 0002:00000950 00000008 C=DATA     S=.data    G=DGROUP   M=Mapi     ACBP=A9
 0002:00000958 00000018 C=DATA     S=.data    G=DGROUP   M=ComCtrls ACBP=A9
 0002:00000970 00000068 C=DATA     S=.data    G=DGROUP   M=Themes   ACBP=A9
 0002:000009D8 00000070 C=DATA     S=.data    G=DGROUP   M=StdCtrls ACBP=A9
 0002:00000A48 0000013C C=DATA     S=.data    G=DGROUP   M=Controls ACBP=A9
 0002:00000B84 00000020 C=DATA     S=.data    G=DGROUP   M=ImgList  ACBP=A9
 0002:00000BA4 000000EC C=DATA     S=.data    G=DGROUP   M=Menus    ACBP=A9
 0002:00000C90 0000011C C=DATA     S=.data    G=DGROUP   M=Forms    ACBP=A9
 0002:00000DAC 00000078 C=DATA     S=.data    G=DGROUP   M=superobject ACBP=A9
 0002:00002000 00000660 C=BSS      S=.bss     G=DGROUP   M=System   ACBP=A9
 0002:00002660 00000010 C=BSS      S=.bss     G=DGROUP   M=SysInit  ACBP=A9
 0002:00002670 00000004 C=BSS      S=.bss     G=DGROUP   M=Types    ACBP=A9
 0002:00002674 00000004 C=BSS      S=.bss     G=DGROUP   M=Windows  ACBP=A9
 0002:00002678 00000004 C=BSS      S=.bss     G=DGROUP   M=Messages ACBP=A9
 0002:0000267C 00000004 C=BSS      S=.bss     G=DGROUP   M=SysConst ACBP=A9
 0002:00002680 00000120 C=BSS      S=.bss     G=DGROUP   M=SysUtils ACBP=A9
 0002:000027A0 0000005C C=BSS      S=.bss     G=DGROUP   M=VarUtils ACBP=A9
 0002:000027FC 00000040 C=BSS      S=.bss     G=DGROUP   M=Variants ACBP=A9
 0002:0000283C 00000004 C=BSS      S=.bss     G=DGROUP   M=RTLConsts ACBP=A9
 0002:00002840 00000004 C=BSS      S=.bss     G=DGROUP   M=TypInfo  ACBP=A9
 0002:00002844 00000004 C=BSS      S=.bss     G=DGROUP   M=ActiveX  ACBP=A9
 0002:00002848 00000040 C=BSS      S=.bss     G=DGROUP   M=Classes  ACBP=A9
 0002:00002888 00000004 C=BSS      S=.bss     G=DGROUP   M=Consts   ACBP=A9
 0002:0000288C 00000060 C=BSS      S=.bss     G=DGROUP   M=Graphics ACBP=A9
 0002:000028EC 00000004 C=BSS      S=.bss     G=DGROUP   M=Math     ACBP=A9
 0002:000028F0 00000004 C=BSS      S=.bss     G=DGROUP   M=Contnrs  ACBP=A9
 0002:000028F4 00000004 C=BSS      S=.bss     G=DGROUP   M=CommCtrl ACBP=A9
 0002:000028F8 00000031 C=BSS      S=.bss     G=DGROUP   M=MultiMon ACBP=A9
 0002:0000292C 00000004 C=BSS      S=.bss     G=DGROUP   M=Imm      ACBP=A9
 0002:00002930 00000008 C=BSS      S=.bss     G=DGROUP   M=HelpIntfs ACBP=A9
 0002:00002938 00000004 C=BSS      S=.bss     G=DGROUP   M=WinSpool ACBP=A9
 0002:0000293C 00000004 C=BSS      S=.bss     G=DGROUP   M=Printers ACBP=A9
 0002:00002940 00000034 C=BSS      S=.bss     G=DGROUP   M=FlatSB   ACBP=A9
 0002:00002974 00000004 C=BSS      S=.bss     G=DGROUP   M=SyncObjs ACBP=A9
 0002:00002978 000000CC C=BSS      S=.bss     G=DGROUP   M=UxTheme  ACBP=A9
 0002:00002A44 00000004 C=BSS      S=.bss     G=DGROUP   M=RichEdit ACBP=A9
 0002:00002A48 00000004 C=BSS      S=.bss     G=DGROUP   M=ToolWin  ACBP=A9
 0002:00002A4C 00000004 C=BSS      S=.bss     G=DGROUP   M=ShellAPI ACBP=A9
 0002:00002A50 00000004 C=BSS      S=.bss     G=DGROUP   M=RegStr   ACBP=A9
 0002:00002A54 00000004 C=BSS      S=.bss     G=DGROUP   M=WinInet  ACBP=A9
 0002:00002A58 00000004 C=BSS      S=.bss     G=DGROUP   M=UrlMon   ACBP=A9
 0002:00002A5C 00000004 C=BSS      S=.bss     G=DGROUP   M=ShlObj   ACBP=A9
 0002:00002A60 00000004 C=BSS      S=.bss     G=DGROUP   M=CommDlg  ACBP=A9
 0002:00002A64 00000004 C=BSS      S=.bss     G=DGROUP   M=Dlgs     ACBP=A9
 0002:00002A68 0000000C C=BSS      S=.bss     G=DGROUP   M=Dialogs  ACBP=A9
 0002:00002A74 00000004 C=BSS      S=.bss     G=DGROUP   M=ExtCtrls ACBP=A9
 0002:00002A78 00000004 C=BSS      S=.bss     G=DGROUP   M=ComStrs  ACBP=A9
 0002:00002A7C 0000000C C=BSS      S=.bss     G=DGROUP   M=Clipbrd  ACBP=A9
 0002:00002A88 00000004 C=BSS      S=.bss     G=DGROUP   M=StrUtils ACBP=A9
 0002:00002A8C 00000030 C=BSS      S=.bss     G=DGROUP   M=Buttons  ACBP=A9
 0002:00002ABC 00000004 C=BSS      S=.bss     G=DGROUP   M=ExtDlgs  ACBP=A9
 0002:00002AC0 00000004 C=BSS      S=.bss     G=DGROUP   M=IniFiles ACBP=A9
 0002:00002AC4 00000004 C=BSS      S=.bss     G=DGROUP   M=Registry ACBP=A9
 0002:00002AC8 00000004 C=BSS      S=.bss     G=DGROUP   M=Mapi     ACBP=A9
 0002:00002ACC 00000009 C=BSS      S=.bss     G=DGROUP   M=ExtActns ACBP=A9
 0002:00002AD8 00000004 C=BSS      S=.bss     G=DGROUP   M=ListActns ACBP=A9
 0002:00002ADC 00000010 C=BSS      S=.bss     G=DGROUP   M=ComCtrls ACBP=A9
 0002:00002AEC 00000008 C=BSS      S=.bss     G=DGROUP   M=Themes   ACBP=A9
 0002:00002AF4 00000004 C=BSS      S=.bss     G=DGROUP   M=StdCtrls ACBP=A9
 0002:00002AF8 00000004 C=BSS      S=.bss     G=DGROUP   M=StdActns ACBP=A9
 0002:00002AFC 00000014 C=BSS      S=.bss     G=DGROUP   M=WinHelpViewer ACBP=A9
 0002:00002B10 00000080 C=BSS      S=.bss     G=DGROUP   M=Controls ACBP=A9
 0002:00002B90 00000004 C=BSS      S=.bss     G=DGROUP   M=ActnList ACBP=A9
 0002:00002B94 0000000C C=BSS      S=.bss     G=DGROUP   M=ImgList  ACBP=A9
 0002:00002BA0 00000010 C=BSS      S=.bss     G=DGROUP   M=Menus    ACBP=A9
 0002:00002BB0 00000020 C=BSS      S=.bss     G=DGROUP   M=Forms    ACBP=A9
 0002:00002BD0 00000004 C=BSS      S=.bss     G=DGROUP   M=PPSDK    ACBP=A9
 0002:00002BD4 00000004 C=BSS      S=.bss     G=DGROUP   M=WinSock  ACBP=A9
 0002:00002BD8 00000004 C=BSS      S=.bss     G=DGROUP   M=superobject ACBP=A9
 0002:00002BDC 00000008 C=BSS      S=.bss     G=DGROUP   M=PPDemo_Unt ACBP=A9


  Address         Publics by Name

 0002:00002B04       .1
 0002:00002AC8       .1
 0002:00002678       .1
 0002:0000267C       .1
 0002:00002A88       .1
 0002:00002A78       .1
 0002:00002A64       .1
 0002:00002BD4       .1
 0002:00002A60       .1
 0002:00002BD0       .1
 0002:0000283C       .1
 0002:00002A5C       .1
 0002:00002A58       .1
 0002:00002A54       .1
 0002:00002670       .1
 0002:00002A50       .1
 0002:00002888       .1
 0002:00002668       .1
 0002:00002A4C       .1
 0002:00002A44       .1
 0002:00002A34       .1
 0002:00002960       .1
 0002:000028F4       .1
 0002:0000292C       .1
 0002:00002918       .1
 0002:00002A68       .11
 0002:00002A74       .12
 0002:00002890       .12
 0002:00002BE0       .2
 0002:000028EC       .2
 0002:00002930       .2
 0002:00002A80       .2
 0002:00002AEC       .2
 0002:000028F0       .21
 0002:00002B94       .3
 0002:00002674       .3
 0002:00002ABC       .3
 0002:0000293C       .3
 0002:00002938       .3
 0002:00002844       .3
 0002:00002790       .35
 0002:00002ADC       .36
 0002:00002A8C       .4
 0002:00002A48       .4
 0002:00002BB8       .41
 0002:00002AF4       .42
 0002:00002854       .45
 0002:000025B8       .5
 0002:00002AC4       .5
 0002:000027F8       .5
 0002:00002974       .6
 0002:00002840       .6
 0002:00002B18       .72
 0002:00002ACC       .72
 0002:00002AF8       .73
 0002:00002AC0       .8
 0002:00002B90       .8
 0002:00002AD8       .8
 0002:0000281C       .81
 0002:00002BD8       .81
 0002:00002BA8       .9
 0001:00001A88       @AbstractError
 0001:000026AC       @AfterConstruction
 0001:000024F8       @AsClass
 0001:00001BF0       @AStrCmp
 0001:000026BC       @BeforeDestruction
 0001:00002544       @CallDynaInst
 0001:00002654       @ClassCreate
 0001:000026A4       @ClassDestroy
 0001:00001AF8       @Close
 0001:00001864       @Copy
 0001:00003DF0       @CopyArray
 0001:00003CD4       @CopyRecord
 0001:00003EE4       @DispCallByIDError
 0001:0000ECB4       @DispInvokeError
 0001:00002B38       @DoneExcept
 0001:00004518       @DynArrayAsg
 0001:000044DC       @DynArrayClear
 0001:0000431C       @DynArrayHigh
 0001:00004314       @DynArrayLength
 0001:000044D0       @DynArraySetLength
 0001:00002C20       @ExceptionHandler
 0001:00001C60       @FillChar
 0001:00003CB0       @Finalize
 0001:00003BC4       @FinalizeArray
 0001:00003B78       @FinalizeRecord
 0001:00002284       @FpuInit
 0001:000021C0       @FpuMaskInit
 0001:000016EC       @FreeMem
 0001:000016CC       @GetMem
 0001:000052B8       @GetTls
 0001:00003068       @Halt
 0001:00002F90       @Halt0
 0001:000027D0       @HandleAnyException
 0001:00002A84       @HandleFinally
 0001:000028FC       @HandleOnException
 0001:00005304       @InitExe
 0001:00003AE4       @InitializeArray
 0001:00003AB4       @InitializeRecord
 0001:00002E54       @InitImports
 0001:00002E2C       @InitResStringImports
 0001:00002E08       @InitResStrings
 0001:00004BFC       @IntfAddRef
 0001:00004BCC       @IntfCast
 0001:00004B88       @IntfClear
 0001:00004BA0       @IntfCopy
 0001:000024D4       @IsClass
 0001:00002190       @isNECWindows
 0001:00003530       @LStrAddRef
 0001:000030A4       @LStrArrayClr
 0001:000030D4       @LStrAsg
 0001:00003348       @LStrCat
 0001:0000338C       @LStrCat3
 0001:00003400       @LStrCatN
 0001:00003080       @LStrClr
 0001:0000348C       @LStrCmp
 0001:000035A0       @LStrCopy
 0001:000035E0       @LStrDelete
 0001:000032F0       @LStrFromArray
 0001:00003268       @LStrFromChar
 0001:00003278       @LStrFromPChar
 0001:00003170       @LStrFromPCharLen
 0001:000032A8       @LStrFromPWChar
 0001:000031DC       @LStrFromPWCharLen
 0001:000032E4       @LStrFromString
 0001:00003308       @LStrFromWStr
 0001:00003628       @LStrInsert
 0001:00003118       @LStrLAsg
 0001:00003340       @LStrLen
 0001:00003684       @LStrPos
 0001:000036CC       @LStrSetLength
 0001:00003540       @LStrToPChar
 0001:0000331C       @LStrToString
 0001:00003144       @NewAnsiString
 0001:00003738       @NewWideString
 0001:00001EA4       @Pow10
 0001:00001B6C       @PStrCmp
 0001:00001B50       @PStrNCpy
 0001:00002AE4       @RaiseAgain
 0001:00002ABC       @RaiseExcept
 0001:0000170C       @ReallocMem
 0001:00001A7C       @ROUND
 0001:00003074       @RunError
 0001:00001D84       @SetEq
 0001:00001A54       @SetLength
 0001:00002DC8       @StartExe
 0001:000040C8       @Str0Int64
 0001:00004008       @StrInt64
 0001:000002AC       @strlen
 0001:00002B68       @TryFinallyExit
 0001:00003598       @UniqueStringA
 0001:00001D98       @ValExt
 0001:000040E4       @ValInt64
 0001:00001C80       @ValLong
 0001:000103AC       @VarAddRef
 0001:0000EFA0       @VarClear
 0001:0000EFB4       @VarClr
 0001:00003BAC       @VarClr
 0001:0000F2C8       @VarCopy
 0001:00003CBC       @VarCopy
 0001:000102E4       @VarFromBool
 0001:00010334       @VarFromCurr
 0001:0001027C       @VarFromInt
 0001:000102B8       @VarFromInt64
 0001:00010348       @VarFromLStr
 0001:0001030C       @VarFromReal
 0001:00010320       @VarFromTDateTime
 0001:00010374       @VarFromWStr
 0001:0000ED08       @VarNull
 0001:0000F5F4       @VarToLStr
 0001:0000FD1C       @VarToWStr
 0001:00003A94       @WStrAddRef
 0001:00003778       @WStrArrayClr
 0001:0000379C       @WStrAsg
 0001:000038D8       @WStrCat
 0001:00003938       @WStrCatN
 0001:00003760       @WStrClr
 0001:00003980       @WStrCmp
 0001:00003A04       @WStrCopy
 0001:000038AC       @WStrFromLStr
 0001:000037C0       @WStrFromPCharLen
 0001:00003870       @WStrFromPWChar
 0001:0000384C       @WStrFromPWCharLen
 0001:000038CC       @WStrLen
 0001:00003A50       @WStrSetLength
 0001:000038BC       @WStrToPWChar
 0001:00001D60       @_CLenToPasStr
 0001:00001D54       @_CToPasStr
 0001:00001834       @_IOTest
 0001:00003F10       @_lldiv
 0001:00003F8C       @_llmod
 0001:00003EEC       @_llmul
 0001:0000B450       Abort
 0001:0003183C       AbsMin
 0001:0000B888       AbstractErrorHandler
 0002:00002028       AbstractErrorProc
 0002:00000148       AccessMode
 0001:0000179C       AcquireExceptionObject
 0001:00013CEC       ActivateClassGroup
 0001:00005900       ActivateKeyboardLayout
 0002:00002B4C       ActiveDrag
 0001:000116B0       ActiveX
 0001:00044E70       ActnList
 0001:000003D8       AddBlockAfter
 0002:000003BC       AddDataModule
 0001:0000714C       AddExitProc
 0001:00017B4C       AddFinished
 0001:000488A4       AddIn
 0001:00004A1C       AddModuleUnloadProc
 0001:00004A2C       AddModuleUnloadProc
 0001:00017B88       AddNotFinished
 0001:0001879C       AddSubComponentsToLoaded
 0001:00020C50       AdjustColor
 0001:000074A4       AdjustLineBreaks
 0001:00050BC8       Adjustment
 0001:00005908       AdjustWindowRectEx
 0002:00000C68       Alignments
 0002:00000C78       Alignments
 0002:00000A10       Alignments
 0001:00038814       AlignWork
 0001:00059678       AlignWork
 0001:0001C8F8       AllocateHWnd
 0001:000070E0       AllocMem
 0002:000025B0       AllocMemCount
 0002:000025B4       AllocMemSize
 0001:00025274       AllocPatternBitmap
 0001:00005260       AllocTlsBuffer
 0002:00000A54       AnchorAlign
 0002:00000A48       AnimateWindowProc
 0002:00000B50       AnimationStyle
 0001:0000733C       AnsiCompareStr
 0001:00007388       AnsiCompareText
 0001:00007C88       AnsiLastChar
 0001:00005910       AnsiLower
 0001:0000C390       AnsiPos
 0001:0004E190       AnsiSameCaption
 0001:000073D4       AnsiSameText
 0001:000073F8       AnsiStrLIComp
 0001:0000C3DC       AnsiStrPos
 0001:0000C4B4       AnsiStrRScan
 0001:0000C504       AnsiStrScan
 0001:00004FFC       AnsiToUtf8
 0001:0000941C       AppendChars
 0001:0000983C       AppendFormat
 0001:000094A0       AppendNumber
 0001:0000947C       AppendString
 0002:00002BB0       Application
 0002:000003CC       ApplicationHandleException
 0002:000003D4       ApplicationShowException
 0002:00000DA4       AppVisible
 0001:0000B850       AssertErrorHandler
 0002:00002020       AssertErrorProc
 0001:00011054       AssignLongStr
 0001:000114BC       AssignVariant
 0002:00002608       avail
 0001:00007E0C       BackfillGetDiskFreeSpaceEx
 0001:00035188       BackgroundClipped
 0001:0000DC64       BackupVarBoolFromStr
 0001:0000DDE0       BackupVarBStrFromBool
 0001:0000DCE8       BackupVarBStrFromCy
 0001:0000DD64       BackupVarBStrFromDate
 0001:0000DBF0       BackupVarCyFromStr
 0001:0000DB7C       BackupVarDateFromStr
 0001:0000DA20       BackupVarI4FromStr
 0001:0000D9AC       BackupVariantChangeTypeEx
 0001:0000DA94       BackupVarR4FromStr
 0001:0000DB08       BackupVarR8FromStr
 0001:00014118       BeginGlobalLoading
 0001:00005918       BeginPaint
 0001:00020C78       BetterSize
 0001:0004983C       BiDiDraw
 0001:00005750       BitBlt
 0002:00000914       BitBtnCaptions
 0002:00002A90       BitBtnGlyphs
 0002:000006D8       BitmapCanvasList
 0002:000028A8       BitmapImageLock
 0001:0000D9F8       BiUnimplemented
 0002:000003F4       BlockCode
 0002:000025E0       blockDescBlockList
 0002:000025E4       blockDescFreeList
 0002:000003B0       BooleanIdents
 0002:0000032C       BooleanToStringRule
 0001:00007AA8       BoolToStr
 0001:0000F37C       BoolToWStrViaOS
 0002:000009D8       BorderStyles
 0001:00012D54       Bounds
 0001:000053DC       Bounds
 0002:00000C10       Breaks
 0002:000028E0       BrushManager
 0001:0004C9C4       BuildImage
 0002:00000770       ButtonCaptions
 0002:00000744       ButtonNames
 0002:00000C8C       Buttons
 0001:000296EC       Buttons
 0002:00000A40       ButtonStyles
 0001:000202EC       BytesPerScanline
 0001:00020718       ByteSwapColors
 0001:0000C074       ByteToCharIndex
 0001:0000C038       ByteToCharLen
 0001:0000BFD4       ByteType
 0001:0000BF28       ByteTypeTest
 0002:00002B98       CachedComCtrlVer
 0001:0001C7C0       CalcJmpOffset
 0001:00042698       CalcSplitterPos
 0001:00005920       CallNextHookEx
 0001:0000CC90       CallTerminateProcs
 0001:00005928       CallWindowProc
 0001:00032B08       CancelDrag
 0002:000028E4       CanvasList
 0002:00002B60       CanvasList
 0002:00000730       Captions
 0002:00000B0C       CaptureControl
 0002:00000BB0       cBooleanToItemAutoFlag
 0002:00002A7E       CF_COMPONENT
 0002:00002A7C       CF_PICTURE
 0002:00002814       ChangeAnyProc
 0002:000009F0       CharCases
 0001:000031A0       CharFromWChar
 0001:0000C2EC       CharLength
 0001:0000022C       CharNext
 0001:00005930       CharNext
 0001:0001E6B8       CharsetToIdent
 0001:0000C1B0       CharToByteIndex
 0001:0000C228       CharToByteLen
 0001:00005938       CharToOemA
 0001:00021334       CheckBool
 0001:000631F0       CheckEnum
 0001:0000274C       CheckJmp
 0001:0006337C       CheckLength
 0001:00005940       CheckMenuItem
 0001:00063604       CheckRange
 0002:00000C00       Checks
 0001:000187E8       CheckSubComponents
 0001:0001AE6C       CheckSynchronize
 0001:00050498       CheckTaskWindow
 0001:0003278C       CheckUndock
 0001:0000BDFC       CheckWin32Version
 0002:00000330       CInvalidCustomVariantType
 0002:00000BB4       cItemAutoFlagToBoolean
 0002:00000BAC       cItemAutoFlagToMenu
 0001:0001CA9C       Classes
 0001:00013A88       ClassNotFound
 0002:00002810       ClearAnyProc
 0001:0001DE98       ClearColor
 0001:000106E8       ClearVariantTypeList
 0001:00005948       ClientToScreen
 0001:0003F03C       ClientToWindow
 0002:000006D0       ClipboardFormats
 0001:0002957C       Clipbrd
 0001:00005538       CloseHandle
 0002:0000297C       CloseThemeData
 0002:0000203C       CmdLine
 0002:00002038       CmdShow
 0002:00000BA8       cMenuAutoFlagToItem
 0001:0000DA0C       CmpUnimplemented
 0002:00000450       Colors
 0001:0001E450       ColorToIdent
 0002:0000079C       ColorToPretyName
 0001:0001E420       ColorToRGB
 0002:00002AE8       ComCtlVersion
 0001:00029AD4       ComCtrls
 0002:00002BAC       CommandPool
 0001:0002599C       CommCtrl
 0001:00028678       CommDlg
 0001:000006B8       Commit
 0002:00002624       committedRoot
 0001:00047C08       CompareFront
 0001:000072A4       CompareMem
 0001:00007274       CompareStr
 0001:00005540       CompareString
 0001:000072C4       CompareText
 0001:000079AC       CompareWith
 0001:000188F8       ComponentCreated
 0001:00029538       ComStrs
 0001:0001CDC0       Consts
 0001:0002588C       Contnrs
 0002:00002B1E       ControlAtom
 0002:00002B24       ControlAtomString
 0001:000565A8       ControlHasHelp
 0001:00043504       Controls
 0001:0000B1A4       ConvertAddr
 0001:000095A0       ConvertEraString
 0001:00007090       ConvertError
 0001:000070B0       ConvertErrorFmt
 0001:00009724       ConvertYearString
 0001:00004324       CopyArray
 0001:0002202C       CopyBitmap
 0001:00022714       CopyBitmapAsMask
 0001:0002269C       CopyPalette
 0002:00000974       Copyright
 0001:0004B734       CopyToBest
 0001:0000C0F8       CountChars
 0002:000028C0       CounterLock
 0002:00000334       CRangeToType
 0001:0000B788       CreateAssertException
 0001:0000B984       CreateAVObject
 0001:00005758       CreateBitmap
 0001:00005760       CreateBrushIndirect
 0001:00005768       CreateCompatibleBitmap
 0001:00005770       CreateCompatibleDC
 0001:0001898C       CreateComponent
 0001:00005780       CreateDIBitmap
 0001:00005778       CreateDIBSection
 0001:00005548       CreateEvent
 0001:00005550       CreateFile
 0001:00005788       CreateFontIndirect
 0001:00005790       CreateHalftonePalette
 0001:00005950       CreateIcon
 0001:0000B674       CreateInOutError
 0001:00005958       CreateMenu
 0001:00005798       CreatePalette
 0001:000057A0       CreatePenIndirect
 0001:00005960       CreatePopupMenu
 0001:000057A8       CreateSolidBrush
 0001:00020770       CreateSystemPalette
 0001:00005558       CreateThread
 0001:00005F78       CreateWindow
 0001:00005F14       CreateWindowEx
 0002:00000728       CreationControl
 0002:00000A4C       CreationControl
 0002:0000039C       CRelationshipToBoolean
 0002:00000318       CResult
 0002:00000140       cSimpleBoolStrs
 0002:00000348       CText
 0002:00000B48       Ctl3DStyles
 0002:0000261C       curAlloc
 0002:00002688       CurrencyDecimals
 0002:00002684       CurrencyFormat
 0002:00002680       CurrencyString
 0001:000093FC       CurrentYear
 0001:0005DC10       CurrToJson
 0001:00008DFC       CurrToStr
 0001:0000F30C       CurrToWStrViaOS
 0002:00000D28       CursorMap
 0002:00000A5C       Cursors
 0001:00030E40       CursorToIdent
 0002:00000D18       cUseAlpha
 0002:00000D20       cUseColorKey
 0001:000076F4       CvtInt
 0001:00007760       CvtInt64
 0002:00000180       CWNear
 0001:00068310       D7_PP
 0002:00002689       DateSeparator
 0001:0000A0B0       DateTimeToStr
 0001:0000A044       DateTimeToString
 0001:00008EEC       DateTimeToTimeStamp
 0001:0000F344       DateToWStrViaOS
 0001:00009384       DayOfWeek
 0002:0000017C       DCon10
 0002:0000044C       DDBsOnly
 0001:0001C9B4       DeallocateHWnd
 0002:00000028       DebugHook
 0002:00002687       DecimalSeparator
 0001:00009354       DecodeDate
 0001:000091D8       DecodeDateFully
 0001:00008FF4       DecodeTime
 0001:0000074C       Decommit
 0001:00000D68       DecommitFree
 0002:000025F8       decommittedRoot
 0001:0005A538       Default
 0001:00053850       Default
 0002:00000020       Default8087CW
 0002:00000A50       DefaultDockTreeClass
 0002:000025BC       DefaultUserCodePage
 0002:000006A0       DefBrushData
 0002:00000420       DefFontData
 0001:00005968       DefFrameProc
 0002:0000020C       DefLongDayNames
 0002:000001C0       DefLongMonthNames
 0001:00005970       DefMDIChildProc
 0002:00000680       DefPenData
 0002:000001F0       DefShortDayNames
 0002:00000190       DefShortMonthNames
 0001:00005978       DefWindowProc
 0001:00004570       DelayLoadResourceModule
 0001:00000408       DeleteBlock
 0001:00000378       DeleteCriticalSection
 0001:00005560       DeleteCriticalSection
 0001:000057B0       DeleteDC
 0001:00000BB0       DeleteFree
 0001:00005980       DeleteMenu
 0001:000057B8       DeleteObject
 0001:00021ACC       DeselectBitmap
 0001:00005988       DestroyCursor
 0001:00005990       DestroyIcon
 0001:00029610       DestroyLocals
 0001:00005998       DestroyMenu
 0001:000059A0       DestroyWindow
 0001:0002E734       DialogEnumerationTester
 0001:00028DC0       Dialogs
 0002:000006DC       DIBPalSizes
 0002:00000094       dig
 0001:00050284       DisableTaskWindows
 0001:000059A8       DispatchMessage
 0001:00057BB0       DispatchShortCut
 0002:00002000       DispCallByIDProc
 0001:00007074       DivMod
 0001:000286B0       Dlgs
 0001:00038678       DoAlign
 0001:000594FC       DoAlign
 0001:0003DB00       DoCalcConstraints
 0002:00002B54       DockSiteList
 0001:0004C638       DoClick
 0001:0003A37C       DoControlMsg
 0001:00050214       DoDisableWindow
 0001:00031FB0       DoDragOver
 0001:0005E1E4       DoEscape
 0001:00007108       DoExitProc
 0001:000401A4       DoFindControlZone
 0001:00050390       DoFindWindow
 0001:000409BC       DoFindZone
 0001:00040248       DoForEach
 0001:00042230       DoGetNextLimit
 0001:0005E504       DoMinimalEscape
 0001:000501D8       DoneApplication
 0001:00043244       DoneControls
 0001:0000BCF8       DoneExceptions
 0001:00055954       DoNestedActivation
 0001:0001AE1C       DoneThreadSynchronization
 0001:00038228       DoPosition
 0001:000592F8       DoPosition
 0001:00041564       DoPrune
 0001:00041C0C       DoSaveZone
 0001:00041E48       DoSetNewBounds
 0002:000003B8       DotSep
 0001:000215DC       DoWrite
 0001:0004618C       DoWrite
 0001:00015398       DoWrite
 0001:000396CC       DoWriteDesignSize
 0001:00036790       DoWriteIsControl
 0002:00002B38       DragCapture
 0002:00002B2C       DragControl
 0001:0003280C       DragDone
 0001:00031F44       DragFindTarget
 0001:00031F00       DragFindWindow
 0002:00002B50       DragImageList
 0001:00032400       DragInit
 0001:000325A8       DragInitControl
 0002:00002B34       DragInternalObject
 0001:00031E20       DragMessage
 0002:00002B30       DragObject
 0002:00002B5C       DragSave
 0002:00002B44       DragSaveCursor
 0002:00002B3C       DragStartPos
 0002:00002B48       DragThreshold
 0001:000320D0       DragTo
 0001:0005A574       DrawAppIcon
 0001:00041030       DrawCloseButton
 0001:000059B0       DrawEdge
 0001:000059B8       DrawFrameControl
 0001:00041088       DrawGrabberLine
 0001:000059C0       DrawIcon
 0001:000059C8       DrawIconEx
 0002:00000B84       DrawingStyles
 0001:000059D0       DrawMenuBar
 0001:0004DF24       DrawMenuItem
 0001:000059D8       DrawText
 0002:00002980       DrawThemeBackground
 0002:000029A4       DrawThemeEdge
 0002:000029A8       DrawThemeIcon
 0002:00002A2C       DrawThemeParentBackground
 0002:00002984       DrawThemeText
 0001:00020144       DupBits
 0001:0000433C       DynArrayClear
 0001:00004344       DynArraySetLength
 0002:00000C70       EdgeStyle
 0002:00000B38       EdgeStyles
 0001:0000B638       EHeapException.FreeInstance
 0002:00000A0C       Empty
 0002:000027FC       EmptyParam
 0002:000000C4       EmptyStr
 0002:000000C8       EmptyWideStr
 0001:000059E0       EnableMenuItem
 0002:00000C08       Enables
 0001:000059E8       EnableScrollBar
 0001:0005033C       EnableTaskWindows
 0002:00002A14       EnableThemeDialogTexture
 0002:00002A30       EnableTheming
 0001:000059F0       EnableWindow
 0001:0000919C       EncodeDate
 0001:00008FB0       EncodeTime
 0001:000141C8       EndGlobalLoading
 0001:000059F8       EndPaint
 0002:00000E1C       ENDSTR_A
 0002:00000E20       ENDSTR_B
 0001:00005568       EnterCriticalSection
 0001:00000368       EnterCriticalSection
 0001:00005570       EnumCalendarInfoA
 0002:00002914       EnumDisplayMonitors
 0001:0000AD64       EnumEraNames
 0001:0000ADB0       EnumEraYearOffsets
 0001:00053F60       EnumMonitorsProc
 0001:00005A00       EnumThreadWindows
 0001:00017F78       EnumValue
 0001:00005A08       EnumWindows
 0001:00005A10       EqualRect
 0002:00002750       EraNames
 0001:0000A400       EraToYear
 0002:0000276C       EraYearOffsets
 0002:0000006C       errCaption
 0001:000175A8       Error
 0001:00047910       Error
 0001:00013558       Error
 0001:00001828       Error
 0002:00000004       ErrorAddr
 0001:000017DC       ErrorAt
 0001:0000B718       ErrorHandler
 0002:00000228       ErrorMap
 0002:00002008       ErrorProc
 0002:000023E4       ErrOutput
 0002:00000DB0       ESC_BS
 0002:00000DB8       ESC_CR
 0002:00000DC0       ESC_FF
 0002:00000DB4       ESC_LF
 0002:00000DC4       ESC_QUOT
 0002:00000DC8       ESC_SL
 0002:00000DCC       ESC_SR
 0002:00000DBC       ESC_TAB
 0002:00000DD0       ESC_ZERO
 0001:0000177C       ExceptAddr
 0002:0000200C       ExceptClsProc
 0001:0000BC48       ExceptHandler
 0001:0000B474       Exception.Create
 0001:0000B4BC       Exception.CreateFmt
 0001:0000B54C       Exception.CreateRes
 0001:0000B594       Exception.CreateResFmt
 0002:0000201C       ExceptionClass
 0001:0000B1B4       ExceptionErrorMessage
 0002:00000260       ExceptMap
 0001:0000175C       ExceptObject
 0002:00002010       ExceptObjProc
 0002:00002004       ExceptProc
 0001:000057C0       ExcludeClipRect
 0002:00000000       ExitCode
 0001:00002ED4       ExitDll
 0002:00002044       ExitProc
 0001:00000234       ExitProcess
 0002:00002024       ExitProcessProc
 0002:0000013C       ExitProcList
 0001:00007DC8       ExpandFileName
 0001:000298DC       ExtActns
 0001:000294D8       ExtCtrls
 0001:00029744       ExtDlgs
 0001:00007D84       ExtractFileName
 0001:00007D44       ExtractFilePath
 0002:0000278C       FalseBoolStrs
 0002:00002A84       FClipboard
 0002:00000170       FCon1E18
 0001:00007C74       FileClose
 0001:00007B74       FileCreate
 0001:00007BA8       FileCreate
 0002:000006D4       FileFormats
 0002:00000008       FileMode
 0001:00007B04       FileOpen
 0001:00007BC8       FileRead
 0002:000003E4       FilerSignature
 0001:00007C38       FileSeek
 0001:00007C00       FileWrite
 0001:00000C98       FillAfterGap
 0001:00000C44       FillBeforeGap
 0001:00000D30       FillerSizeAfterGap
 0001:00000CC0       FillerSizeBeforeGap
 0001:00005A18       FillRect
 0001:0005CD50       Finalization
 0001:0004E298       Finalization
 0001:0000D78C       Finalization
 0001:0005CE30       Finalization
 0001:0002844C       Finalization
 0001:000284C0       Finalization
 0001:000284F8       Finalization
 0001:0005CE70       Finalization
 0001:00028530       Finalization
 0001:00006124       Finalization
 0001:0002DC20       Finalization
 0001:000060EC       Finalization
 0001:00029A5C       Finalization
 0001:0002DAA4       Finalization
 0001:00028568       Finalization
 0001:000285A0       Finalization
 0001:000285D8       Finalization
 0001:00028610       Finalization
 0001:00028648       Finalization
 0001:0000541C       Finalization
 0001:00011680       Finalization
 0001:00028680       Finalization
 0001:00011628       Finalization
 0001:00005348       Finalization
 0001:00027A24       Finalization
 0001:00027814       Finalization
 0001:00028D64       Finalization
 0001:00029490       Finalization
 0001:000274A4       Finalization
 0001:0002746C       Finalization
 0001:00027420       Finalization
 0001:00026224       Finalization
 0001:000261E0       Finalization
 0001:00029508       Finalization
 0001:0000E1D0       Finalization
 0001:0002596C       Finalization
 0001:0002585C       Finalization
 0001:000254E4       Finalization
 0001:000252BC       Finalization
 0001:00029540       Finalization
 0001:00010D40       Finalization
 0001:000295D8       Finalization
 0001:00010B34       Finalization
 0001:00046958       Finalization
 0001:0002EA34       Finalization
 0001:000296B4       Finalization
 0001:00066ED4       Finalization
 0001:00005118       Finalization
 0001:0001CD90       Finalization
 0001:00044E40       Finalization
 0001:0004349C       Finalization
 0001:0001C9EC       Finalization
 0001:000680B8       Finalization
 0001:000298E8       Finalization
 0001:00029714       Finalization
 0001:0002A678       Finalization
 0001:0002988C       Finalization
 0001:00029764       Finalization
 0001:00029830       Finalization
 0001:000297CC       Finalization
 0001:000680F0       Finalization
 0001:0000644C       Finalization
 0001:00004334       FinalizeArray
 0001:00002D08       FinalizeUnits
 0001:0004C318       Find
 0001:000045E0       FindBS
 0001:00013B50       FindClass
 0001:00004568       FindClassHInstance
 0001:00000244       FindClose
 0001:00000C14       FindCommitted
 0001:00030BE8       FindControl
 0001:00040C34       FindControlAtPos
 0001:0001098C       FindCustomVariantType
 0001:00010A44       FindCustomVariantType
 0001:00062910       FindDataType
 0001:00032B70       FindDragTarget
 0001:00018B40       FindExistingComponent
 0001:0000024C       FindFirstFile
 0001:00013FE4       FindGlobalComponent
 0001:000504F8       FindGlobalComponent
 0002:00002860       FindGlobalComponentProcs
 0001:00004540       FindHInstance
 0001:00013E34       FindIdentToInt
 0001:00062B98       FindInheritedField
 0001:000627C8       FindInheritedProperty
 0002:00002A70       FindMsg
 0001:00017A44       FindNestedComponent
 0001:000478C0       FindPopupControl
 0001:0000DE80       FindProc
 0001:00005578       FindResource
 0001:000045B8       FindResourceHInstance
 0001:0005C470       FindScanline
 0001:00050408       FindTopMostWindow
 0001:00019ADC       FindUniqueName
 0001:00032B20       FindVCLWindow
 0001:00005A20       FindWindow
 0001:0002E798       FindWinHelp
 0001:00021FBC       FixupBitFields
 0002:00000C80       Flags
 0002:0000279C       FLanguages
 0001:00027844       FlatSB
 0002:00002940       FlatSB_EnableScrollBar
 0002:0000294C       FlatSB_GetScrollInfo
 0002:00002950       FlatSB_GetScrollPos
 0002:00002948       FlatSB_GetScrollRange
 0002:00002958       FlatSB_SetScrollInfo
 0002:00002954       FlatSB_SetScrollPos
 0001:000274EC       FlatSB_SetScrollProp
 0002:0000295C       FlatSB_SetScrollRange
 0002:00002944       FlatSB_ShowScrollBar
 0001:00008A8C       FloatToDecimal
 0001:0005DB70       FloatToJson
 0001:00008DCC       FloatToStr
 0001:000087B8       FloatToText
 0001:00001AEC       Flush
 0002:00000184       FMSecsPerDay
 0001:00008698       FmtStr
 0002:00000C9C       FocusCount
 0002:00000C98       FocusMessages
 0002:000005F0       FontCharsets
 0002:000028D8       FontManager
 0001:000504C4       ForegroundTask
 0001:00008670       Format
 0002:0000018C       Format
 0001:00008244       FormatBuf
 0001:00008230       FormatClearStr
 0001:0000A0CC       FormatDateTime
 0001:00008190       FormatError
 0002:00000168       FormatErrorStrs
 0001:00005580       FormatMessage
 0001:000081F8       FormatVarToStr
 0001:0005CDAC       Forms
 0001:00001E9C       FPower10
 0002:00000724       FPrinter
 0001:00005A28       FrameRect
 0001:0000D32C       FreeAndNil
 0001:00000980       FreeCommitted
 0001:00000EA0       FreeCurAlloc
 0001:00032C7C       FreeDeviceContext
 0001:00032D38       FreeDeviceContexts
 0001:0001C710       FreeIntConstList
 0001:00005588       FreeLibrary
 0001:00000254       FreeLibrary
 0001:00021A20       FreeMemoryContexts
 0001:0001C8C4       FreeObjectInstance
 0001:000055A8       FreeResource
 0001:00000600       FreeSpace
 0001:0000CCCC       FreeTerminateProcs
 0001:00027A5C       FreeThemeLibrary
 0002:00002AE4       FRichEditModule
 0001:00020120       GDICheck
 0001:00020074       GDIError
 0001:00001A74       Get8087CW
 0001:000055B0       GetACP
 0001:00005A30       GetActiveWindow
 0001:00059A7C       GetAnimation
 0001:000057C8       GetBitmapBits
 0001:00000380       GetBlockDesc
 0001:000057D0       GetBrushOrgEx
 0001:00005A38       GetCapture
 0001:00030F38       GetCaptureControl
 0001:00013AF8       GetClass
 0001:00005A40       GetClassInfo
 0001:00005A48       GetClassName
 0001:00005A50       GetClientRect
 0001:000057D8       GetClipBox
 0001:0000031C       GetCmdShow
 0001:00045030       GetColor
 0001:000299C0       GetComCtlVersion
 0001:0000025C       GetCommandLine
 0001:000007CC       GetCommitted
 0001:0000085C       GetCommittedAt
 0001:00039E14       GetControlAtPos
 0001:000094F0       GetCount
 0001:000055B8       GetCPInfo
 0001:000057E0       GetCurrentPositionEx
 0001:000055C0       GetCurrentProcessId
 0002:00002A24       GetCurrentThemeName
 0001:000055C8       GetCurrentThreadId
 0001:0000030C       GetCurrentThreadId
 0001:00005E08       GetCurrentTime
 0001:00005A58       GetCursor
 0001:0005C484       GetCursorHeightMargin
 0001:00005A60       GetCursorPos
 0001:00009528       GetDate
 0001:000055D0       GetDateFormat
 0001:0000A2CC       GetDateOrder
 0001:00064890       GetDblCompResult
 0001:00005A68       GetDC
 0001:00005A70       GetDCEx
 0001:000057E8       GetDCOrgEx
 0001:00024E2C       GetDefFontCharSet
 0001:00005A78       GetDesktopWindow
 0001:00005800       GetDeviceCaps
 0001:00021300       GetDIB
 0001:000057F0       GetDIBColorTable
 0001:000057F8       GetDIBits
 0001:0002121C       GetDIBSizes
 0001:000202B0       GetDInColors
 0001:000055D8       GetDiskFreeSpaceA
 0002:00000138       GetDiskFreeSpaceEx
 0001:00042340       GetDockAlign
 0001:00031C4C       GetDockSiteAtPos
 0001:00032000       GetDropCtl
 0001:00002514       GetDynaMethod
 0001:00010DB0       GetEnumNameValue
 0001:00010DFC       GetEnumValue
 0001:0000AE3C       GetEraNamesAndYearOffsets
 0001:0000A39C       GetEraYearOffset
 0001:0000B958       GetExceptionClass
 0001:0000BB68       GetExceptionObject
 0001:00013A7C       GetFieldClassTable
 0001:0000BE38       GetFileVersion
 0001:00005738       GetFileVersionInfo
 0001:00005740       GetFileVersionInfoSize
 0001:00005A80       GetFocus
 0001:0001E708       GetFontData
 0001:00005A88       GetForegroundWindow
 0001:0000C824       GetFormatSettings
 0001:000055E0       GetFullPathName
 0001:0001DAFC       GetHashCode
 0001:000565F8       GetHelpInfo
 0001:000266A8       GetHelpSystem
 0001:00059814       GetHint
 0001:00059864       GetHintControl
 0001:0004E0FC       GetHotkey
 0001:00005A90       GetIconInfo
 0001:00062F30       getInheritedBool
 0001:00062FF8       GetInheritedFieldList
 0001:00064858       GetIntCompResult
 0001:00005AA8       GetKeyboardLayout
 0001:00005AB0       GetKeyboardLayoutList
 0001:00005AB8       GetKeyboardState
 0001:00002188       GetKeyboardType
 0001:00005A98       GetKeyNameText
 0001:00005AA0       GetKeyState
 0001:00005AC0       GetLastActivePopup
 0001:0003FDC4       GetLastChildZone
 0001:000055E8       GetLastError
 0001:0000ABB0       GetLocaleChar
 0001:000055F8       GetLocaleInfo
 0001:00000264       GetLocaleInfo
 0001:0000AB54       GetLocaleStr
 0001:000055F0       GetLocalTime
 0001:00030EE4       GetLongHint
 0001:00005AC8       GetMenu
 0001:00056554       GetMenuHelpContext
 0001:00005AD0       GetMenuItemCount
 0001:00005AD8       GetMenuItemID
 0001:00005AE0       GetMenuItemInfo
 0001:0004A304       GetMenuSize
 0001:00005AE8       GetMenuState
 0001:00005AF0       GetMenuString
 0001:00005600       GetModuleFileName
 0001:0000026C       GetModuleFileName
 0001:00005240       GetModuleHandle
 0001:00000274       GetModuleHandle
 0001:00005608       GetModuleHandle
 0002:00002908       GetMonitorInfo
 0002:0000290C       GetMonitorInfoA
 0002:00002910       GetMonitorInfoW
 0001:0000AC30       GetMonthDayNames
 0001:00062A00       GetNames
 0001:00005AF8       GetNextWindow
 0001:00005808       GetObject
 0001:00010EF4       GetOrdProp
 0001:00005810       GetPaletteEntries
 0001:00001908       GetParamStr
 0001:00005B00       GetParent
 0001:00050728       GetParentForm
 0001:00005818       GetPixel
 0001:00005610       GetProcAddress
 0001:0000027C       GetProcAddress
 0001:00005B08       GetProp
 0001:00010E84       GetPropInfo
 0001:00050D00       GetRealScrollPosition
 0001:00044FF4       GetRGBColor
 0001:00005B10       GetScrollInfo
 0001:00005B18       GetScrollPos
 0001:00005B20       GetScrollRange
 0001:00030E90       GetShortHint
 0001:00000524       GetSpace
 0001:00000588       GetSpaceAt
 0001:00047988       GetSpecialName
 0001:00000284       GetStartupInfo
 0001:00000204       GetStdHandle
 0001:00005618       GetStdHandle
 0001:00005820       GetStockObject
 0001:00005620       GetStringTypeEx
 0001:00005B28       GetSubMenu
 0001:00005B30       GetSysColor
 0001:00005B38       GetSysColorBrush
 0001:00005628       GetSystemInfo
 0001:00005B40       GetSystemMenu
 0002:000028F8       GetSystemMetrics
 0001:00005B48       GetSystemMetrics
 0001:00005828       GetSystemPaletteEntries
 0001:00005830       GetTextExtentPoint32
 0001:00005838       GetTextMetrics
 0002:00002A1C       GetThemeAppProperties
 0002:00002988       GetThemeBackgroundContentRect
 0002:0000298C       GetThemeBackgroundExtent
 0002:0000299C       GetThemeBackgroundRegion
 0002:000029C0       GetThemeBool
 0002:000029B4       GetThemeColor
 0002:00002A28       GetThemeDocumentationProperty
 0002:000029C8       GetThemeEnumValue
 0002:000029E8       GetThemeFilename
 0002:000029D0       GetThemeFont
 0002:000029C4       GetThemeInt
 0002:000029DC       GetThemeIntList
 0002:000029D8       GetThemeMargins
 0002:000029B8       GetThemeMetric
 0002:00002990       GetThemePartSize
 0002:000029CC       GetThemePosition
 0002:000029E0       GetThemePropertyOrigin
 0002:000029D4       GetThemeRect
 0002:000029BC       GetThemeString
 0002:000029F4       GetThemeSysBool
 0002:000029EC       GetThemeSysColor
 0002:000029F0       GetThemeSysColorBrush
 0002:000029FC       GetThemeSysFont
 0002:00002A04       GetThemeSysInt
 0002:000029F8       GetThemeSysSize
 0002:00002A00       GetThemeSysString
 0002:00002994       GetThemeTextExtent
 0002:00002998       GetThemeTextMetrics
 0001:00005630       GetThreadLocale
 0001:0000028C       GetThreadLocale
 0001:00005638       GetTickCount
 0001:00009560       GetTime
 0001:0000526C       GetTlsSize
 0001:0005A164       GetTopMostWindows
 0001:00031088       GetTopParent
 0001:00005B50       GetTopWindow
 0001:00010DA4       GetTypeData
 0001:00005640       GetVersion
 0001:00000314       GetVersion
 0001:00005648       GetVersionEx
 0001:00005B58       GetWindow
 0001:00005B60       GetWindowDC
 0001:00005B68       GetWindowLong
 0001:00005840       GetWindowOrgEx
 0001:00005B70       GetWindowPlacement
 0001:00005B78       GetWindowRect
 0001:00005B80       GetWindowText
 0002:00002A10       GetWindowTheme
 0001:00005B88       GetWindowThreadProcessId
 0001:00005B90       GetWindowThreadProcessId
 0001:00005650       GlobalAddAtom
 0001:00005658       GlobalAlloc
 0001:00005E34       GlobalAllocPtr
 0001:00005660       GlobalDeleteAtom
 0001:00005668       GlobalFindAtom
 0002:00002864       GlobalFixupList
 0001:00017BDC       GlobalFixupReferences
 0001:00005670       GlobalFree
 0001:00005E60       GlobalFreePtr
 0001:00005680       GlobalHandle
 0001:00005678       GlobalLock
 0002:00002848       GlobalNameSpace
 0001:00005688       GlobalReAlloc
 0001:00005E44       GlobalReAllocPtr
 0001:00005690       GlobalUnlock
 0001:00025390       Graphics
 0001:00013C94       GroupDescendentsWith
 0001:000568A0       HandleEdge
 0001:000192EC       HandleException
 0002:00000024       HeapAllocFlags
 0002:000025C4       heapErrorCode
 0002:000025C8       heapLock
 0001:00027460       HelpIntfs
 0002:00002934       HelpManager
 0002:00002A6C       HelpMsg
 0002:00002B08       HelpViewer
 0002:00002B0C       HelpViewerIntf
 0001:0005F2C4       hexdigit
 0002:00000134       HexDisplayPrefix
 0002:000009FC       HideSelections
 0001:000423C8       HideZone
 0002:00002664       HInstance
 0002:00002BC4       HintDoneEvent
 0001:00059960       HintGetMsgHook
 0002:00002BC8       HintHook
 0001:00059900       HintMouseThread
 0002:00002BCC       HintThread
 0002:00002BC0       HintThreadID
 0001:000598AC       HintTimerProc
 0002:00000C90       HintWindowClass
 0002:000029A0       HitTestThemeBackground
 0001:000599A4       HookHintHooks
 0001:00005FD8       HwndMSWheel
 0002:00000C24       IBreaks
 0002:00000C30       IChecks
 0002:00000C38       IDefaults
 0001:0001E6E0       IdentToCharset
 0001:0001E478       IdentToColor
 0001:00030E68       IdentToCursor
 0001:00013EC4       IdentToInt
 0002:00000C40       IEnables
 0001:0004B6F0       IfHotkeyAvailable
 0002:00002B9C       ImageListWriteExProc
 0001:000258AC       ImageList_Add
 0001:000258CC       ImageList_AddIcon
 0001:0002590C       ImageList_BeginDrag
 0001:00025894       ImageList_Create
 0001:0002589C       ImageList_Destroy
 0001:0002591C       ImageList_DragEnter
 0001:00025924       ImageList_DragLeave
 0001:0002592C       ImageList_DragMove
 0001:0002593C       ImageList_DragShowNolock
 0001:000258F4       ImageList_Draw
 0001:000258FC       ImageList_DrawEx
 0001:00025914       ImageList_EndDrag
 0001:000258C4       ImageList_GetBkColor
 0001:00025944       ImageList_GetDragImage
 0001:0002595C       ImageList_GetIconSize
 0001:000258A4       ImageList_GetImageCount
 0001:0002594C       ImageList_Read
 0001:00025904       ImageList_Remove
 0001:000258B4       ImageList_ReplaceIcon
 0001:000258BC       ImageList_SetBkColor
 0001:00025934       ImageList_SetDragCursorImage
 0001:00025964       ImageList_SetIconSize
 0001:00025954       ImageList_Write
 0002:00000B94       Images
 0001:00046988       ImgList
 0001:00026254       Imm
 0002:00000B78       IMM32DLL
 0001:00043218       Imm32IsIME
 0002:00000188       IMSecsPerDay
 0001:0000EFBC       InBounds
 0001:0000ED1C       InBounds
 0001:0000ED4C       Increment
 0001:0000EFEC       Increment
 0001:00005B98       InflateRect
 0001:00062D14       InheritedFieldExist
 0001:000297AC       IniFiles
 0001:00000A0C       InitAllocator
 0001:000259A4       InitAnApi
 0002:00002920       InitApis
 0001:00014234       InitComponent
 0002:00002634       InitContext
 0001:000432CC       InitControls
 0001:00024E84       InitDefFontData
 0001:0000CD00       InitDriveSpacePtr
 0001:0000BC70       InitExceptions
 0001:00027558       InitFlatSB
 0001:00028C14       InitGlobals
 0001:00021070       InitializeBitmapInfoHeader
 0001:00005698       InitializeCriticalSection
 0001:00000360       InitializeCriticalSection
 0002:000025C0       initialized
 0001:00027528       InitializeFlatSB
 0001:000052F8       InitializeModule
 0001:0000DEC4       InitializeVarUtils
 0001:00042E78       InitIMM32
 0001:000142E8       InitInheritedComponent
 0001:0000C5D4       InitLeadBytes
 0001:00026170       InitMultiMonStubs
 0001:0000BD7C       InitPlatformId
 0002:00002040       InitProc
 0001:0005CC90       InitProcs
 0001:00024DEC       InitScreenLogPixels
 0001:0000C678       InitSysLocale
 0001:00027C1C       InitThemeLibrary
 0001:0001ADE4       InitThreadSynchronization
 0001:00005274       InitThreadTLS
 0001:00002D68       InitUnits
 0001:00030AEC       InitWndProc
 0002:00000B18       InnerStyles
 0002:0000204C       Input
 0001:00038160       InsertBefore
 0001:00059264       InsertBefore
 0001:00000E18       InsertFree
 0001:0004B7C4       InsertHotkeyFarEastFormat
 0001:00005BA0       InsertMenu
 0001:00005BA8       InsertMenuItem
 0002:00002880       InstBlockList
 0002:00002884       InstFreeList
 0002:00002858       IntConstList
 0001:0000CD70       InterlockedDecrement
 0001:00000304       InterlockedDecrement
 0001:00005590       InterlockedDecrement
 0001:0000CD7C       InterlockedExchange
 0001:00005598       InterlockedExchange
 0001:0000CD84       InterlockedExchangeAdd
 0001:0000CD64       InterlockedIncrement
 0001:000002FC       InterlockedIncrement
 0001:000055A0       InterlockedIncrement
 0001:0001DA78       InternalDeletePalette
 0001:00001AA4       InternalFlush
 0001:00000C74       InternalFreeMem
 0001:00021240       InternalGetDIB
 0001:000211A4       InternalGetDIBSizes
 0001:00014074       InternalReadComponentRes
 0002:00002AF0       InternalServices
 0001:0000354C       InternalUniqueString
 0001:00005848       IntersectClipRect
 0001:00005BB0       IntersectRect
 0001:00007854       IntToHex
 0001:00013F24       IntToIdent
 0001:00007740       IntToStr
 0001:0000782C       IntToStr
 0001:00005BB8       InvalidateRect
 0001:00020008       InvalidBitmap
 0001:0001FFE8       InvalidGraphic
 0001:00020014       InvalidIcon
 0001:0001FFC8       InvalidOperation
 0001:00012D80       InvalidPoint
 0002:00002798       InvalidPointer
 0001:000023CC       InvokeImplGetter
 0001:000018A8       IOResult
 0002:00000C60       IOwnerDraw
 0002:00000C48       IRadios
 0002:00000C58       IRTL
 0001:000506B0       IsAccel
 0001:0004CDC4       IsAccelChar
 0002:00002A0C       IsAppThemed
 0001:000319A8       IsBeforeTargetWindow
 0001:00005BC0       IsChild
 0002:00002048       IsConsole
 0001:00031E88       IsDelphiHandle
 0001:00005BC8       IsDialogMessage
 0001:0005F31C       IsEndDelimiter
 0002:00000C50       ISeparators
 0001:00005BD0       IsIconic
 0001:0004CE58       IsInitialChar
 0001:00009054       IsLeapYear
 0002:00002034       IsLibrary
 0002:00002049       IsMultiThread
 0001:0003F5EC       IsOrientationSet
 0001:00005BD8       IsRectEmpty
 0001:00031C00       IsSiteChildOfClient
 0002:00002A08       IsThemeActive
 0002:000029B0       IsThemeBackgroundPartiallyTransparent
 0002:00002A18       IsThemeDialogTextureEnabled
 0002:000029AC       IsThemePartDefined
 0001:0001403C       IsUniqueGlobalComponentName
 0002:0000284C       IsUniqueGlobalComponentNameProc
 0001:00007678       IsValidIdent
 0001:0000C654       IsWesternGroup
 0001:00005BE0       IsWindow
 0001:00005BE8       IsWindowEnabled
 0001:00005BF0       IsWindowVisible
 0001:00005BF8       IsZoomed
 0001:00047DC4       Iterate
 0001:00047E30       IterateMenus
 0002:0000002C       JITEnable
 0001:00050644       KeyboardStateToShiftState
 0001:000505FC       KeyDataToShiftState
 0001:000505A0       KeysToShiftState
 0001:00005C00       KillTimer
 0001:00007CD4       LastDelimiter
 0001:000050A4       LCIDToCodePage
 0001:0000C55C       LCIDToCodePage
 0002:00000114       LeadBytes
 0001:00000370       LeaveCriticalSection
 0001:000056A0       LeaveCriticalSection
 0002:00000034       LibModuleList
 0001:00005850       LineTo
 0001:00029918       ListActns
 0001:00032BCC       ListAdd
 0001:00032C04       ListRemove
 0002:0000274E       ListSeparator
 0001:00005C08       LoadBitmap
 0001:00005C10       LoadCursor
 0001:00005C18       LoadIcon
 0001:00005C20       LoadKeyboardLayout
 0001:000056A8       LoadLibrary
 0001:00000294       LoadLibraryEx
 0001:000056B0       LoadResource
 0001:000047AC       LoadResourceModule
 0001:0000504C       LoadResString
 0001:0000029C       LoadString
 0001:00005C28       LoadString
 0001:00005248       LocalAlloc
 0001:00000340       LocalAlloc
 0001:00000348       LocalFree
 0001:0000ABEC       LocalGetLocaleStr
 0002:00002A40       Lock
 0001:000056B8       LockResource
 0002:00002690       LongDateFormat
 0002:00002724       LongDayNames
 0002:000026D8       LongMonthNames
 0002:000026A4       LongTimeFormat
 0001:00007208       LowerCase
 0001:00005730       lstrcpy
 0001:000002A4       lstrcpyn
 0002:00002820       LVarTypes
 0002:00002824       LVarTypeSync
 0002:0000202C       MainInstance
 0002:00002030       MainThreadID
 0001:000003D0       MakeEmpty
 0001:00002E78       MakeErrorMessage
 0002:00000B64       MakeLast
 0001:00005DE0       MakeLong
 0001:0001C7E4       MakeObjectInstance
 0001:00005E74       MakeROP4
 0001:00005EE4       MakeWParam
 0001:0000B8A4       MapException
 0001:00029880       Mapi
 0002:00000950       MAPIDLL
 0002:00000954       MAPIModule
 0001:00002B80       MapToRunError
 0001:00005C30       MapVirtualKey
 0001:00005C38       MapWindowPoints
 0002:00000B9C       Mask
 0001:00005858       MaskBlt
 0001:00025514       Math
 0001:000254B8       Max
 0001:0006561C       max
 0001:0005389C       MaximizedChildren
 0002:0000003C       MemoryManager
 0002:00000BB8       MenuKeyCaps
 0001:0004E308       Menus
 0001:00000420       MergeBlockAfter
 0001:00000EEC       MergeCommit
 0001:0000023C       MessageBox
 0001:00005C40       MessageBox
 0001:00006154       Messages
 0001:0002548C       Min
 0001:0005F2F0       min
 0001:00014BD8       Min
 0001:0003790C       MinVar
 0002:00002928       MMAvailable
 0002:00000B7C       ModeMap
 0001:00055D78       ModifySystemMenu
 0002:000000AC       Module
 0002:00002661       ModuleIsCpp
 0002:00002660       ModuleIsLib
 0001:0001C78C       ModuleUnload
 0002:00000038       ModuleUnloadList
 0002:00002904       MonitorFromPoint
 0002:00002900       MonitorFromRect
 0002:000028FC       MonitorFromWindow
 0002:000000E4       MonthDays
 0002:00002B10       Mouse
 0001:000018C8       Move
 0001:00005860       MoveToEx
 0001:00032C40       MoveWindowOrg
 0001:000056C0       MulDiv
 0001:000002B4       MultiByteToWideChar
 0001:0005C670       MultiLineWidth
 0001:00026210       MultiMon
 0002:00002685       NegCurrFormat
 0001:00000F78       NewCommit
 0001:00000FA4       NewCommitAt
 0002:00002B14       NewStyleControls
 0001:0000C33C       NextCharIndex
 0001:0003F5B8       NextVisibleZone
 0002:000003E8       NilMethod
 0002:00000030       NoErrMsg
 0001:00048F2C       NormalDraw
 0001:00002738       NotifyAnyExcept
 0001:0000270C       NotifyExcept
 0001:0000276C       NotifyExceptFinally
 0001:00014180       NotifyGlobalLoading
 0001:00004AAC       NotifyModuleUnload
 0001:000026E8       NotifyNonDelphiException
 0001:00002724       NotifyOnExcept
 0001:000026CC       NotifyReRaise
 0001:00002794       NotifyTerminate
 0001:000027B0       NotifyUnhandled
 0001:000093B4       Now
 0001:0004C604       NthParentOf
 0001:00010B2C       Null
 0002:00000324       NullAsStringValue
 0002:00000320       NullStrictConvert
 0001:0005DE9C       ObjectFindClose
 0001:0005DD44       ObjectFindFirst
 0001:0005DE0C       ObjectFindNext
 0001:00030BA0       ObjectFromHWnd
 0001:0005DD1C       ObjectGetType
 0001:0005DCE8       ObjectIsType
 0002:00000A04       OEMConverts
 0001:00005C48       OemToAnsi
 0001:00005C50       OffsetRect
 0002:00002978       OpenThemeData
 0002:00000B5C       OrientArray
 0002:00000B28       OuterStyles
 0002:00002794       OutOfMemory
 0001:00020020       OutOfResources
 0002:00002218       Output
 0002:00000328       PackVarCreation
 0002:000006E4       Pal16
 0001:0001DF24       PaletteChanged
 0001:00020944       PaletteFromDIBColorTable
 0001:00020A24       PaletteToDIBColorTable
 0002:000006E0       PalSize
 0001:000019F4       ParamStr
 0001:0003FB94       ParentNotLast
 0002:000009E0       Passwords
 0001:00005868       PatBlt
 0002:000028E8       PatternManager
 0001:00005C58       PeekMessage
 0002:000028DC       PenManager
 0002:000006B0       PenModes
 0002:00000690       PenStyles
 0001:00012CDC       Point
 0001:000053B8       Point
 0001:00013210       PointerInModule
 0001:00039694       PointsEqual
 0001:00005EBC       PointToSmallPoint
 0002:00002BA0       PopupList
 0001:00005C60       PostMessage
 0001:00005C68       PostQuitMessage
 0002:00002BDC       PPDemo_Frm
 0001:000680E8       PPDemo_Unt
 0001:0005CE60       PPSDK
 0001:000274E0       Printers
 0001:00063854       process
 0001:00057950       ProcessExecute
 0001:00050978       ProcessHorz
 0001:00057A80       ProcessUpdate
 0001:000509FC       ProcessVert
 0001:00017F44       PropertyNotFound
 0001:000193EC       PropPathError
 0002:00000CC0       Props
 0001:00017F34       PropValueError
 0001:00005C70       PtInRect
 0002:000000A8       PtrToNil
 0001:00008774       PutExponent
 0001:0005CE10       PYunAPIDestroy
 0001:00067110       PYunAPIEventCallback
 0001:0005CDF0       PYunAPIHookEvent
 0001:0005CDF8       PYunAPIHookRequest
 0001:0005CE20       PYunAPILevel
 0001:0005CE18       PYunAPIReply
 0001:000671FC       PYunAPIRequestCallback
 0001:0005CE00       PYunAPISetOpt
 0001:0005CE08       PYunAPIStart
 0001:0005CE28       PYunAPIVersion
 0002:00002B58       QualifyingSites
 0001:0000B840       RaiseAssertException
 0001:00016B6C       RaiseException
 0001:0000020C       RaiseException
 0002:00002014       RaiseExceptionProc
 0001:0000CBC0       RaiseLastOSError
 0001:00040D80       ReadControlName
 0001:0001A78C       ReadCustomVariant
 0001:00017F14       ReadError
 0001:000056C8       ReadFile
 0001:00020D24       ReadIcon
 0002:000009E8       ReadOnlys
 0001:00005870       RealizePalette
 0001:00018920       Recover
 0001:00005380       Rect
 0001:00012D28       Rect
 0001:00005878       RectVisible
 0001:00005C78       RedrawWindow
 0002:00002818       RefAnyProc
 0002:00002A3C       ReferenceCount
 0001:000002BC       RegCloseKey
 0001:00005520       RegCloseKey
 0002:0000285C       RegGroups
 0001:00005C80       RegisterClass
 0001:00013B7C       RegisterClass
 0001:00005C88       RegisterClipboardFormat
 0001:00031DB0       RegisterDockSite
 0001:00013F80       RegisterFindGlobalComponentProc
 0001:00013DFC       RegisterIntegerConsts
 0001:00004B08       RegisterModule
 0001:00026620       RegisterViewer
 0001:00005C90       RegisterWindowMessage
 0001:00029814       Registry
 0001:00005528       RegOpenKeyEx
 0001:000002C4       RegOpenKeyEx
 0001:000002CC       RegQueryValueEx
 0001:00005530       RegQueryValueEx
 0001:00028598       RegStr
 0001:00005C98       ReleaseCapture
 0001:00005CA0       ReleaseDC
 0002:00000048       reMap
 0002:00002618       remBytes
 0001:00000490       RemoveBlock
 0002:000003C4       RemoveDataModule
 0001:00017DC4       RemoveFixupReferences
 0001:00017E80       RemoveFixups
 0001:0001821C       RemoveGlobalFixup
 0001:00005CA8       RemoveMenu
 0001:00004A24       RemoveModuleUnloadProc
 0001:00004A4C       RemoveModuleUnloadProc
 0001:00005CB0       RemoveProp
 0001:000056D0       ResetEvent
 0001:0001AE38       ResetSyncEvent
 0001:0000142C       ResizeInPlace
 0001:00005880       RestoreDC
 0001:00050158       RestoreFocusState
 0001:0001551C       ReturnAddr
 0001:00047904       ReturnAddr
 0001:000144E4       ReturnAddr
 0001:0000B448       ReturnAddr
 0001:0002066C       RGBQuadToTriple
 0001:000205F8       RGBTripleToQuad
 0001:000284F0       RichEdit
 0002:00002B28       RM_GetObjectInstance
 0002:00002BBC       RM_TaskbarCreated
 0002:00002614       rover
 0002:00000958       RTFConversionFormat
 0001:00010D70       RTLConsts
 0001:00000214       RtlUnwind
 0002:00002018       RTLUnwindProc
 0002:00000074       runErrMsg
 0001:000017D0       RunErrorAt
 0001:0000DE60       SafeArrayCreate
 0001:0000DE68       SafeArrayGetLBound
 0001:0000DE70       SafeArrayGetUBound
 0001:0000DE78       SafeArrayPtrOfIndex
 0001:0000D434       SafeLoadLibrary
 0001:00007318       SameText
 0001:00005888       SaveDC
 0001:00050144       SaveFocusState
 0001:0000A0F0       ScanBlanks
 0001:0000A27C       ScanChar
 0001:0000A468       ScanDate
 0001:0000A130       ScanNumber
 0001:0000A1E4       ScanString
 0001:0000A7FC       ScanTime
 0001:0000A334       ScanToNumber
 0002:00002BB4       Screen
 0002:00002894       ScreenLogPixels
 0001:00005CB8       ScreenToClient
 0002:00000A28       ScrollBar
 0001:00050B84       ScrollBarVisible
 0001:00005CC0       ScrollWindow
 0001:00000FD8       SearchSmallBlocks
 0001:00005890       SelectObject
 0001:00005898       SelectPalette
 0001:0005CE68       send
 0001:00030C58       SendAppMessage
 0001:0005045C       SendFocusMessage
 0001:00005CC8       SendMessage
 0002:00000C1C       Separators
 0001:00001A64       Set8087CW
 0001:00005CD0       SetActiveWindow
 0001:00059AB4       SetAnimation
 0001:000058A0       SetBkColor
 0001:000058A8       SetBkMode
 0001:000058B0       SetBrushOrgEx
 0001:00005CD8       SetCapture
 0001:00030F74       SetCaptureControl
 0001:00005CE0       SetClassLong
 0001:000106B8       SetClearVarToEmptyParam
 0001:00018AA0       SetCompName
 0001:00005CE8       SetCursor
 0001:000058B8       SetDIBColorTable
 0001:000056D8       SetEndOfFile
 0001:000056E0       SetErrorMode
 0001:000056E8       SetEvent
 0001:00002CC0       SetExceptionHandler
 0001:000056F0       SetFilePointer
 0001:0001126C       SetFloatProp
 0001:00005CF0       SetFocus
 0001:00005CF8       SetForegroundWindow
 0001:0004311C       SetImeMode
 0001:00001854       SetInOutRes
 0001:00011550       SetInt64Prop
 0001:0001158C       SetInterfaceProp
 0001:00019704       SetInterfaceReference
 0001:00019614       SetIntIdent
 0002:00000C94       SetLayeredWindowAttributes
 0001:00011070       SetLongStrProp
 0001:00005D00       SetMenu
 0001:00005D08       SetMenuItemInfo
 0001:00011518       SetMethodProp
 0001:00019660       SetObjectIdent
 0001:00010F68       SetOrdProp
 0001:00005D10       SetParent
 0001:000058C0       SetPixel
 0001:00005D18       SetProp
 0001:00005D20       SetRect
 0001:000058C8       SetROP2
 0001:00005D28       SetScrollInfo
 0001:00005D30       SetScrollPos
 0001:00005D38       SetScrollRange
 0001:00010FC4       SetShortStrProp
 0001:00011018       SetShortStrPropAsLongStr
 0001:000058D0       SetStretchBltMode
 0001:00011110       SetStrProp
 0001:00018870       SetSubComponentState
 0001:000058D8       SetTextColor
 0002:00002A20       SetThemeAppProperties
 0001:000056F8       SetThreadLocale
 0001:00005D40       SetTimer
 0001:000106A0       SetVarAsError
 0001:000114D8       SetVariantProp
 0001:000196A8       SetVariantReference
 0001:000058E0       SetViewportOrgEx
 0001:0005C098       SetVisible
 0001:00011168       SetWideStrProp
 0001:000110B0       SetWideStrPropAsLongStr
 0001:00005D48       SetWindowLong
 0001:000058E8       SetWindowOrgEx
 0001:00005D50       SetWindowPlacement
 0001:00005D58       SetWindowPos
 0001:00005D68       SetWindowsHookEx
 0001:00005D60       SetWindowText
 0002:000029E4       SetWindowTheme
 0002:00000154       ShareMode
 0001:00028560       ShellAPI
 0002:00002AE0       ShellModule
 0001:00028640       ShlObj
 0001:00047938       ShortCut
 0002:00002BA4       ShortCutItems
 0001:000479E8       ShortCutToText
 0002:0000268C       ShortDateFormat
 0002:00002708       ShortDayNames
 0002:000026A8       ShortMonthNames
 0002:000026A0       ShortTimeFormat
 0002:00000CF4       ShowCommands
 0002:00000D0C       ShowCommands
 0002:00000D00       ShowCommands
 0001:00005D70       ShowCursor
 0001:0000B36C       ShowException
 0002:00000B10       ShowFlags
 0002:00000DA8       ShowFlags
 0001:0005016C       ShowMDIClientEdge
 0001:00005D78       ShowOwnedPopups
 0001:00005D80       ShowScrollBar
 0001:00005D88       ShowWindow
 0001:00059AE4       ShowWinNoAnimate
 0001:00042464       ShowZone
 0002:00000B70       SizeCursors
 0001:00005700       SizeofResource
 0001:0001A21C       SkipBinary
 0001:0001A250       SkipCollection
 0001:0001A1F0       SkipList
 0001:0000CBB8       Sleep
 0001:00005708       Sleep
 0001:00012D00       SmallPoint
 0001:00005E98       SmallPointToPoint
 0002:00002620       smallTab
 0001:0005DCAC       SO
 0002:000025E8       spaceRoot
 0001:00013C44       StartClassGroup
 0001:0002DC50       StdActns
 0001:0002DAD4       StdCtrls
 0001:0001C7A0       StdWndProc
 0002:0000289C       StockBrush
 0002:000028A0       StockFont
 0002:000028A4       StockIcon
 0002:00002898       StockPen
 0001:000080D8       StrAlloc
 0001:00008104       StrBufSize
 0001:0000C008       StrByteType
 0001:0000C29C       StrCharLength
 0001:0005DAD0       StrComp
 0001:00007FA4       StrComp
 0001:00007EE4       StrCopy
 0001:0000816C       StrDispose
 0001:0004603C       StreamsEqual
 0001:00007EA4       StrEnd
 0001:000058F0       StretchBlt
 0001:000085BC       StrFmt
 0001:00007FC8       StrIComp
 0001:00016970       StringListCompareStrings
 0001:0004E028       StripHotkey
 0001:0005DA54       StrLComp
 0001:00007F0C       StrLCopy
 0001:00007E8C       StrLen
 0001:0005DB30       StrLen
 0001:00008618       StrLFmt
 0001:00008008       StrLIComp
 0001:00007EB8       StrMove
 0001:0000812C       StrNew
 0001:0000C2D0       StrNextChar
 0001:00007F40       StrPCopy
 0001:00007F74       StrPLCopy
 0001:00008084       StrPos
 0001:0000804C       StrScan
 0001:0000787C       StrToInt
 0001:000078BC       StrToIntDef
 0001:00029608       StrUtils
 0002:00000CE8       Styles
 0001:00066F04       superobject
 0002:00000DAC       super_hex_chars
 0001:0000D350       Supports
 0001:0000D38C       Supports
 0002:00002850       SyncEvent
 0002:000003F0       SyncList
 0001:00027A54       SyncObjs
 0001:000002E4       SysAllocStringLen
 0001:0000647C       SysConst
 0002:00000CB8       SysConsts
 0002:00000CB0       SysConsts
 0001:0000AAF0       SysErrorMessage
 0001:00001288       SysFreeMem
 0001:000002F4       SysFreeString
 0001:000010F8       SysGetMem
 0001:00005378       SysInit
 0002:00002740       SysLocale
 0001:00001608       SysReallocMem
 0001:000002EC       SysReAllocStringLen
 0001:0000516C       System
 0002:0000288C       SystemPalette16
 0001:0002089C       SystemPaletteOverride
 0001:00005D90       SystemParametersInfo
 0001:0000D90C       SysUtils
 0001:00044294       TActionLink.IsCaptionLinked
 0001:000442B8       TActionLink.IsCheckedLinked
 0001:000442DC       TActionLink.IsEnabledLinked
 0001:00044300       TActionLink.IsGroupIndexLinked
 0001:00044324       TActionLink.IsHelpContextLinked
 0001:00044348       TActionLink.IsHelpLinked
 0001:0004436C       TActionLink.IsHintLinked
 0001:00044390       TActionLink.IsImageIndexLinked
 0001:000443B4       TActionLink.IsShortCutLinked
 0001:000443D8       TActionLink.IsVisibleLinked
 0001:000443FC       TActionLink.SetAutoCheck
 0001:0004440C       TActionLink.SetCaption
 0001:0004441C       TActionLink.SetChecked
 0001:0004442C       TActionLink.SetEnabled
 0001:0004443C       TActionLink.SetGroupIndex
 0001:0004444C       TActionLink.SetHelpContext
 0001:0004445C       TActionLink.SetHelpKeyword
 0001:0004446C       TActionLink.SetHelpType
 0001:0004447C       TActionLink.SetHint
 0001:0004448C       TActionLink.SetImageIndex
 0001:0004449C       TActionLink.SetShortCut
 0001:000444B0       TActionLink.SetVisible
 0001:0005C748       TApplication.ActivateHint
 0001:0005AF6C       TApplication.BringToFront
 0001:0005C438       TApplication.CancelHint
 0001:0005A448       TApplication.CheckIniChange
 0001:0005A0C0       TApplication.ControlDestroyed
 0001:00059B34       TApplication.Create
 0001:0005B4E0       TApplication.CreateForm
 0001:00059EE4       TApplication.CreateHandle
 0001:00059D84       TApplication.Destroy
 0001:0005CB6C       TApplication.DispatchAction
 0001:0005BCD4       TApplication.DoActionIdle
 0001:0005BD50       TApplication.DoMouseIdle
 0001:0005A1E4       TApplication.DoNormalizeTopMosts
 0001:0005CC18       TApplication.ExecuteAction
 0001:0005CB1C       TApplication.GetCurrentHelpFile
 0001:0005BC3C       TApplication.GetExeName
 0001:0005AD04       TApplication.GetIconHandle
 0001:0005AFC8       TApplication.GetTitle
 0001:0005B68C       TApplication.HandleException
 0001:0005B370       TApplication.HandleMessage
 0001:0005BC14       TApplication.HelpCommand
 0001:0005BB9C       TApplication.HelpContext
 0001:0005BB24       TApplication.HelpKeyword
 0001:0005C3E0       TApplication.HideHint
 0001:0005C264       TApplication.HintMouseMessage
 0001:0005C39C       TApplication.HintTimerExpired
 0001:0005B398       TApplication.HookMainWindow
 0001:0005CD0C       TApplication.HookSynchronizeWakeup
 0001:0005BF70       TApplication.IconChanged
 0001:0005BDFC       TApplication.Idle
 0001:0005B4C0       TApplication.Initialize
 0001:0005B970       TApplication.InvokeHelp
 0001:0005B024       TApplication.IsDlgMsg
 0001:0005B1E4       TApplication.IsHintMsg
 0001:0005B0D0       TApplication.IsKeyMsg
 0001:0005B064       TApplication.IsMDIMsg
 0001:0005B228       TApplication.IsShortCut
 0001:0005B72C       TApplication.MessageBox
 0001:0005AD3C       TApplication.Minimize
 0001:0005A2F4       TApplication.ModalFinished
 0001:0005A2B4       TApplication.ModalStarted
 0001:0005A348       TApplication.NormalizeAllTopMosts
 0001:0005A334       TApplication.NormalizeTopMosts
 0001:0005BF20       TApplication.NotifyForms
 0001:0005B2A8       TApplication.ProcessMessage
 0001:0005AE28       TApplication.Restore
 0001:0005A35C       TApplication.RestoreTopMosts
 0001:0005B574       TApplication.Run
 0001:0005BFEC       TApplication.SetHint
 0001:0005BC58       TApplication.SetShowHint
 0001:0005A4B8       TApplication.SettingChange
 0001:0005B894       TApplication.ShowException
 0001:0005C1D4       TApplication.StartHintTimer
 0001:0005C22C       TApplication.StopHintTimer
 0001:0005B670       TApplication.Terminate
 0001:0005B410       TApplication.UnhookMainWindow
 0001:0005CD28       TApplication.UnhookSynchronizeWakeup
 0001:0005CC54       TApplication.UpdateAction
 0001:0005C0F8       TApplication.UpdateVisible
 0001:0005A418       TApplication.UseRightToLeftAlignment
 0001:0005A3E8       TApplication.UseRightToLeftReading
 0001:0005C198       TApplication.ValidateHelpSystem
 0001:0005CCE8       TApplication.WakeMainThread
 0001:0005A5C0       TApplication.WndProc
 0002:00000CA0       TaskActiveWindow
 0002:00000CA8       TaskFirstTopMost
 0002:00000CA4       TaskFirstWindow
 0002:00000CAC       TaskWindowList
 0001:00031564       TBaseDragControlObject.Assign
 0001:00031520       TBaseDragControlObject.Create
 0001:000315A0       TBaseDragControlObject.EndDrag
 0001:000315D0       TBaseDragControlObject.Finished
 0001:0001C040       TBasicAction.Change
 0001:0001BE18       TBasicAction.Create
 0001:0001BE74       TBasicAction.Destroy
 0001:0001BF60       TBasicAction.Execute
 0001:0001BF04       TBasicAction.ExecuteTarget
 0001:0001BEEC       TBasicAction.HandlesTarget
 0001:0001BF14       TBasicAction.Notification
 0001:0001C064       TBasicAction.RegisterChanges
 0001:0001C0E8       TBasicAction.SetActionComponent
 0001:0001BFC8       TBasicAction.SetOnExecute
 0001:0001C08C       TBasicAction.UnRegisterChanges
 0001:0001BF94       TBasicAction.Update
 0001:0001BF50       TBasicAction.UpdateTarget
 0001:0001BCD4       TBasicActionLink.AssignClient
 0001:0001BD2C       TBasicActionLink.Change
 0001:0001BC84       TBasicActionLink.Create
 0001:0001BCE4       TBasicActionLink.Destroy
 0001:0001BD54       TBasicActionLink.Execute
 0001:0001BDD8       TBasicActionLink.IsOnExecuteLinked
 0001:0001BD8C       TBasicActionLink.SetAction
 0001:0001BDEC       TBasicActionLink.SetOnExecute
 0001:0001BDF8       TBasicActionLink.Update
 0001:00022A0C       TBitmap.Assign
 0001:00022C1C       TBitmap.Changed
 0001:00022BE0       TBitmap.Changing
 0001:00022B0C       TBitmap.CopyImage
 0001:00022940       TBitmap.Create
 0001:000229BC       TBitmap.Destroy
 0001:00023278       TBitmap.DIBNeeded
 0001:00022C40       TBitmap.Dormant
 0001:00022CC8       TBitmap.Draw
 0001:0002334C       TBitmap.FreeContext
 0001:00022F6C       TBitmap.FreeImage
 0001:0002304C       TBitmap.GetCanvas
 0001:0002300C       TBitmap.GetEmpty
 0001:000230BC       TBitmap.GetHandle
 0001:000230F4       TBitmap.GetHandleType
 0001:0002314C       TBitmap.GetHeight
 0001:00023170       TBitmap.GetMaskHandle
 0001:00023194       TBitmap.GetMonochrome
 0001:000231D0       TBitmap.GetPalette
 0001:000231F4       TBitmap.GetTransparentColor
 0001:0002325C       TBitmap.GetWidth
 0001:0002336C       TBitmap.HandleNeeded
 0001:000235D8       TBitmap.LoadFromClipboardFormat
 0001:00023670       TBitmap.LoadFromStream
 0001:00023430       TBitmap.MaskHandleNeeded
 0001:000236A0       TBitmap.NewImage
 0001:000234C8       TBitmap.PaletteNeeded
 0001:000237AC       TBitmap.ReadData
 0001:000237DC       TBitmap.ReadDIB
 0001:00023DA8       TBitmap.ReadStream
 0001:000246F0       TBitmap.SaveToClipboardFormat
 0001:000246D0       TBitmap.SaveToStream
 0001:00023E20       TBitmap.SetHandle
 0001:00023F0C       TBitmap.SetHandleType
 0001:000240D8       TBitmap.SetHeight
 0001:00024148       TBitmap.SetMonochrome
 0001:000241F4       TBitmap.SetPalette
 0001:00024300       TBitmap.SetWidth
 0001:00024370       TBitmap.WriteData
 0001:00024390       TBitmap.WriteStream
 0001:00021B68       TBitmapCanvas.Create
 0001:00021CA4       TBitmapCanvas.CreateHandle
 0001:00021BB8       TBitmapCanvas.Destroy
 0001:00021BF4       TBitmapCanvas.FreeContext
 0001:00021DF0       TBitmapImage.Destroy
 0001:00021E70       TBitmapImage.FreeHandle
 0001:00014B78       TBits.Destroy
 0001:00014BB4       TBits.Error
 0001:00014D00       TBits.OpenBit
 0001:00014CD4       TBits.SetBit
 0001:00014C00       TBits.SetSize
 0001:0001F218       TBrush.Assign
 0001:0001F198       TBrush.Create
 0001:0001F1E4       TBrush.Destroy
 0001:0001F380       TBrush.GetColor
 0001:0001F2C0       TBrush.GetData
 0001:0001F3D4       TBrush.GetHandle
 0001:0001F4C8       TBrush.GetStyle
 0001:0001F34C       TBrush.SetBitmap
 0001:0001F39C       TBrush.SetColor
 0001:0001F2F8       TBrush.SetData
 0001:0001F4E4       TBrush.SetStyle
 0001:0002D6E0       TButton.Click
 0001:0002D90C       TButton.CMDialogChar
 0001:0002D880       TButton.CMDialogKey
 0001:0002D9A0       TButton.CMFocusChanged
 0001:0002D858       TButton.CNCommand
 0001:0002DA48       TButton.CNCtlColorBtn
 0001:0002D664       TButton.Create
 0001:0002D7E8       TButton.CreateParams
 0001:0002D834       TButton.CreateWnd
 0001:0002D72C       TButton.SetButtonStyle
 0001:0002D794       TButton.SetDefault
 0001:0002D718       TButton.UseRightToLeftAlignment
 0001:0002DA10       TButton.WMEraseBkgnd
 0001:0002D2EC       TButtonActionLink.AssignClient
 0001:0002D31C       TButtonActionLink.IsCheckedLinked
 0001:0002D36C       TButtonActionLink.SetChecked
 0001:0002D440       TButtonControl.ActionChange
 0001:0002D568       TButtonControl.CNCtlColorStatic
 0001:0002D3D8       TButtonControl.Create
 0001:0002D5FC       TButtonControl.CreateParams
 0001:0002D49C       TButtonControl.GetActionLinkClass
 0001:0002D4B4       TButtonControl.GetChecked
 0001:0002D4C8       TButtonControl.SetChecked
 0001:0002D630       TButtonControl.SetWordWrap
 0001:0002D5C4       TButtonControl.WMEraseBkGnd
 0001:0002D4D8       TButtonControl.WndProc
 0001:0001FF94       TCanvas.BrushChanged
 0001:0001FDE4       TCanvas.Changed
 0001:0001FDC0       TCanvas.Changing
 0001:0001F6A8       TCanvas.CopyRect
 0001:0001F520       TCanvas.Create
 0001:0001FE8C       TCanvas.CreateBrush
 0001:0001FE08       TCanvas.CreateFont
 0001:0001FCA4       TCanvas.CreateHandle
 0001:0001FE48       TCanvas.CreatePen
 0001:0001FC2C       TCanvas.DeselectHandles
 0001:0001F630       TCanvas.Destroy
 0001:0001F758       TCanvas.Draw
 0001:0001F81C       TCanvas.FillRect
 0001:0001FF2C       TCanvas.FontChanged
[...]
  4946 0001:00063C36  4947 0001:00063C43  4950 0001:00063C5B  4953 0001:00063C6B
  4954 0001:00063C80  4955 0001:00063C8A  4958 0001:00063CA2  4959 0001:00063CC0
  4958 0001:00063D27  4960 0001:00063D2C  4963 0001:00063D48  4964 0001:00063D67
  4965 0001:00063D75  4967 0001:00063D97  4968 0001:00063DBB  4970 0001:00063DC7
  4971 0001:00063DE4  4973 0001:00063DF3  4974 0001:00063DF7  4975 0001:00063E00
  4978 0001:00063E46  4965 0001:00063E49  4980 0001:00063E5F  4985 0001:00063E6F
  4987 0001:00063E84  4988 0001:00063EA3  4989 0001:00063EB1  4990 0001:00063EC1
  4991 0001:00063EDD  4992 0001:00063EEB  4993 0001:00063EF3  4994 0001:00063EFE
  4996 0001:00063F08  4998 0001:00063F2F  4999 0001:00063F4E  5000 0001:00063F5C
  5002 0001:00063F7E  5003 0001:00063F94  5005 0001:00063F9E  5006 0001:00063FC5
  5007 0001:00063FD5  5008 0001:00063FF2  5010 0001:00064001  5011 0001:00064005
  5012 0001:0006400E  5015 0001:0006405A  5000 0001:0006405D  5017 0001:00064073
  5020 0001:00064083  5021 0001:0006408B  4994 0001:00064096  5024 0001:000640AD
  5027 0001:000640CA  5035 0001:000640DA  5036 0001:000640DE  5037 0001:000640E7
  5039 0001:000640FA  5043 0001:00064130  5044 0001:00064134  5045 0001:00064141
  5048 0001:00064159  5052 0001:00064167  5055 0001:00064192  5056 0001:0006419B
  5057 0001:000641AE  5060 0001:000641B7  5066 0001:000641C9  5067 0001:00064202
  5070 0001:0006422D  5071 0001:00064236  5072 0001:00064249  5075 0001:00064252
  5082 0001:00064263  5083 0001:000642A2  5086 0001:000642CA  5087 0001:000642D3
  5088 0001:000642E6  5092 0001:000642EC  5093 0001:000642F5  5094 0001:00064308
  5096 0001:0006430C  5098 0001:00064425  5102 0001:0006448C  5103 0001:000644B8
  5104 0001:000644BC  5105 0001:000644DB  5106 0001:000644FA  5107 0001:00064508
  5108 0001:00064519  5109 0001:0006452A  5110 0001:0006453B  5111 0001:0006454C
  5112 0001:0006455D  5113 0001:0006456E  5114 0001:0006457F  5115 0001:00064590
  5116 0001:000645A1  5118 0001:000645B2  5119 0001:000645C4  5120 0001:000645E2
  5121 0001:00064606  5123 0001:00064628  5124 0001:0006462E  5125 0001:00064638
  5126 0001:0006463F  5119 0001:00064642  5129 0001:00064647  5130 0001:00064655
  5132 0001:00064661  5133 0001:00064667  5134 0001:00064671  5137 0001:00064678
  5140 0001:0006469E  5141 0001:000646A6  5143 0001:000646F4  5146 0001:00064790
  5147 0001:00064794  5148 0001:000647A6  5151 0001:000647AC  5152 0001:000647B0
  5153 0001:000647BF  5154 0001:000647C5  5155 0001:000647D2  5158 0001:000647D8
  5159 0001:000647F7  5160 0001:0006484D  5164 0001:00064858  5165 0001:0006485C
  5166 0001:00064872  5167 0001:00064884  5168 0001:0006488B  5171 0001:00064890
  5172 0001:00064894  5173 0001:000648A8  5174 0001:000648BC  5175 0001:000648C3
  5177 0001:000648CC  5178 0001:000648EF  5180 0001:0006492A  5181 0001:00064965
  5182 0001:0006498D  5183 0001:000649BF  5184 0001:000649FD  5185 0001:00064A2E
  5187 0001:00064A70  5190 0001:00064A79  5191 0001:00064AB4  5192 0001:00064AE1
  5193 0001:00064B08  5194 0001:00064B3D  5195 0001:00064B6D  5197 0001:00064BAF
  5200 0001:00064BB8  5201 0001:00064BF3  5202 0001:00064C2E  5203 0001:00064C63
  5204 0001:00064C92  5205 0001:00064CD0  5207 0001:00064D12  5210 0001:00064D1B
  5211 0001:00064D56  5212 0001:00064D87  5213 0001:00064DB0  5214 0001:00064DE5
  5215 0001:00064E15  5217 0001:00064E54  5220 0001:00064E5A  5225 0001:00064E6B
  5227 0001:00064EAA  5230 0001:00064EB0  5232 0001:00064EE6  5236 0001:00064EF0
  5237 0001:00064EF9  5238 0001:00064F02  5239 0001:00064F0D  5240 0001:00064F15
  5245 0001:00064F1C  5246 0001:00064F38  5247 0001:00064F44  5248 0001:00064F68
  5255 0001:00064F70  5256 0001:00064F8F  5257 0001:00064FC0  5258 0001:00064FD2
  5259 0001:00064FE2  5260 0001:00065007  5265 0001:00065010  5266 0001:00065033
  5267 0001:00065096  5272 0001:000650A0  5273 0001:000650AF  5274 0001:000650E2
  5279 0001:000650EC  5280 0001:0006510F  5281 0001:00065187  5285 0001:00065198
  5286 0001:000651A1  5287 0001:000651AD  5290 0001:000651B4  5291 0001:000651C0
  5292 0001:000651C9  5295 0001:000651D0  5296 0001:000651DC  5297 0001:000651E5
  5302 0001:000651EC  5303 0001:000651F8  5304 0001:00065201  5305 0001:00065212
  5308 0001:00065218  5309 0001:00065228  5311 0001:00065239  5312 0001:0006524D
  5313 0001:0006525E  5314 0001:00065264  5316 0001:0006526F  5318 0001:0006529B
  5321 0001:000652AC  5343 0001:000652B4  5344 0001:000652C0  5345 0001:000652D6
  5347 0001:000652E5  5348 0001:000652EB  5349 0001:00065302  5350 0001:00065313
  5344 0001:00065316  5351 0001:0006531B  5352 0001:00065323  5357 0001:00065328
  5358 0001:00065335  5360 0001:00065342  5361 0001:00065347  5364 0001:0006534E
  5363 0001:00065351  5365 0001:0006536B  5367 0001:00065376  5369 0001:0006537E
  5368 0001:00065381  5371 0001:0006539B  5373 0001:0006539E  5374 0001:000653A6
  5376 0001:000653CF  5377 0001:000653D9  5379 0001:000653E0  5380 0001:000653EF
  5381 0001:0006540E  5382 0001:00065417  5383 0001:0006541D  5384 0001:00065433
  5383 0001:0006544D  5386 0001:00065452  5389 0001:00065458  5390 0001:00065470
  5391 0001:0006547A  5392 0001:00065484  5393 0001:0006548C  5394 0001:000654A0
  5395 0001:000654D1  5398 0001:000654D8  5399 0001:000654E9  5400 0001:000654F3
  5401 0001:000654FE  5402 0001:0006551A  5407 0001:00065520  5408 0001:0006552C
  5410 0001:00065537  5411 0001:00065544  5412 0001:00065551  5413 0001:00065558
  5414 0001:00065569  5415 0001:0006558B  5416 0001:00065594  5419 0001:00065598
  5420 0001:000655A7  5421 0001:000655B2  5422 0001:000655BC  5423 0001:000655D0
  5466 0001:000655D4  5467 0001:000655E3  5468 0001:000655EE  5469 0001:00065602
  5470 0001:00065617  5543 0001:0006561C  5543 0001:00065641  5544 0001:00065648
  5545 0001:00065657  5546 0001:0006565D  5548 0001:00065667  5550 0001:00065678
  5551 0001:00065699  5554 0001:000656AC  5555 0001:000656BC  5556 0001:000656D4
  5557 0001:000656EC  5559 0001:0006570A  5561 0001:00065726  5562 0001:0006572F
  5564 0001:00065744  5567 0001:00065748  5568 0001:00065755  5569 0001:0006576F
  5572 0001:00065774  5573 0001:0006578C  5574 0001:00065796  5575 0001:000657A0
  5576 0001:000657A8  5577 0001:000657D6  5580 0001:000657DC  5581 0001:000657ED
  5582 0001:000657FB  5583 0001:00065804  5584 0001:0006581D  5587 0001:00065824
  5588 0001:00065830  5589 0001:00065844  5592 0001:00065848  5593 0001:0006584F
  5594 0001:0006585A  5595 0001:00065862  5598 0001:00065868  5601 0001:00065871
  5602 0001:00065877  5599 0001:00065889  5604 0001:000658C3  5609 0001:000658C8
  5610 0001:000658D5  5611 0001:000658EF  5614 0001:000658F4  5615 0001:0006590F
  5616 0001:00065919  5617 0001:0006593D  5620 0001:00065944  5621 0001:0006594B
  5622 0001:0006595A  5631 0001:00065960  5632 0001:00065973  5633 0001:00065979
  5635 0001:00065992  5636 0001:0006599B  5637 0001:000659A8  5638 0001:000659B1
  5639 0001:000659BF  5640 0001:000659D2  5639 0001:000659E7  5641 0001:000659EC
  5643 0001:00065A0D  5644 0001:00065A18  5647 0001:00065A2B  5652 0001:00065A30
  5653 0001:00065A40  5654 0001:00065A59  5659 0001:00065A60  5660 0001:00065A6F
  5661 0001:00065A78  5662 0001:00065A84  5665 0001:00065A88  5666 0001:00065A94
  5667 0001:00065AA2  5668 0001:00065AAE  5671 0001:00065AB4  5672 0001:00065ACC
  5673 0001:00065AD6  5674 0001:00065AF9  5677 0001:00065B00  5678 0001:00065B07
  5679 0001:00065B0F  5688 0001:00065B14  5689 0001:00065B26  5693 0001:00065B2C
  5696 0001:00065B4A  5697 0001:00065B53  5698 0001:00065B60  5699 0001:00065B69
  5700 0001:00065B77  5701 0001:00065B8A  5700 0001:00065B9F  5705 0001:00065BA4
  5708 0001:00065BCA  5709 0001:00065BD5  5712 0001:00065BE5  5713 0001:00065BF1
  5716 0001:00065BF8  5717 0001:00065C05  5718 0001:00065C1F  5721 0001:00065C24
  5722 0001:00065C3F  5723 0001:00065C49  5724 0001:00065C52  5725 0001:00065C75
  5728 0001:00065C7C  5729 0001:00065C83  5730 0001:00065C8B  5735 0001:00065C90
  5736 0001:00065CA8  5737 0001:00065CBA  5738 0001:00065CC7  5739 0001:00065CD2
  5740 0001:00065CF5  5743 0001:00065CFC  5744 0001:00065D0D  5745 0001:00065D15
  5746 0001:00065D20  5747 0001:00065D3C  5752 0001:00065D40  5753 0001:00065D49
  5754 0001:00065D57  5753 0001:00065D65  5755 0001:00065D6B  5756 0001:00065D73
  5757 0001:00065D7A  5760 0001:00065D80  5761 0001:00065D8C  5762 0001:00065D9A
  5763 0001:00065DA8  5764 0001:00065DBA  5765 0001:00065DCC  5766 0001:00065DDE
  5767 0001:00065DF0  5768 0001:00065E02  5773 0001:00065E08  5774 0001:00065E20
  5775 0001:00065E28  5776 0001:00065E4B  5779 0001:00065E50  5780 0001:00065E61
  5781 0001:00065E6B  5782 0001:00065E87  5793 0001:00065E8C  5794 0001:00065E98
  5796 0001:00065EA5  5797 0001:00065EAE  5799 0001:00065EBB  5800 0001:00065EC1
  5801 0001:00065ECA  5802 0001:00065ED6  5803 0001:00065EE2  5804 0001:00065EEB
  5805 0001:00065EF4  5806 0001:00065EFD  5808 0001:00065F03  5810 0001:00065F09
  5811 0001:00065F13  5814 0001:00065F1D  5815 0001:00065F27  5817 0001:00065F2F
  5820 0001:00065F3C  5821 0001:00065F44  5825 0001:00065F51  5826 0001:00065F5D
  5827 0001:00065F66  5829 0001:00065F6F  5830 0001:00065F79  5833 0001:00065F85
  5834 0001:00065F8D  5836 0001:00065F95  5842 0001:00065FA0  5843 0001:00065FA9
  5845 0001:00065FB6  5846 0001:00065FBC  5847 0001:00065FC5  5848 0001:00065FD1
  5849 0001:00065FDD  5850 0001:00065FE6  5852 0001:00065FEF  5853 0001:00065FF8
  5855 0001:00065FFE  5857 0001:00066004  5858 0001:0006600E  5861 0001:00066018
  5862 0001:00066022  5864 0001:0006602A  5867 0001:00066034  5868 0001:0006603C
  5872 0001:00066046  5873 0001:00066052  5874 0001:0006605B  5876 0001:00066064
  5877 0001:0006606E  5880 0001:0006607A  5881 0001:00066082  5883 0001:0006608A
  5886 0001:00066090  5887 0001:00066099  5897 0001:000660A0  5898 0001:000660AD
  5899 0001:000660B3  5900 0001:000660BB  5901 0001:000660C3  5902 0001:000660CB
  5904 0001:000660D3  5905 0001:000660DC  5908 0001:000660EA  5909 0001:000660EF
  5910 0001:000660F4  5911 0001:000660F9  5912 0001:000660FE  5913 0001:00066107
  5915 0001:0006610C  5917 0001:00066115  5918 0001:0006611B  5919 0001:00066121
  5921 0001:00066127  5923 0001:00066135  5924 0001:0006614C  5925 0001:00066163
  5927 0001:0006616A  5928 0001:0006617B  5930 0001:00066181  5932 0001:00066187
  5933 0001:00066190  5934 0001:0006619C  5935 0001:000661A5  5936 0001:000661B1
  5937 0001:000661B7  5939 0001:000661BC  5940 0001:000661C2  5942 0001:000661C8
  5943 0001:000661D1  5946 0001:000661DF  5947 0001:000661E8  5949 0001:000661F4
  5950 0001:000661F7  5952 0001:00066201  5953 0001:00066207  5954 0001:00066212
  5956 0001:0006621B  5958 0001:00066221  5959 0001:00066227  5962 0001:00066232
  5963 0001:00066240  5964 0001:00066249  5965 0001:00066250  5966 0001:00066253
  5967 0001:0006625C  5968 0001:00066262  5969 0001:00066267  5970 0001:0006626A
  5971 0001:00066270  5972 0001:0006627B  5973 0001:00066284  5975 0001:00066290
  5976 0001:00066299  5980 0001:0006629E  5981 0001:000662A4  5983 0001:000662AC
  5984 0001:000662BA  5985 0001:000662C3  5986 0001:000662CA  5987 0001:000662CD
  5989 0001:000662D3  5990 0001:000662DD  5993 0001:000662E8  5994 0001:000662F2
  5981 0001:000662FB  5998 0001:00066303  6000 0001:00066309  6001 0001:00066317
  6002 0001:0006631D  6005 0001:00066328  6006 0001:0006632F  6007 0001:0006633D
  6008 0001:00066346  6009 0001:0006634D  6010 0001:00066353  6011 0001:0006635E
  6015 0001:00066367  6016 0001:00066370  6023 0001:0006637C  6024 0001:0006639F
  6026 0001:000663AF  6027 0001:000663B4  6029 0001:000663BD  6030 0001:000663C3
  6031 0001:000663CC  6032 0001:000663D2  6033 0001:000663DB  6035 0001:000663E0
  6037 0001:000663EA  6038 0001:000663FE  6039 0001:00066412  6041 0001:00066417
  6042 0001:0006641D  6043 0001:00066440  6045 0001:00066446  6047 0001:0006644C
  6048 0001:00066452  6050 0001:00066454  6053 0001:0006645E  6054 0001:00066464
  6055 0001:00066471  6056 0001:00066477  6057 0001:0006647D  6058 0001:00066488
  6035 0001:00066491  6060 0001:0006649B  6061 0001:000664C1  6070 0001:000664C8
  6071 0001:000664D8  6072 0001:000664E8  6073 0001:000664ED  6075 0001:000664F5
  6076 0001:000664FA  6077 0001:00066503  6080 0001:00066508  6082 0001:00066512
  6083 0001:00066526  6084 0001:0006653A  6086 0001:0006653F  6087 0001:00066545
  6088 0001:00066556  6090 0001:0006655C  6091 0001:00066562  6093 0001:00066568
  6094 0001:00066571  6097 0001:0006657F  6098 0001:00066588  6100 0001:00066594
  6101 0001:00066597  6078 0001:0006659D  6103 0001:000665A2  6104 0001:000665A8
  6105 0001:000665AE  6107 0001:000665B4  6109 0001:000665BD  6110 0001:000665C6
  6111 0001:000665D2  6114 0001:000665DB  6115 0001:000665E4  6116 0001:000665F0
  6118 0001:000665F7  6120 0001:000665FA  6122 0001:00066600  6124 0001:00066603
  6125 0001:00066609  6126 0001:0006660F  6128 0001:00066615  6129 0001:0006661E
  6132 0001:0006662C  6133 0001:00066635  6135 0001:00066641  6136 0001:00066644
  6138 0001:0006664A  6139 0001:00066652  6140 0001:0006665C  6142 0001:00066662
  6143 0001:00066668  6144 0001:00066673  6147 0001:0006667C  6148 0001:00066682
  6149 0001:0006668D  6150 0001:00066693  6151 0001:0006669E  6153 0001:000666A7
  6154 0001:000666AF  6155 0001:000666B7  6157 0001:000666BD  6159 0001:000666C5
  6160 0001:000666D1  6161 0001:000666DD  6162 0001:000666E9  6163 0001:000666EF
  6166 0001:000666FA  6167 0001:00066701  6168 0001:0006670F  6169 0001:0006671A
  6173 0001:00066723  6175 0001:0006672D  6176 0001:00066736  6177 0001:0006673B
  6178 0001:00066740  6180 0001:00066748  6182 0001:00066756  6183 0001:0006675F
  6186 0001:0006676A  6187 0001:00066773  6189 0001:0006677C  6190 0001:0006677F
  6191 0001:00066785  6178 0001:0006678B  6194 0001:00066793  6195 0001:0006679A
  6198 0001:000667A0  6200 0001:000667A6  6201 0001:000667AF  6202 0001:000667B5
  6203 0001:000667BA  6204 0001:000667BD  6206 0001:000667C9  6207 0001:000667D7
  6209 0001:000667E2  6210 0001:000667EB  6212 0001:000667F8  6214 0001:000667FE
  6215 0001:00066804  6216 0001:0006680A  6217 0001:0006680D  6218 0001:0006681B
  6219 0001:00066824  6220 0001:0006682B  6222 0001:00066831  6223 0001:0006683A
  6226 0001:00066848  6227 0001:00066851  6196 0001:0006685A  6230 0001:0006685F
  6232 0001:00066868  6234 0001:0006686E  6235 0001:00066879  6236 0001:00066885
  6238 0001:0006688B  6245 0001:00066894  6246 0001:000668B6  6247 0001:000668BF
  6248 0001:000668CE  6250 0001:000668D4  6252 0001:000668DD  6253 0001:000668E6
  6254 0001:000668EF  6255 0001:000668FC  6256 0001:00066902  6260 0001:0006691D
  6261 0001:00066926  6262 0001:00066932  6264 0001:0006693B  6248 0001:00066941
  6266 0001:00066947  6267 0001:0006695D  6266 0001:00066979  6268 0001:0006697E
  6269 0001:000669AE  6274 0001:000669B4  6275 0001:000669C1  6276 0001:000669CA
  6278 0001:000669D0  6280 0001:000669D9  6281 0001:000669E2  6285 0001:000669F1
  6286 0001:000669FA  6287 0001:00066A06  6289 0001:00066A0F  6276 0001:00066A15
  6291 0001:00066A1B  6292 0001:00066A23  6293 0001:00066A2B  6296 0001:00066A30
  6297 0001:00066A3F  6298 0001:00066A5F  6301 0001:00066A64  6302 0001:00066A73
  6303 0001:00066A96  6313 0001:00066A9C  6314 0001:00066AB7  6315 0001:00066AC1
  6316 0001:00066AE5  6375 0001:00066AEC  6376 0001:00066AF5  6377 0001:00066B01
  6378 0001:00066B0B  6379 0001:00066B17  6381 0001:00066B1D  6382 0001:00066B26
  6383 0001:00066B36  6384 0001:00066B3C  6379 0001:00066B45  6386 0001:00066B4B
  6413 0001:00066B54  6414 0001:00066B5D  6416 0001:00066B66  6417 0001:00066B6B
  6419 0001:00066B6D  6420 0001:00066B76  6421 0001:00066B84  6422 0001:00066B97
  6427 0001:00066B9C  6428 0001:00066BA5  6430 0001:00066BB2  6431 0001:00066BBB
  6432 0001:00066BCC  6434 0001:00066BDF  6436 0001:00066BE5  6438 0001:00066BEE
  6439 0001:00066BF8  6441 0001:00066BFA  6442 0001:00066C00  6445 0001:00066C16
  6446 0001:00066C28  6447 0001:00066C38  6450 0001:00066C3E  6451 0001:00066C47
  6453 0001:00066C4D  6454 0001:00066C5F  6455 0001:00066C6F  6448 0001:00066C75
  6459 0001:00066C77  6498 0001:00066C7C  6499 0001:00066C8B  6500 0001:00066C93
  6503 0001:00066C98  6504 0001:00066CA1  6505 0001:00066CB6  6510 0001:00066CBC
  6511 0001:00066CD7  6512 0001:00066CE5  6513 0001:00066CEE  6514 0001:00066D1C
  6517 0001:00066D24  6518 0001:00066D30  6519 0001:00066D3E  6525 0001:00066D44
  6526 0001:00066D50  6527 0001:00066D55  6528 0001:00066D6B  6527 0001:00066D8D
  6529 0001:00066D92  6530 0001:00066D9B  6533 0001:00066DA0  6534 0001:00066DAC
  6535 0001:00066DBA  6582 0001:00066DC0  6583 0001:00066DE3  6585 0001:00066DEC
  6586 0001:00066E0A  6588 0001:00066E14  6589 0001:00066E3F  6607 0001:00066E44
  6608 0001:00066E54  6609 0001:00066E68  6610 0001:00066E6E  6611 0001:00066E7B
  6612 0001:00066E83  6617 0001:00066E8C  6618 0001:00066E9B  6619 0001:00066EBB
  6620 0001:00066EC4  6621 0001:00066ED0  7501 0001:00066F04  7501 0001:00066F0B

Line numbers for PPDemo_Unt(PPDemo_Unt.pas) segment .text

    39 0001:00067110    40 0001:00067113    41 0001:00067126    42 0001:00067143
    43 0001:00067160    44 0001:0006717D    46 0001:00067198    56 0001:000671FC
    57 0001:0006721A    58 0001:00067225    59 0001:0006723B    60 0001:00067264
    62 0001:00067277    63 0001:000672B8    64 0001:000672E1    65 0001:0006730A
    71 0001:00067333    73 0001:0006734B    75 0001:0006735A    76 0001:0006739B
    80 0001:00067434    86 0001:0006752C    98 0001:0006756B   110 0001:00067570
   118 0001:000675B4   119 0001:000675C1   120 0001:000675CE   121 0001:000675DB
   122 0001:000675E8   123 0001:000675F5   124 0001:000675FD   125 0001:00067608
   126 0001:00067610   127 0001:00067629   128 0001:00067652   129 0001:0006766B
   130 0001:00067672   131 0001:00067679   132 0001:0006767E   133 0001:00067683
   134 0001:0006768A   136 0001:0006768F   137 0001:0006769C   138 0001:000676B7
   139 0001:000676C9   140 0001:000676DB   141 0001:000676F6   142 0001:00067711
   143 0001:0006772C   144 0001:00067747   145 0001:00067762   146 0001:0006777D
   147 0001:00067798   148 0001:000677B9   149 0001:000677CC   150 0001:000677DF
   151 0001:000677F2   152 0001:00067805   153 0001:00067818   154 0001:0006782B
   156 0001:0006784A   157 0001:0006785F   158 0001:00067865   160 0001:000678B4
   162 0001:00067968   174 0001:00067C38   176 0001:00067C66   179 0001:00067C80
   181 0001:00067C88   183 0001:00067CBA   185 0001:00067CC0   186 0001:00067CD9
   190 0001:00067CDE   192 0001:00067CE9   196 0001:00067CF4   197 0001:00067D06
   198 0001:00067D0C   200 0001:00067D27   203 0001:00067D40   204 0001:00067D47
   205 0001:00067D58   206 0001:00067D5E   208 0001:00067D79   217 0001:00067D92
   218 0001:00067DB8   219 0001:00067DBE   221 0001:00067DF1   224 0001:00067E0A
   225 0001:00067E12   226 0001:00067E19   227 0001:00067E21   228 0001:00067E29
   229 0001:00067E31   230 0001:00067E4D   231 0001:00067E53   233 0001:00067E6E
   234 0001:00067EB1   237 0001:00068068   238 0001:00068074   239 0001:00068079
   242 0001:00068080   243 0001:0006808C   244 0001:00068097   247 0001:0006809C
   248 0001:000680A8   249 0001:000680AD   250 0001:000680B2   252 0001:000680E8
   252 0001:000680EF

Line numbers for D7_PP(Z:\Developer\4pyun\4pyun-api\4pyun-api-c\4pyun-api-delphi\D7_PP.dpr) segment .text

    10 0001:00068310    11 0001:00068320    12 0001:0006832C    13 0001:00068344
    14 0001:00068350

Bound resource files

c:\program files (x86)\borland\delphi7\Lib\Buttons.res
c:\program files (x86)\borland\delphi7\Lib\ExtDlgs.res
c:\program files (x86)\borland\delphi7\Lib\Controls.res
PPDemo_Unt.dfm
D7_PP.res
D7_PP.drf


Program entry point at 0001:00068310
